20:36:13 **** Incremental Build of configuration Debug for project General_Test2 ****
make all 
Building file: ../src/main.c
Invoking: GNU ARM Cross C Compiler
arm-none-eabi-gcc -mcpu=cortex-m4 -mthumb -mfloat-abi=soft -Og -fmessage-length=0 -fsigned-char -ffunction-sections -fdata-sections -ffreestanding -fno-move-loop-invariants -Wall -Wextra  -g3 -DDEBUG -DUSE_FULL_ASSERT -DTRACE -DOS_USE_TRACE_SEMIHOSTING_DEBUG -DSTM32F446xx -DUSE_HAL_DRIVER -DHSE_VALUE=8000000 -I"../Inc" -I"../system/Inc" -I"../system/Inc/cmsis" -I"../system/Inc/stm32f4-hal" -std=gnu11 -MMD -MP -MF"src/main.d" -MT"src/main.o" -c -o "src/main.o" "../src/main.c"
../src/main.c: In function '_Error_Handler':
../src/main.c:512:28: warning: unused parameter 'file' [-Wunused-parameter]
 void _Error_Handler(char * file, int line)
                            ^
../src/main.c:512:38: warning: unused parameter 'line' [-Wunused-parameter]
 void _Error_Handler(char * file, int line)
                                      ^
../src/main.c: In function 'assert_failed':
../src/main.c:531:29: warning: unused parameter 'file' [-Wunused-parameter]
 void assert_failed(uint8_t* file, uint32_t line)
                             ^
../src/main.c:531:44: warning: unused parameter 'line' [-Wunused-parameter]
 void assert_failed(uint8_t* file, uint32_t line)
                                            ^
Finished building: ../src/main.c
 
Building target: General_Test2.elf
Invoking: GNU ARM Cross C++ Linker
arm-none-eabi-g++ -mcpu=cortex-m4 -mthumb -mfloat-abi=soft -Og -fmessage-length=0 -fsigned-char -ffunction-sections -fdata-sections -ffreestanding -fno-move-loop-invariants -Wall -Wextra  -g3 -T mem.ld -T libs.ld -T sections.ld -nostartfiles -Xlinker --gc-sections -L"../ldscripts" -Wl,-Map,"General_Test2.map" -o "General_Test2.elf"  ./system/src/stm32f4-hal/stm32f4xx_hal.o ./system/src/stm32f4-hal/stm32f4xx_hal_adc.o ./system/src/stm32f4-hal/stm32f4xx_hal_adc_ex.o ./system/src/stm32f4-hal/stm32f4xx_hal_can.o ./system/src/stm32f4-hal/stm32f4xx_hal_cec.o ./system/src/stm32f4-hal/stm32f4xx_hal_cortex.o ./system/src/stm32f4-hal/stm32f4xx_hal_crc.o ./system/src/stm32f4-hal/stm32f4xx_hal_cryp.o ./system/src/stm32f4-hal/stm32f4xx_hal_cryp_ex.o ./system/src/stm32f4-hal/stm32f4xx_hal_dac.o ./system/src/stm32f4-hal/stm32f4xx_hal_dac_ex.o ./system/src/stm32f4-hal/stm32f4xx_hal_dcmi.o ./system/src/stm32f4-hal/stm32f4xx_hal_dcmi_ex.o ./system/src/stm32f4-hal/stm32f4xx_hal_dfsdm.o ./system/src/stm32f4-hal/stm32f4xx_hal_dma.o ./system/src/stm32f4-hal/stm32f4xx_hal_dma2d.o ./system/src/stm32f4-hal/stm32f4xx_hal_dma_ex.o ./system/src/stm32f4-hal/stm32f4xx_hal_dsi.o ./system/src/stm32f4-hal/stm32f4xx_hal_eth.o ./system/src/stm32f4-hal/stm32f4xx_hal_flash.o ./system/src/stm32f4-hal/stm32f4xx_hal_flash_ex.o ./system/src/stm32f4-hal/stm32f4xx_hal_flash_ramfunc.o ./system/src/stm32f4-hal/stm32f4xx_hal_fmpi2c.o ./system/src/stm32f4-hal/stm32f4xx_hal_fmpi2c_ex.o ./system/src/stm32f4-hal/stm32f4xx_hal_gpio.o ./system/src/stm32f4-hal/stm32f4xx_hal_hash.o ./system/src/stm32f4-hal/stm32f4xx_hal_hash_ex.o ./system/src/stm32f4-hal/stm32f4xx_hal_hcd.o ./system/src/stm32f4-hal/stm32f4xx_hal_i2c.o ./system/src/stm32f4-hal/stm32f4xx_hal_i2c_ex.o ./system/src/stm32f4-hal/stm32f4xx_hal_i2s.o ./system/src/stm32f4-hal/stm32f4xx_hal_i2s_ex.o ./system/src/stm32f4-hal/stm32f4xx_hal_irda.o ./system/src/stm32f4-hal/stm32f4xx_hal_iwdg.o ./system/src/stm32f4-hal/stm32f4xx_hal_lptim.o ./system/src/stm32f4-hal/stm32f4xx_hal_ltdc.o ./system/src/stm32f4-hal/stm32f4xx_hal_ltdc_ex.o ./system/src/stm32f4-hal/stm32f4xx_hal_nand.o ./system/src/stm32f4-hal/stm32f4xx_hal_nor.o ./system/src/stm32f4-hal/stm32f4xx_hal_pccard.o ./system/src/stm32f4-hal/stm32f4xx_hal_pcd.o ./system/src/stm32f4-hal/stm32f4xx_hal_pcd_ex.o ./system/src/stm32f4-hal/stm32f4xx_hal_pwr.o ./system/src/stm32f4-hal/stm32f4xx_hal_pwr_ex.o ./system/src/stm32f4-hal/stm32f4xx_hal_qspi.o ./system/src/stm32f4-hal/stm32f4xx_hal_rcc.o ./system/src/stm32f4-hal/stm32f4xx_hal_rcc_ex.o ./system/src/stm32f4-hal/stm32f4xx_hal_rng.o ./system/src/stm32f4-hal/stm32f4xx_hal_rtc.o ./system/src/stm32f4-hal/stm32f4xx_hal_rtc_ex.o ./system/src/stm32f4-hal/stm32f4xx_hal_sai.o ./system/src/stm32f4-hal/stm32f4xx_hal_sai_ex.o ./system/src/stm32f4-hal/stm32f4xx_hal_sd.o ./system/src/stm32f4-hal/stm32f4xx_hal_sdram.o ./system/src/stm32f4-hal/stm32f4xx_hal_smartcard.o ./system/src/stm32f4-hal/stm32f4xx_hal_spdifrx.o ./system/src/stm32f4-hal/stm32f4xx_hal_spi.o ./system/src/stm32f4-hal/stm32f4xx_hal_sram.o ./system/src/stm32f4-hal/stm32f4xx_hal_tim.o ./system/src/stm32f4-hal/stm32f4xx_hal_tim_ex.o ./system/src/stm32f4-hal/stm32f4xx_hal_timebase_tim_template.o ./system/src/stm32f4-hal/stm32f4xx_hal_uart.o ./system/src/stm32f4-hal/stm32f4xx_hal_usart.o ./system/src/stm32f4-hal/stm32f4xx_hal_wwdg.o ./system/src/stm32f4-hal/stm32f4xx_ll_fmc.o ./system/src/stm32f4-hal/stm32f4xx_ll_fsmc.o ./system/src/stm32f4-hal/stm32f4xx_ll_sdmmc.o ./system/src/stm32f4-hal/stm32f4xx_ll_usb.o  ./system/src/newlib/_cxx.o ./system/src/newlib/_exit.o ./system/src/newlib/_sbrk.o ./system/src/newlib/_startup.o ./system/src/newlib/_syscalls.o ./system/src/newlib/assert.o  ./system/src/diag/Trace.o ./system/src/diag/trace_impl.o  ./system/src/cortexm/_initialize_hardware.o ./system/src/cortexm/_reset_hardware.o ./system/src/cortexm/exception_handlers.o  ./system/src/cmsis/vectors_stm32f446xx.o  ./src/_initialize_hardware.o ./src/_write.o ./src/main.o ./src/stm32f4xx_hal_msp.o ./src/stm32f4xx_it.o ./src/system_stm32f4xx.o   
Finished building target: General_Test2.elf
 
Invoking: GNU ARM Cross Create Flash Image
arm-none-eabi-objcopy -O ihex "General_Test2.elf"  "General_Test2.hex"
Finished building: General_Test2.hex
 
Invoking: GNU ARM Cross Print Size
arm-none-eabi-size --format=berkeley "General_Test2.elf"
   text	   data	    bss	    dec	    hex	filename
  32988	   2224	   1016	  36228	   8d84	General_Test2.elf
Finished building: General_Test2.siz
 
20:36:16 **** Incremental Build of configuration Debug for project General_Test2 ****
make all 
Invoking: GNU ARM Cross Print Size
arm-none-eabi-size --format=berkeley "General_Test2.elf"
   text	   data	    bss	    dec	    hex	filename
  32988	   2224	   1016	  36228	   8d84	General_Test2.elf
Finished building: General_Test2.siz
 
