03:09:20 **** Build of configuration Debug for project flight_computer ****
make all 
Building file: ../system/src/stm32f4-hal/stm32f4xx_hal.c
Invoking: GNU ARM Cross C Compiler
arm-none-eabi-gcc -mcpu=cortex-m4 -mthumb -mfloat-abi=soft -Og -fmessage-length=0 -fsigned-char -ffunction-sections -fdata-sections -ffreestanding -fno-move-loop-invariants -Wall -Wextra  -g3 -DDEBUG -DUSE_FULL_ASSERT -DSTM32F446xx -DUSE_HAL_DRIVER -DHSE_VALUE=8000000 -I"../Inc" -I"../system/Inc" -I"../system/Inc/cmsis" -I"../system/Inc/stm32f4-hal" -std=gnu11 -Wno-bad-function-cast -Wno-conversion -Wno-sign-conversion -Wno-unused-parameter -Wno-sign-compare -Wno-missing-prototypes -Wno-missing-declarations -MMD -MP -MF"system/src/stm32f4-hal/stm32f4xx_hal.d" -MT"system/src/stm32f4-hal/stm32f4xx_hal.o" -c -o "system/src/stm32f4-hal/stm32f4xx_hal.o" "../system/src/stm32f4-hal/stm32f4xx_hal.c"
Finished building: ../system/src/stm32f4-hal/stm32f4xx_hal.c
 
Building file: ../system/src/stm32f4-hal/stm32f4xx_hal_adc.c
Invoking: GNU ARM Cross C Compiler
arm-none-eabi-gcc -mcpu=cortex-m4 -mthumb -mfloat-abi=soft -Og -fmessage-length=0 -fsigned-char -ffunction-sections -fdata-sections -ffreestanding -fno-move-loop-invariants -Wall -Wextra  -g3 -DDEBUG -DUSE_FULL_ASSERT -DSTM32F446xx -DUSE_HAL_DRIVER -DHSE_VALUE=8000000 -I"../Inc" -I"../system/Inc" -I"../system/Inc/cmsis" -I"../system/Inc/stm32f4-hal" -std=gnu11 -Wno-bad-function-cast -Wno-conversion -Wno-sign-conversion -Wno-unused-parameter -Wno-sign-compare -Wno-missing-prototypes -Wno-missing-declarations -MMD -MP -MF"system/src/stm32f4-hal/stm32f4xx_hal_adc.d" -MT"system/src/stm32f4-hal/stm32f4xx_hal_adc.o" -c -o "system/src/stm32f4-hal/stm32f4xx_hal_adc.o" "../system/src/stm32f4-hal/stm32f4xx_hal_adc.c"
Finished building: ../system/src/stm32f4-hal/stm32f4xx_hal_adc.c
 
Building file: ../system/src/stm32f4-hal/stm32f4xx_hal_adc_ex.c
Invoking: GNU ARM Cross C Compiler
arm-none-eabi-gcc -mcpu=cortex-m4 -mthumb -mfloat-abi=soft -Og -fmessage-length=0 -fsigned-char -ffunction-sections -fdata-sections -ffreestanding -fno-move-loop-invariants -Wall -Wextra  -g3 -DDEBUG -DUSE_FULL_ASSERT -DSTM32F446xx -DUSE_HAL_DRIVER -DHSE_VALUE=8000000 -I"../Inc" -I"../system/Inc" -I"../system/Inc/cmsis" -I"../system/Inc/stm32f4-hal" -std=gnu11 -Wno-bad-function-cast -Wno-conversion -Wno-sign-conversion -Wno-unused-parameter -Wno-sign-compare -Wno-missing-prototypes -Wno-missing-declarations -MMD -MP -MF"system/src/stm32f4-hal/stm32f4xx_hal_adc_ex.d" -MT"system/src/stm32f4-hal/stm32f4xx_hal_adc_ex.o" -c -o "system/src/stm32f4-hal/stm32f4xx_hal_adc_ex.o" "../system/src/stm32f4-hal/stm32f4xx_hal_adc_ex.c"
Finished building: ../system/src/stm32f4-hal/stm32f4xx_hal_adc_ex.c
 
Building file: ../system/src/stm32f4-hal/stm32f4xx_hal_can.c
Invoking: GNU ARM Cross C Compiler
arm-none-eabi-gcc -mcpu=cortex-m4 -mthumb -mfloat-abi=soft -Og -fmessage-length=0 -fsigned-char -ffunction-sections -fdata-sections -ffreestanding -fno-move-loop-invariants -Wall -Wextra  -g3 -DDEBUG -DUSE_FULL_ASSERT -DSTM32F446xx -DUSE_HAL_DRIVER -DHSE_VALUE=8000000 -I"../Inc" -I"../system/Inc" -I"../system/Inc/cmsis" -I"../system/Inc/stm32f4-hal" -std=gnu11 -Wno-bad-function-cast -Wno-conversion -Wno-sign-conversion -Wno-unused-parameter -Wno-sign-compare -Wno-missing-prototypes -Wno-missing-declarations -MMD -MP -MF"system/src/stm32f4-hal/stm32f4xx_hal_can.d" -MT"system/src/stm32f4-hal/stm32f4xx_hal_can.o" -c -o "system/src/stm32f4-hal/stm32f4xx_hal_can.o" "../system/src/stm32f4-hal/stm32f4xx_hal_can.c"
Finished building: ../system/src/stm32f4-hal/stm32f4xx_hal_can.c
 
Building file: ../system/src/stm32f4-hal/stm32f4xx_hal_cec.c
Invoking: GNU ARM Cross C Compiler
arm-none-eabi-gcc -mcpu=cortex-m4 -mthumb -mfloat-abi=soft -Og -fmessage-length=0 -fsigned-char -ffunction-sections -fdata-sections -ffreestanding -fno-move-loop-invariants -Wall -Wextra  -g3 -DDEBUG -DUSE_FULL_ASSERT -DSTM32F446xx -DUSE_HAL_DRIVER -DHSE_VALUE=8000000 -I"../Inc" -I"../system/Inc" -I"../system/Inc/cmsis" -I"../system/Inc/stm32f4-hal" -std=gnu11 -Wno-bad-function-cast -Wno-conversion -Wno-sign-conversion -Wno-unused-parameter -Wno-sign-compare -Wno-missing-prototypes -Wno-missing-declarations -MMD -MP -MF"system/src/stm32f4-hal/stm32f4xx_hal_cec.d" -MT"system/src/stm32f4-hal/stm32f4xx_hal_cec.o" -c -o "system/src/stm32f4-hal/stm32f4xx_hal_cec.o" "../system/src/stm32f4-hal/stm32f4xx_hal_cec.c"
Finished building: ../system/src/stm32f4-hal/stm32f4xx_hal_cec.c
 
Building file: ../system/src/stm32f4-hal/stm32f4xx_hal_cortex.c
Invoking: GNU ARM Cross C Compiler
arm-none-eabi-gcc -mcpu=cortex-m4 -mthumb -mfloat-abi=soft -Og -fmessage-length=0 -fsigned-char -ffunction-sections -fdata-sections -ffreestanding -fno-move-loop-invariants -Wall -Wextra  -g3 -DDEBUG -DUSE_FULL_ASSERT -DSTM32F446xx -DUSE_HAL_DRIVER -DHSE_VALUE=8000000 -I"../Inc" -I"../system/Inc" -I"../system/Inc/cmsis" -I"../system/Inc/stm32f4-hal" -std=gnu11 -Wno-bad-function-cast -Wno-conversion -Wno-sign-conversion -Wno-unused-parameter -Wno-sign-compare -Wno-missing-prototypes -Wno-missing-declarations -MMD -MP -MF"system/src/stm32f4-hal/stm32f4xx_hal_cortex.d" -MT"system/src/stm32f4-hal/stm32f4xx_hal_cortex.o" -c -o "system/src/stm32f4-hal/stm32f4xx_hal_cortex.o" "../system/src/stm32f4-hal/stm32f4xx_hal_cortex.c"
Finished building: ../system/src/stm32f4-hal/stm32f4xx_hal_cortex.c
 
Building file: ../system/src/stm32f4-hal/stm32f4xx_hal_crc.c
Invoking: GNU ARM Cross C Compiler
arm-none-eabi-gcc -mcpu=cortex-m4 -mthumb -mfloat-abi=soft -Og -fmessage-length=0 -fsigned-char -ffunction-sections -fdata-sections -ffreestanding -fno-move-loop-invariants -Wall -Wextra  -g3 -DDEBUG -DUSE_FULL_ASSERT -DSTM32F446xx -DUSE_HAL_DRIVER -DHSE_VALUE=8000000 -I"../Inc" -I"../system/Inc" -I"../system/Inc/cmsis" -I"../system/Inc/stm32f4-hal" -std=gnu11 -Wno-bad-function-cast -Wno-conversion -Wno-sign-conversion -Wno-unused-parameter -Wno-sign-compare -Wno-missing-prototypes -Wno-missing-declarations -MMD -MP -MF"system/src/stm32f4-hal/stm32f4xx_hal_crc.d" -MT"system/src/stm32f4-hal/stm32f4xx_hal_crc.o" -c -o "system/src/stm32f4-hal/stm32f4xx_hal_crc.o" "../system/src/stm32f4-hal/stm32f4xx_hal_crc.c"
Finished building: ../system/src/stm32f4-hal/stm32f4xx_hal_crc.c
 
Building file: ../system/src/stm32f4-hal/stm32f4xx_hal_cryp.c
Invoking: GNU ARM Cross C Compiler
arm-none-eabi-gcc -mcpu=cortex-m4 -mthumb -mfloat-abi=soft -Og -fmessage-length=0 -fsigned-char -ffunction-sections -fdata-sections -ffreestanding -fno-move-loop-invariants -Wall -Wextra  -g3 -DDEBUG -DUSE_FULL_ASSERT -DSTM32F446xx -DUSE_HAL_DRIVER -DHSE_VALUE=8000000 -I"../Inc" -I"../system/Inc" -I"../system/Inc/cmsis" -I"../system/Inc/stm32f4-hal" -std=gnu11 -Wno-bad-function-cast -Wno-conversion -Wno-sign-conversion -Wno-unused-parameter -Wno-sign-compare -Wno-missing-prototypes -Wno-missing-declarations -MMD -MP -MF"system/src/stm32f4-hal/stm32f4xx_hal_cryp.d" -MT"system/src/stm32f4-hal/stm32f4xx_hal_cryp.o" -c -o "system/src/stm32f4-hal/stm32f4xx_hal_cryp.o" "../system/src/stm32f4-hal/stm32f4xx_hal_cryp.c"
Finished building: ../system/src/stm32f4-hal/stm32f4xx_hal_cryp.c
 
Building file: ../system/src/stm32f4-hal/stm32f4xx_hal_cryp_ex.c
Invoking: GNU ARM Cross C Compiler
arm-none-eabi-gcc -mcpu=cortex-m4 -mthumb -mfloat-abi=soft -Og -fmessage-length=0 -fsigned-char -ffunction-sections -fdata-sections -ffreestanding -fno-move-loop-invariants -Wall -Wextra  -g3 -DDEBUG -DUSE_FULL_ASSERT -DSTM32F446xx -DUSE_HAL_DRIVER -DHSE_VALUE=8000000 -I"../Inc" -I"../system/Inc" -I"../system/Inc/cmsis" -I"../system/Inc/stm32f4-hal" -std=gnu11 -Wno-bad-function-cast -Wno-conversion -Wno-sign-conversion -Wno-unused-parameter -Wno-sign-compare -Wno-missing-prototypes -Wno-missing-declarations -MMD -MP -MF"system/src/stm32f4-hal/stm32f4xx_hal_cryp_ex.d" -MT"system/src/stm32f4-hal/stm32f4xx_hal_cryp_ex.o" -c -o "system/src/stm32f4-hal/stm32f4xx_hal_cryp_ex.o" "../system/src/stm32f4-hal/stm32f4xx_hal_cryp_ex.c"
Finished building: ../system/src/stm32f4-hal/stm32f4xx_hal_cryp_ex.c
 
Building file: ../system/src/stm32f4-hal/stm32f4xx_hal_dac.c
Invoking: GNU ARM Cross C Compiler
arm-none-eabi-gcc -mcpu=cortex-m4 -mthumb -mfloat-abi=soft -Og -fmessage-length=0 -fsigned-char -ffunction-sections -fdata-sections -ffreestanding -fno-move-loop-invariants -Wall -Wextra  -g3 -DDEBUG -DUSE_FULL_ASSERT -DSTM32F446xx -DUSE_HAL_DRIVER -DHSE_VALUE=8000000 -I"../Inc" -I"../system/Inc" -I"../system/Inc/cmsis" -I"../system/Inc/stm32f4-hal" -std=gnu11 -Wno-bad-function-cast -Wno-conversion -Wno-sign-conversion -Wno-unused-parameter -Wno-sign-compare -Wno-missing-prototypes -Wno-missing-declarations -MMD -MP -MF"system/src/stm32f4-hal/stm32f4xx_hal_dac.d" -MT"system/src/stm32f4-hal/stm32f4xx_hal_dac.o" -c -o "system/src/stm32f4-hal/stm32f4xx_hal_dac.o" "../system/src/stm32f4-hal/stm32f4xx_hal_dac.c"
Finished building: ../system/src/stm32f4-hal/stm32f4xx_hal_dac.c
 
Building file: ../system/src/stm32f4-hal/stm32f4xx_hal_dac_ex.c
Invoking: GNU ARM Cross C Compiler
arm-none-eabi-gcc -mcpu=cortex-m4 -mthumb -mfloat-abi=soft -Og -fmessage-length=0 -fsigned-char -ffunction-sections -fdata-sections -ffreestanding -fno-move-loop-invariants -Wall -Wextra  -g3 -DDEBUG -DUSE_FULL_ASSERT -DSTM32F446xx -DUSE_HAL_DRIVER -DHSE_VALUE=8000000 -I"../Inc" -I"../system/Inc" -I"../system/Inc/cmsis" -I"../system/Inc/stm32f4-hal" -std=gnu11 -Wno-bad-function-cast -Wno-conversion -Wno-sign-conversion -Wno-unused-parameter -Wno-sign-compare -Wno-missing-prototypes -Wno-missing-declarations -MMD -MP -MF"system/src/stm32f4-hal/stm32f4xx_hal_dac_ex.d" -MT"system/src/stm32f4-hal/stm32f4xx_hal_dac_ex.o" -c -o "system/src/stm32f4-hal/stm32f4xx_hal_dac_ex.o" "../system/src/stm32f4-hal/stm32f4xx_hal_dac_ex.c"
Finished building: ../system/src/stm32f4-hal/stm32f4xx_hal_dac_ex.c
 
Building file: ../system/src/stm32f4-hal/stm32f4xx_hal_dcmi.c
Invoking: GNU ARM Cross C Compiler
arm-none-eabi-gcc -mcpu=cortex-m4 -mthumb -mfloat-abi=soft -Og -fmessage-length=0 -fsigned-char -ffunction-sections -fdata-sections -ffreestanding -fno-move-loop-invariants -Wall -Wextra  -g3 -DDEBUG -DUSE_FULL_ASSERT -DSTM32F446xx -DUSE_HAL_DRIVER -DHSE_VALUE=8000000 -I"../Inc" -I"../system/Inc" -I"../system/Inc/cmsis" -I"../system/Inc/stm32f4-hal" -std=gnu11 -Wno-bad-function-cast -Wno-conversion -Wno-sign-conversion -Wno-unused-parameter -Wno-sign-compare -Wno-missing-prototypes -Wno-missing-declarations -MMD -MP -MF"system/src/stm32f4-hal/stm32f4xx_hal_dcmi.d" -MT"system/src/stm32f4-hal/stm32f4xx_hal_dcmi.o" -c -o "system/src/stm32f4-hal/stm32f4xx_hal_dcmi.o" "../system/src/stm32f4-hal/stm32f4xx_hal_dcmi.c"
Finished building: ../system/src/stm32f4-hal/stm32f4xx_hal_dcmi.c
 
Building file: ../system/src/stm32f4-hal/stm32f4xx_hal_dcmi_ex.c
Invoking: GNU ARM Cross C Compiler
arm-none-eabi-gcc -mcpu=cortex-m4 -mthumb -mfloat-abi=soft -Og -fmessage-length=0 -fsigned-char -ffunction-sections -fdata-sections -ffreestanding -fno-move-loop-invariants -Wall -Wextra  -g3 -DDEBUG -DUSE_FULL_ASSERT -DSTM32F446xx -DUSE_HAL_DRIVER -DHSE_VALUE=8000000 -I"../Inc" -I"../system/Inc" -I"../system/Inc/cmsis" -I"../system/Inc/stm32f4-hal" -std=gnu11 -Wno-bad-function-cast -Wno-conversion -Wno-sign-conversion -Wno-unused-parameter -Wno-sign-compare -Wno-missing-prototypes -Wno-missing-declarations -MMD -MP -MF"system/src/stm32f4-hal/stm32f4xx_hal_dcmi_ex.d" -MT"system/src/stm32f4-hal/stm32f4xx_hal_dcmi_ex.o" -c -o "system/src/stm32f4-hal/stm32f4xx_hal_dcmi_ex.o" "../system/src/stm32f4-hal/stm32f4xx_hal_dcmi_ex.c"
Finished building: ../system/src/stm32f4-hal/stm32f4xx_hal_dcmi_ex.c
 
Building file: ../system/src/stm32f4-hal/stm32f4xx_hal_dfsdm.c
Invoking: GNU ARM Cross C Compiler
arm-none-eabi-gcc -mcpu=cortex-m4 -mthumb -mfloat-abi=soft -Og -fmessage-length=0 -fsigned-char -ffunction-sections -fdata-sections -ffreestanding -fno-move-loop-invariants -Wall -Wextra  -g3 -DDEBUG -DUSE_FULL_ASSERT -DSTM32F446xx -DUSE_HAL_DRIVER -DHSE_VALUE=8000000 -I"../Inc" -I"../system/Inc" -I"../system/Inc/cmsis" -I"../system/Inc/stm32f4-hal" -std=gnu11 -Wno-bad-function-cast -Wno-conversion -Wno-sign-conversion -Wno-unused-parameter -Wno-sign-compare -Wno-missing-prototypes -Wno-missing-declarations -MMD -MP -MF"system/src/stm32f4-hal/stm32f4xx_hal_dfsdm.d" -MT"system/src/stm32f4-hal/stm32f4xx_hal_dfsdm.o" -c -o "system/src/stm32f4-hal/stm32f4xx_hal_dfsdm.o" "../system/src/stm32f4-hal/stm32f4xx_hal_dfsdm.c"
Finished building: ../system/src/stm32f4-hal/stm32f4xx_hal_dfsdm.c
 
Building file: ../system/src/stm32f4-hal/stm32f4xx_hal_dma.c
Invoking: GNU ARM Cross C Compiler
arm-none-eabi-gcc -mcpu=cortex-m4 -mthumb -mfloat-abi=soft -Og -fmessage-length=0 -fsigned-char -ffunction-sections -fdata-sections -ffreestanding -fno-move-loop-invariants -Wall -Wextra  -g3 -DDEBUG -DUSE_FULL_ASSERT -DSTM32F446xx -DUSE_HAL_DRIVER -DHSE_VALUE=8000000 -I"../Inc" -I"../system/Inc" -I"../system/Inc/cmsis" -I"../system/Inc/stm32f4-hal" -std=gnu11 -Wno-bad-function-cast -Wno-conversion -Wno-sign-conversion -Wno-unused-parameter -Wno-sign-compare -Wno-missing-prototypes -Wno-missing-declarations -MMD -MP -MF"system/src/stm32f4-hal/stm32f4xx_hal_dma.d" -MT"system/src/stm32f4-hal/stm32f4xx_hal_dma.o" -c -o "system/src/stm32f4-hal/stm32f4xx_hal_dma.o" "../system/src/stm32f4-hal/stm32f4xx_hal_dma.c"
Finished building: ../system/src/stm32f4-hal/stm32f4xx_hal_dma.c
 
Building file: ../system/src/stm32f4-hal/stm32f4xx_hal_dma2d.c
Invoking: GNU ARM Cross C Compiler
arm-none-eabi-gcc -mcpu=cortex-m4 -mthumb -mfloat-abi=soft -Og -fmessage-length=0 -fsigned-char -ffunction-sections -fdata-sections -ffreestanding -fno-move-loop-invariants -Wall -Wextra  -g3 -DDEBUG -DUSE_FULL_ASSERT -DSTM32F446xx -DUSE_HAL_DRIVER -DHSE_VALUE=8000000 -I"../Inc" -I"../system/Inc" -I"../system/Inc/cmsis" -I"../system/Inc/stm32f4-hal" -std=gnu11 -Wno-bad-function-cast -Wno-conversion -Wno-sign-conversion -Wno-unused-parameter -Wno-sign-compare -Wno-missing-prototypes -Wno-missing-declarations -MMD -MP -MF"system/src/stm32f4-hal/stm32f4xx_hal_dma2d.d" -MT"system/src/stm32f4-hal/stm32f4xx_hal_dma2d.o" -c -o "system/src/stm32f4-hal/stm32f4xx_hal_dma2d.o" "../system/src/stm32f4-hal/stm32f4xx_hal_dma2d.c"
Finished building: ../system/src/stm32f4-hal/stm32f4xx_hal_dma2d.c
 
Building file: ../system/src/stm32f4-hal/stm32f4xx_hal_dma_ex.c
Invoking: GNU ARM Cross C Compiler
arm-none-eabi-gcc -mcpu=cortex-m4 -mthumb -mfloat-abi=soft -Og -fmessage-length=0 -fsigned-char -ffunction-sections -fdata-sections -ffreestanding -fno-move-loop-invariants -Wall -Wextra  -g3 -DDEBUG -DUSE_FULL_ASSERT -DSTM32F446xx -DUSE_HAL_DRIVER -DHSE_VALUE=8000000 -I"../Inc" -I"../system/Inc" -I"../system/Inc/cmsis" -I"../system/Inc/stm32f4-hal" -std=gnu11 -Wno-bad-function-cast -Wno-conversion -Wno-sign-conversion -Wno-unused-parameter -Wno-sign-compare -Wno-missing-prototypes -Wno-missing-declarations -MMD -MP -MF"system/src/stm32f4-hal/stm32f4xx_hal_dma_ex.d" -MT"system/src/stm32f4-hal/stm32f4xx_hal_dma_ex.o" -c -o "system/src/stm32f4-hal/stm32f4xx_hal_dma_ex.o" "../system/src/stm32f4-hal/stm32f4xx_hal_dma_ex.c"
Finished building: ../system/src/stm32f4-hal/stm32f4xx_hal_dma_ex.c
 
Building file: ../system/src/stm32f4-hal/stm32f4xx_hal_dsi.c
Invoking: GNU ARM Cross C Compiler
arm-none-eabi-gcc -mcpu=cortex-m4 -mthumb -mfloat-abi=soft -Og -fmessage-length=0 -fsigned-char -ffunction-sections -fdata-sections -ffreestanding -fno-move-loop-invariants -Wall -Wextra  -g3 -DDEBUG -DUSE_FULL_ASSERT -DSTM32F446xx -DUSE_HAL_DRIVER -DHSE_VALUE=8000000 -I"../Inc" -I"../system/Inc" -I"../system/Inc/cmsis" -I"../system/Inc/stm32f4-hal" -std=gnu11 -Wno-bad-function-cast -Wno-conversion -Wno-sign-conversion -Wno-unused-parameter -Wno-sign-compare -Wno-missing-prototypes -Wno-missing-declarations -MMD -MP -MF"system/src/stm32f4-hal/stm32f4xx_hal_dsi.d" -MT"system/src/stm32f4-hal/stm32f4xx_hal_dsi.o" -c -o "system/src/stm32f4-hal/stm32f4xx_hal_dsi.o" "../system/src/stm32f4-hal/stm32f4xx_hal_dsi.c"
Finished building: ../system/src/stm32f4-hal/stm32f4xx_hal_dsi.c
 
Building file: ../system/src/stm32f4-hal/stm32f4xx_hal_eth.c
Invoking: GNU ARM Cross C Compiler
arm-none-eabi-gcc -mcpu=cortex-m4 -mthumb -mfloat-abi=soft -Og -fmessage-length=0 -fsigned-char -ffunction-sections -fdata-sections -ffreestanding -fno-move-loop-invariants -Wall -Wextra  -g3 -DDEBUG -DUSE_FULL_ASSERT -DSTM32F446xx -DUSE_HAL_DRIVER -DHSE_VALUE=8000000 -I"../Inc" -I"../system/Inc" -I"../system/Inc/cmsis" -I"../system/Inc/stm32f4-hal" -std=gnu11 -Wno-bad-function-cast -Wno-conversion -Wno-sign-conversion -Wno-unused-parameter -Wno-sign-compare -Wno-missing-prototypes -Wno-missing-declarations -MMD -MP -MF"system/src/stm32f4-hal/stm32f4xx_hal_eth.d" -MT"system/src/stm32f4-hal/stm32f4xx_hal_eth.o" -c -o "system/src/stm32f4-hal/stm32f4xx_hal_eth.o" "../system/src/stm32f4-hal/stm32f4xx_hal_eth.c"
Finished building: ../system/src/stm32f4-hal/stm32f4xx_hal_eth.c
 
Building file: ../system/src/stm32f4-hal/stm32f4xx_hal_flash.c
Invoking: GNU ARM Cross C Compiler
arm-none-eabi-gcc -mcpu=cortex-m4 -mthumb -mfloat-abi=soft -Og -fmessage-length=0 -fsigned-char -ffunction-sections -fdata-sections -ffreestanding -fno-move-loop-invariants -Wall -Wextra  -g3 -DDEBUG -DUSE_FULL_ASSERT -DSTM32F446xx -DUSE_HAL_DRIVER -DHSE_VALUE=8000000 -I"../Inc" -I"../system/Inc" -I"../system/Inc/cmsis" -I"../system/Inc/stm32f4-hal" -std=gnu11 -Wno-bad-function-cast -Wno-conversion -Wno-sign-conversion -Wno-unused-parameter -Wno-sign-compare -Wno-missing-prototypes -Wno-missing-declarations -MMD -MP -MF"system/src/stm32f4-hal/stm32f4xx_hal_flash.d" -MT"system/src/stm32f4-hal/stm32f4xx_hal_flash.o" -c -o "system/src/stm32f4-hal/stm32f4xx_hal_flash.o" "../system/src/stm32f4-hal/stm32f4xx_hal_flash.c"
Finished building: ../system/src/stm32f4-hal/stm32f4xx_hal_flash.c
 
Building file: ../system/src/stm32f4-hal/stm32f4xx_hal_flash_ex.c
Invoking: GNU ARM Cross C Compiler
arm-none-eabi-gcc -mcpu=cortex-m4 -mthumb -mfloat-abi=soft -Og -fmessage-length=0 -fsigned-char -ffunction-sections -fdata-sections -ffreestanding -fno-move-loop-invariants -Wall -Wextra  -g3 -DDEBUG -DUSE_FULL_ASSERT -DSTM32F446xx -DUSE_HAL_DRIVER -DHSE_VALUE=8000000 -I"../Inc" -I"../system/Inc" -I"../system/Inc/cmsis" -I"../system/Inc/stm32f4-hal" -std=gnu11 -Wno-bad-function-cast -Wno-conversion -Wno-sign-conversion -Wno-unused-parameter -Wno-sign-compare -Wno-missing-prototypes -Wno-missing-declarations -MMD -MP -MF"system/src/stm32f4-hal/stm32f4xx_hal_flash_ex.d" -MT"system/src/stm32f4-hal/stm32f4xx_hal_flash_ex.o" -c -o "system/src/stm32f4-hal/stm32f4xx_hal_flash_ex.o" "../system/src/stm32f4-hal/stm32f4xx_hal_flash_ex.c"
Finished building: ../system/src/stm32f4-hal/stm32f4xx_hal_flash_ex.c
 
Building file: ../system/src/stm32f4-hal/stm32f4xx_hal_flash_ramfunc.c
Invoking: GNU ARM Cross C Compiler
arm-none-eabi-gcc -mcpu=cortex-m4 -mthumb -mfloat-abi=soft -Og -fmessage-length=0 -fsigned-char -ffunction-sections -fdata-sections -ffreestanding -fno-move-loop-invariants -Wall -Wextra  -g3 -DDEBUG -DUSE_FULL_ASSERT -DSTM32F446xx -DUSE_HAL_DRIVER -DHSE_VALUE=8000000 -I"../Inc" -I"../system/Inc" -I"../system/Inc/cmsis" -I"../system/Inc/stm32f4-hal" -std=gnu11 -Wno-bad-function-cast -Wno-conversion -Wno-sign-conversion -Wno-unused-parameter -Wno-sign-compare -Wno-missing-prototypes -Wno-missing-declarations -MMD -MP -MF"system/src/stm32f4-hal/stm32f4xx_hal_flash_ramfunc.d" -MT"system/src/stm32f4-hal/stm32f4xx_hal_flash_ramfunc.o" -c -o "system/src/stm32f4-hal/stm32f4xx_hal_flash_ramfunc.o" "../system/src/stm32f4-hal/stm32f4xx_hal_flash_ramfunc.c"
Finished building: ../system/src/stm32f4-hal/stm32f4xx_hal_flash_ramfunc.c
 
Building file: ../system/src/stm32f4-hal/stm32f4xx_hal_fmpi2c.c
Invoking: GNU ARM Cross C Compiler
arm-none-eabi-gcc -mcpu=cortex-m4 -mthumb -mfloat-abi=soft -Og -fmessage-length=0 -fsigned-char -ffunction-sections -fdata-sections -ffreestanding -fno-move-loop-invariants -Wall -Wextra  -g3 -DDEBUG -DUSE_FULL_ASSERT -DSTM32F446xx -DUSE_HAL_DRIVER -DHSE_VALUE=8000000 -I"../Inc" -I"../system/Inc" -I"../system/Inc/cmsis" -I"../system/Inc/stm32f4-hal" -std=gnu11 -Wno-bad-function-cast -Wno-conversion -Wno-sign-conversion -Wno-unused-parameter -Wno-sign-compare -Wno-missing-prototypes -Wno-missing-declarations -MMD -MP -MF"system/src/stm32f4-hal/stm32f4xx_hal_fmpi2c.d" -MT"system/src/stm32f4-hal/stm32f4xx_hal_fmpi2c.o" -c -o "system/src/stm32f4-hal/stm32f4xx_hal_fmpi2c.o" "../system/src/stm32f4-hal/stm32f4xx_hal_fmpi2c.c"
Finished building: ../system/src/stm32f4-hal/stm32f4xx_hal_fmpi2c.c
 
Building file: ../system/src/stm32f4-hal/stm32f4xx_hal_fmpi2c_ex.c
Invoking: GNU ARM Cross C Compiler
arm-none-eabi-gcc -mcpu=cortex-m4 -mthumb -mfloat-abi=soft -Og -fmessage-length=0 -fsigned-char -ffunction-sections -fdata-sections -ffreestanding -fno-move-loop-invariants -Wall -Wextra  -g3 -DDEBUG -DUSE_FULL_ASSERT -DSTM32F446xx -DUSE_HAL_DRIVER -DHSE_VALUE=8000000 -I"../Inc" -I"../system/Inc" -I"../system/Inc/cmsis" -I"../system/Inc/stm32f4-hal" -std=gnu11 -Wno-bad-function-cast -Wno-conversion -Wno-sign-conversion -Wno-unused-parameter -Wno-sign-compare -Wno-missing-prototypes -Wno-missing-declarations -MMD -MP -MF"system/src/stm32f4-hal/stm32f4xx_hal_fmpi2c_ex.d" -MT"system/src/stm32f4-hal/stm32f4xx_hal_fmpi2c_ex.o" -c -o "system/src/stm32f4-hal/stm32f4xx_hal_fmpi2c_ex.o" "../system/src/stm32f4-hal/stm32f4xx_hal_fmpi2c_ex.c"
Finished building: ../system/src/stm32f4-hal/stm32f4xx_hal_fmpi2c_ex.c
 
Building file: ../system/src/stm32f4-hal/stm32f4xx_hal_gpio.c
Invoking: GNU ARM Cross C Compiler
arm-none-eabi-gcc -mcpu=cortex-m4 -mthumb -mfloat-abi=soft -Og -fmessage-length=0 -fsigned-char -ffunction-sections -fdata-sections -ffreestanding -fno-move-loop-invariants -Wall -Wextra  -g3 -DDEBUG -DUSE_FULL_ASSERT -DSTM32F446xx -DUSE_HAL_DRIVER -DHSE_VALUE=8000000 -I"../Inc" -I"../system/Inc" -I"../system/Inc/cmsis" -I"../system/Inc/stm32f4-hal" -std=gnu11 -Wno-bad-function-cast -Wno-conversion -Wno-sign-conversion -Wno-unused-parameter -Wno-sign-compare -Wno-missing-prototypes -Wno-missing-declarations -MMD -MP -MF"system/src/stm32f4-hal/stm32f4xx_hal_gpio.d" -MT"system/src/stm32f4-hal/stm32f4xx_hal_gpio.o" -c -o "system/src/stm32f4-hal/stm32f4xx_hal_gpio.o" "../system/src/stm32f4-hal/stm32f4xx_hal_gpio.c"
Finished building: ../system/src/stm32f4-hal/stm32f4xx_hal_gpio.c
 
Building file: ../system/src/stm32f4-hal/stm32f4xx_hal_hash.c
Invoking: GNU ARM Cross C Compiler
arm-none-eabi-gcc -mcpu=cortex-m4 -mthumb -mfloat-abi=soft -Og -fmessage-length=0 -fsigned-char -ffunction-sections -fdata-sections -ffreestanding -fno-move-loop-invariants -Wall -Wextra  -g3 -DDEBUG -DUSE_FULL_ASSERT -DSTM32F446xx -DUSE_HAL_DRIVER -DHSE_VALUE=8000000 -I"../Inc" -I"../system/Inc" -I"../system/Inc/cmsis" -I"../system/Inc/stm32f4-hal" -std=gnu11 -Wno-bad-function-cast -Wno-conversion -Wno-sign-conversion -Wno-unused-parameter -Wno-sign-compare -Wno-missing-prototypes -Wno-missing-declarations -MMD -MP -MF"system/src/stm32f4-hal/stm32f4xx_hal_hash.d" -MT"system/src/stm32f4-hal/stm32f4xx_hal_hash.o" -c -o "system/src/stm32f4-hal/stm32f4xx_hal_hash.o" "../system/src/stm32f4-hal/stm32f4xx_hal_hash.c"
Finished building: ../system/src/stm32f4-hal/stm32f4xx_hal_hash.c
 
Building file: ../system/src/stm32f4-hal/stm32f4xx_hal_hash_ex.c
Invoking: GNU ARM Cross C Compiler
arm-none-eabi-gcc -mcpu=cortex-m4 -mthumb -mfloat-abi=soft -Og -fmessage-length=0 -fsigned-char -ffunction-sections -fdata-sections -ffreestanding -fno-move-loop-invariants -Wall -Wextra  -g3 -DDEBUG -DUSE_FULL_ASSERT -DSTM32F446xx -DUSE_HAL_DRIVER -DHSE_VALUE=8000000 -I"../Inc" -I"../system/Inc" -I"../system/Inc/cmsis" -I"../system/Inc/stm32f4-hal" -std=gnu11 -Wno-bad-function-cast -Wno-conversion -Wno-sign-conversion -Wno-unused-parameter -Wno-sign-compare -Wno-missing-prototypes -Wno-missing-declarations -MMD -MP -MF"system/src/stm32f4-hal/stm32f4xx_hal_hash_ex.d" -MT"system/src/stm32f4-hal/stm32f4xx_hal_hash_ex.o" -c -o "system/src/stm32f4-hal/stm32f4xx_hal_hash_ex.o" "../system/src/stm32f4-hal/stm32f4xx_hal_hash_ex.c"
Finished building: ../system/src/stm32f4-hal/stm32f4xx_hal_hash_ex.c
 
Building file: ../system/src/stm32f4-hal/stm32f4xx_hal_hcd.c
Invoking: GNU ARM Cross C Compiler
arm-none-eabi-gcc -mcpu=cortex-m4 -mthumb -mfloat-abi=soft -Og -fmessage-length=0 -fsigned-char -ffunction-sections -fdata-sections -ffreestanding -fno-move-loop-invariants -Wall -Wextra  -g3 -DDEBUG -DUSE_FULL_ASSERT -DSTM32F446xx -DUSE_HAL_DRIVER -DHSE_VALUE=8000000 -I"../Inc" -I"../system/Inc" -I"../system/Inc/cmsis" -I"../system/Inc/stm32f4-hal" -std=gnu11 -Wno-bad-function-cast -Wno-conversion -Wno-sign-conversion -Wno-unused-parameter -Wno-sign-compare -Wno-missing-prototypes -Wno-missing-declarations -MMD -MP -MF"system/src/stm32f4-hal/stm32f4xx_hal_hcd.d" -MT"system/src/stm32f4-hal/stm32f4xx_hal_hcd.o" -c -o "system/src/stm32f4-hal/stm32f4xx_hal_hcd.o" "../system/src/stm32f4-hal/stm32f4xx_hal_hcd.c"
Finished building: ../system/src/stm32f4-hal/stm32f4xx_hal_hcd.c
 
Building file: ../system/src/stm32f4-hal/stm32f4xx_hal_i2c.c
Invoking: GNU ARM Cross C Compiler
arm-none-eabi-gcc -mcpu=cortex-m4 -mthumb -mfloat-abi=soft -Og -fmessage-length=0 -fsigned-char -ffunction-sections -fdata-sections -ffreestanding -fno-move-loop-invariants -Wall -Wextra  -g3 -DDEBUG -DUSE_FULL_ASSERT -DSTM32F446xx -DUSE_HAL_DRIVER -DHSE_VALUE=8000000 -I"../Inc" -I"../system/Inc" -I"../system/Inc/cmsis" -I"../system/Inc/stm32f4-hal" -std=gnu11 -Wno-bad-function-cast -Wno-conversion -Wno-sign-conversion -Wno-unused-parameter -Wno-sign-compare -Wno-missing-prototypes -Wno-missing-declarations -MMD -MP -MF"system/src/stm32f4-hal/stm32f4xx_hal_i2c.d" -MT"system/src/stm32f4-hal/stm32f4xx_hal_i2c.o" -c -o "system/src/stm32f4-hal/stm32f4xx_hal_i2c.o" "../system/src/stm32f4-hal/stm32f4xx_hal_i2c.c"
Finished building: ../system/src/stm32f4-hal/stm32f4xx_hal_i2c.c
 
Building file: ../system/src/stm32f4-hal/stm32f4xx_hal_i2c_ex.c
Invoking: GNU ARM Cross C Compiler
arm-none-eabi-gcc -mcpu=cortex-m4 -mthumb -mfloat-abi=soft -Og -fmessage-length=0 -fsigned-char -ffunction-sections -fdata-sections -ffreestanding -fno-move-loop-invariants -Wall -Wextra  -g3 -DDEBUG -DUSE_FULL_ASSERT -DSTM32F446xx -DUSE_HAL_DRIVER -DHSE_VALUE=8000000 -I"../Inc" -I"../system/Inc" -I"../system/Inc/cmsis" -I"../system/Inc/stm32f4-hal" -std=gnu11 -Wno-bad-function-cast -Wno-conversion -Wno-sign-conversion -Wno-unused-parameter -Wno-sign-compare -Wno-missing-prototypes -Wno-missing-declarations -MMD -MP -MF"system/src/stm32f4-hal/stm32f4xx_hal_i2c_ex.d" -MT"system/src/stm32f4-hal/stm32f4xx_hal_i2c_ex.o" -c -o "system/src/stm32f4-hal/stm32f4xx_hal_i2c_ex.o" "../system/src/stm32f4-hal/stm32f4xx_hal_i2c_ex.c"
Finished building: ../system/src/stm32f4-hal/stm32f4xx_hal_i2c_ex.c
 
Building file: ../system/src/stm32f4-hal/stm32f4xx_hal_i2s.c
Invoking: GNU ARM Cross C Compiler
arm-none-eabi-gcc -mcpu=cortex-m4 -mthumb -mfloat-abi=soft -Og -fmessage-length=0 -fsigned-char -ffunction-sections -fdata-sections -ffreestanding -fno-move-loop-invariants -Wall -Wextra  -g3 -DDEBUG -DUSE_FULL_ASSERT -DSTM32F446xx -DUSE_HAL_DRIVER -DHSE_VALUE=8000000 -I"../Inc" -I"../system/Inc" -I"../system/Inc/cmsis" -I"../system/Inc/stm32f4-hal" -std=gnu11 -Wno-bad-function-cast -Wno-conversion -Wno-sign-conversion -Wno-unused-parameter -Wno-sign-compare -Wno-missing-prototypes -Wno-missing-declarations -MMD -MP -MF"system/src/stm32f4-hal/stm32f4xx_hal_i2s.d" -MT"system/src/stm32f4-hal/stm32f4xx_hal_i2s.o" -c -o "system/src/stm32f4-hal/stm32f4xx_hal_i2s.o" "../system/src/stm32f4-hal/stm32f4xx_hal_i2s.c"
Finished building: ../system/src/stm32f4-hal/stm32f4xx_hal_i2s.c
 
Building file: ../system/src/stm32f4-hal/stm32f4xx_hal_i2s_ex.c
Invoking: GNU ARM Cross C Compiler
arm-none-eabi-gcc -mcpu=cortex-m4 -mthumb -mfloat-abi=soft -Og -fmessage-length=0 -fsigned-char -ffunction-sections -fdata-sections -ffreestanding -fno-move-loop-invariants -Wall -Wextra  -g3 -DDEBUG -DUSE_FULL_ASSERT -DSTM32F446xx -DUSE_HAL_DRIVER -DHSE_VALUE=8000000 -I"../Inc" -I"../system/Inc" -I"../system/Inc/cmsis" -I"../system/Inc/stm32f4-hal" -std=gnu11 -Wno-bad-function-cast -Wno-conversion -Wno-sign-conversion -Wno-unused-parameter -Wno-sign-compare -Wno-missing-prototypes -Wno-missing-declarations -MMD -MP -MF"system/src/stm32f4-hal/stm32f4xx_hal_i2s_ex.d" -MT"system/src/stm32f4-hal/stm32f4xx_hal_i2s_ex.o" -c -o "system/src/stm32f4-hal/stm32f4xx_hal_i2s_ex.o" "../system/src/stm32f4-hal/stm32f4xx_hal_i2s_ex.c"
Finished building: ../system/src/stm32f4-hal/stm32f4xx_hal_i2s_ex.c
 
Building file: ../system/src/stm32f4-hal/stm32f4xx_hal_irda.c
Invoking: GNU ARM Cross C Compiler
arm-none-eabi-gcc -mcpu=cortex-m4 -mthumb -mfloat-abi=soft -Og -fmessage-length=0 -fsigned-char -ffunction-sections -fdata-sections -ffreestanding -fno-move-loop-invariants -Wall -Wextra  -g3 -DDEBUG -DUSE_FULL_ASSERT -DSTM32F446xx -DUSE_HAL_DRIVER -DHSE_VALUE=8000000 -I"../Inc" -I"../system/Inc" -I"../system/Inc/cmsis" -I"../system/Inc/stm32f4-hal" -std=gnu11 -Wno-bad-function-cast -Wno-conversion -Wno-sign-conversion -Wno-unused-parameter -Wno-sign-compare -Wno-missing-prototypes -Wno-missing-declarations -MMD -MP -MF"system/src/stm32f4-hal/stm32f4xx_hal_irda.d" -MT"system/src/stm32f4-hal/stm32f4xx_hal_irda.o" -c -o "system/src/stm32f4-hal/stm32f4xx_hal_irda.o" "../system/src/stm32f4-hal/stm32f4xx_hal_irda.c"
Finished building: ../system/src/stm32f4-hal/stm32f4xx_hal_irda.c
 
Building file: ../system/src/stm32f4-hal/stm32f4xx_hal_iwdg.c
Invoking: GNU ARM Cross C Compiler
arm-none-eabi-gcc -mcpu=cortex-m4 -mthumb -mfloat-abi=soft -Og -fmessage-length=0 -fsigned-char -ffunction-sections -fdata-sections -ffreestanding -fno-move-loop-invariants -Wall -Wextra  -g3 -DDEBUG -DUSE_FULL_ASSERT -DSTM32F446xx -DUSE_HAL_DRIVER -DHSE_VALUE=8000000 -I"../Inc" -I"../system/Inc" -I"../system/Inc/cmsis" -I"../system/Inc/stm32f4-hal" -std=gnu11 -Wno-bad-function-cast -Wno-conversion -Wno-sign-conversion -Wno-unused-parameter -Wno-sign-compare -Wno-missing-prototypes -Wno-missing-declarations -MMD -MP -MF"system/src/stm32f4-hal/stm32f4xx_hal_iwdg.d" -MT"system/src/stm32f4-hal/stm32f4xx_hal_iwdg.o" -c -o "system/src/stm32f4-hal/stm32f4xx_hal_iwdg.o" "../system/src/stm32f4-hal/stm32f4xx_hal_iwdg.c"
Finished building: ../system/src/stm32f4-hal/stm32f4xx_hal_iwdg.c
 
Building file: ../system/src/stm32f4-hal/stm32f4xx_hal_lptim.c
Invoking: GNU ARM Cross C Compiler
arm-none-eabi-gcc -mcpu=cortex-m4 -mthumb -mfloat-abi=soft -Og -fmessage-length=0 -fsigned-char -ffunction-sections -fdata-sections -ffreestanding -fno-move-loop-invariants -Wall -Wextra  -g3 -DDEBUG -DUSE_FULL_ASSERT -DSTM32F446xx -DUSE_HAL_DRIVER -DHSE_VALUE=8000000 -I"../Inc" -I"../system/Inc" -I"../system/Inc/cmsis" -I"../system/Inc/stm32f4-hal" -std=gnu11 -Wno-bad-function-cast -Wno-conversion -Wno-sign-conversion -Wno-unused-parameter -Wno-sign-compare -Wno-missing-prototypes -Wno-missing-declarations -MMD -MP -MF"system/src/stm32f4-hal/stm32f4xx_hal_lptim.d" -MT"system/src/stm32f4-hal/stm32f4xx_hal_lptim.o" -c -o "system/src/stm32f4-hal/stm32f4xx_hal_lptim.o" "../system/src/stm32f4-hal/stm32f4xx_hal_lptim.c"
Finished building: ../system/src/stm32f4-hal/stm32f4xx_hal_lptim.c
 
Building file: ../system/src/stm32f4-hal/stm32f4xx_hal_ltdc.c
Invoking: GNU ARM Cross C Compiler
arm-none-eabi-gcc -mcpu=cortex-m4 -mthumb -mfloat-abi=soft -Og -fmessage-length=0 -fsigned-char -ffunction-sections -fdata-sections -ffreestanding -fno-move-loop-invariants -Wall -Wextra  -g3 -DDEBUG -DUSE_FULL_ASSERT -DSTM32F446xx -DUSE_HAL_DRIVER -DHSE_VALUE=8000000 -I"../Inc" -I"../system/Inc" -I"../system/Inc/cmsis" -I"../system/Inc/stm32f4-hal" -std=gnu11 -Wno-bad-function-cast -Wno-conversion -Wno-sign-conversion -Wno-unused-parameter -Wno-sign-compare -Wno-missing-prototypes -Wno-missing-declarations -MMD -MP -MF"system/src/stm32f4-hal/stm32f4xx_hal_ltdc.d" -MT"system/src/stm32f4-hal/stm32f4xx_hal_ltdc.o" -c -o "system/src/stm32f4-hal/stm32f4xx_hal_ltdc.o" "../system/src/stm32f4-hal/stm32f4xx_hal_ltdc.c"
Finished building: ../system/src/stm32f4-hal/stm32f4xx_hal_ltdc.c
 
Building file: ../system/src/stm32f4-hal/stm32f4xx_hal_ltdc_ex.c
Invoking: GNU ARM Cross C Compiler
arm-none-eabi-gcc -mcpu=cortex-m4 -mthumb -mfloat-abi=soft -Og -fmessage-length=0 -fsigned-char -ffunction-sections -fdata-sections -ffreestanding -fno-move-loop-invariants -Wall -Wextra  -g3 -DDEBUG -DUSE_FULL_ASSERT -DSTM32F446xx -DUSE_HAL_DRIVER -DHSE_VALUE=8000000 -I"../Inc" -I"../system/Inc" -I"../system/Inc/cmsis" -I"../system/Inc/stm32f4-hal" -std=gnu11 -Wno-bad-function-cast -Wno-conversion -Wno-sign-conversion -Wno-unused-parameter -Wno-sign-compare -Wno-missing-prototypes -Wno-missing-declarations -MMD -MP -MF"system/src/stm32f4-hal/stm32f4xx_hal_ltdc_ex.d" -MT"system/src/stm32f4-hal/stm32f4xx_hal_ltdc_ex.o" -c -o "system/src/stm32f4-hal/stm32f4xx_hal_ltdc_ex.o" "../system/src/stm32f4-hal/stm32f4xx_hal_ltdc_ex.c"
Finished building: ../system/src/stm32f4-hal/stm32f4xx_hal_ltdc_ex.c
 
Building file: ../system/src/stm32f4-hal/stm32f4xx_hal_nand.c
Invoking: GNU ARM Cross C Compiler
arm-none-eabi-gcc -mcpu=cortex-m4 -mthumb -mfloat-abi=soft -Og -fmessage-length=0 -fsigned-char -ffunction-sections -fdata-sections -ffreestanding -fno-move-loop-invariants -Wall -Wextra  -g3 -DDEBUG -DUSE_FULL_ASSERT -DSTM32F446xx -DUSE_HAL_DRIVER -DHSE_VALUE=8000000 -I"../Inc" -I"../system/Inc" -I"../system/Inc/cmsis" -I"../system/Inc/stm32f4-hal" -std=gnu11 -Wno-bad-function-cast -Wno-conversion -Wno-sign-conversion -Wno-unused-parameter -Wno-sign-compare -Wno-missing-prototypes -Wno-missing-declarations -MMD -MP -MF"system/src/stm32f4-hal/stm32f4xx_hal_nand.d" -MT"system/src/stm32f4-hal/stm32f4xx_hal_nand.o" -c -o "system/src/stm32f4-hal/stm32f4xx_hal_nand.o" "../system/src/stm32f4-hal/stm32f4xx_hal_nand.c"
Finished building: ../system/src/stm32f4-hal/stm32f4xx_hal_nand.c
 
Building file: ../system/src/stm32f4-hal/stm32f4xx_hal_nor.c
Invoking: GNU ARM Cross C Compiler
arm-none-eabi-gcc -mcpu=cortex-m4 -mthumb -mfloat-abi=soft -Og -fmessage-length=0 -fsigned-char -ffunction-sections -fdata-sections -ffreestanding -fno-move-loop-invariants -Wall -Wextra  -g3 -DDEBUG -DUSE_FULL_ASSERT -DSTM32F446xx -DUSE_HAL_DRIVER -DHSE_VALUE=8000000 -I"../Inc" -I"../system/Inc" -I"../system/Inc/cmsis" -I"../system/Inc/stm32f4-hal" -std=gnu11 -Wno-bad-function-cast -Wno-conversion -Wno-sign-conversion -Wno-unused-parameter -Wno-sign-compare -Wno-missing-prototypes -Wno-missing-declarations -MMD -MP -MF"system/src/stm32f4-hal/stm32f4xx_hal_nor.d" -MT"system/src/stm32f4-hal/stm32f4xx_hal_nor.o" -c -o "system/src/stm32f4-hal/stm32f4xx_hal_nor.o" "../system/src/stm32f4-hal/stm32f4xx_hal_nor.c"
Finished building: ../system/src/stm32f4-hal/stm32f4xx_hal_nor.c
 
Building file: ../system/src/stm32f4-hal/stm32f4xx_hal_pccard.c
Invoking: GNU ARM Cross C Compiler
arm-none-eabi-gcc -mcpu=cortex-m4 -mthumb -mfloat-abi=soft -Og -fmessage-length=0 -fsigned-char -ffunction-sections -fdata-sections -ffreestanding -fno-move-loop-invariants -Wall -Wextra  -g3 -DDEBUG -DUSE_FULL_ASSERT -DSTM32F446xx -DUSE_HAL_DRIVER -DHSE_VALUE=8000000 -I"../Inc" -I"../system/Inc" -I"../system/Inc/cmsis" -I"../system/Inc/stm32f4-hal" -std=gnu11 -Wno-bad-function-cast -Wno-conversion -Wno-sign-conversion -Wno-unused-parameter -Wno-sign-compare -Wno-missing-prototypes -Wno-missing-declarations -MMD -MP -MF"system/src/stm32f4-hal/stm32f4xx_hal_pccard.d" -MT"system/src/stm32f4-hal/stm32f4xx_hal_pccard.o" -c -o "system/src/stm32f4-hal/stm32f4xx_hal_pccard.o" "../system/src/stm32f4-hal/stm32f4xx_hal_pccard.c"
Finished building: ../system/src/stm32f4-hal/stm32f4xx_hal_pccard.c
 
Building file: ../system/src/stm32f4-hal/stm32f4xx_hal_pcd.c
Invoking: GNU ARM Cross C Compiler
arm-none-eabi-gcc -mcpu=cortex-m4 -mthumb -mfloat-abi=soft -Og -fmessage-length=0 -fsigned-char -ffunction-sections -fdata-sections -ffreestanding -fno-move-loop-invariants -Wall -Wextra  -g3 -DDEBUG -DUSE_FULL_ASSERT -DSTM32F446xx -DUSE_HAL_DRIVER -DHSE_VALUE=8000000 -I"../Inc" -I"../system/Inc" -I"../system/Inc/cmsis" -I"../system/Inc/stm32f4-hal" -std=gnu11 -Wno-bad-function-cast -Wno-conversion -Wno-sign-conversion -Wno-unused-parameter -Wno-sign-compare -Wno-missing-prototypes -Wno-missing-declarations -MMD -MP -MF"system/src/stm32f4-hal/stm32f4xx_hal_pcd.d" -MT"system/src/stm32f4-hal/stm32f4xx_hal_pcd.o" -c -o "system/src/stm32f4-hal/stm32f4xx_hal_pcd.o" "../system/src/stm32f4-hal/stm32f4xx_hal_pcd.c"
Finished building: ../system/src/stm32f4-hal/stm32f4xx_hal_pcd.c
 
Building file: ../system/src/stm32f4-hal/stm32f4xx_hal_pcd_ex.c
Invoking: GNU ARM Cross C Compiler
arm-none-eabi-gcc -mcpu=cortex-m4 -mthumb -mfloat-abi=soft -Og -fmessage-length=0 -fsigned-char -ffunction-sections -fdata-sections -ffreestanding -fno-move-loop-invariants -Wall -Wextra  -g3 -DDEBUG -DUSE_FULL_ASSERT -DSTM32F446xx -DUSE_HAL_DRIVER -DHSE_VALUE=8000000 -I"../Inc" -I"../system/Inc" -I"../system/Inc/cmsis" -I"../system/Inc/stm32f4-hal" -std=gnu11 -Wno-bad-function-cast -Wno-conversion -Wno-sign-conversion -Wno-unused-parameter -Wno-sign-compare -Wno-missing-prototypes -Wno-missing-declarations -MMD -MP -MF"system/src/stm32f4-hal/stm32f4xx_hal_pcd_ex.d" -MT"system/src/stm32f4-hal/stm32f4xx_hal_pcd_ex.o" -c -o "system/src/stm32f4-hal/stm32f4xx_hal_pcd_ex.o" "../system/src/stm32f4-hal/stm32f4xx_hal_pcd_ex.c"
Finished building: ../system/src/stm32f4-hal/stm32f4xx_hal_pcd_ex.c
 
Building file: ../system/src/stm32f4-hal/stm32f4xx_hal_pwr.c
Invoking: GNU ARM Cross C Compiler
arm-none-eabi-gcc -mcpu=cortex-m4 -mthumb -mfloat-abi=soft -Og -fmessage-length=0 -fsigned-char -ffunction-sections -fdata-sections -ffreestanding -fno-move-loop-invariants -Wall -Wextra  -g3 -DDEBUG -DUSE_FULL_ASSERT -DSTM32F446xx -DUSE_HAL_DRIVER -DHSE_VALUE=8000000 -I"../Inc" -I"../system/Inc" -I"../system/Inc/cmsis" -I"../system/Inc/stm32f4-hal" -std=gnu11 -Wno-bad-function-cast -Wno-conversion -Wno-sign-conversion -Wno-unused-parameter -Wno-sign-compare -Wno-missing-prototypes -Wno-missing-declarations -MMD -MP -MF"system/src/stm32f4-hal/stm32f4xx_hal_pwr.d" -MT"system/src/stm32f4-hal/stm32f4xx_hal_pwr.o" -c -o "system/src/stm32f4-hal/stm32f4xx_hal_pwr.o" "../system/src/stm32f4-hal/stm32f4xx_hal_pwr.c"
Finished building: ../system/src/stm32f4-hal/stm32f4xx_hal_pwr.c
 
Building file: ../system/src/stm32f4-hal/stm32f4xx_hal_pwr_ex.c
Invoking: GNU ARM Cross C Compiler
arm-none-eabi-gcc -mcpu=cortex-m4 -mthumb -mfloat-abi=soft -Og -fmessage-length=0 -fsigned-char -ffunction-sections -fdata-sections -ffreestanding -fno-move-loop-invariants -Wall -Wextra  -g3 -DDEBUG -DUSE_FULL_ASSERT -DSTM32F446xx -DUSE_HAL_DRIVER -DHSE_VALUE=8000000 -I"../Inc" -I"../system/Inc" -I"../system/Inc/cmsis" -I"../system/Inc/stm32f4-hal" -std=gnu11 -Wno-bad-function-cast -Wno-conversion -Wno-sign-conversion -Wno-unused-parameter -Wno-sign-compare -Wno-missing-prototypes -Wno-missing-declarations -MMD -MP -MF"system/src/stm32f4-hal/stm32f4xx_hal_pwr_ex.d" -MT"system/src/stm32f4-hal/stm32f4xx_hal_pwr_ex.o" -c -o "system/src/stm32f4-hal/stm32f4xx_hal_pwr_ex.o" "../system/src/stm32f4-hal/stm32f4xx_hal_pwr_ex.c"
Finished building: ../system/src/stm32f4-hal/stm32f4xx_hal_pwr_ex.c
 
Building file: ../system/src/stm32f4-hal/stm32f4xx_hal_qspi.c
Invoking: GNU ARM Cross C Compiler
arm-none-eabi-gcc -mcpu=cortex-m4 -mthumb -mfloat-abi=soft -Og -fmessage-length=0 -fsigned-char -ffunction-sections -fdata-sections -ffreestanding -fno-move-loop-invariants -Wall -Wextra  -g3 -DDEBUG -DUSE_FULL_ASSERT -DSTM32F446xx -DUSE_HAL_DRIVER -DHSE_VALUE=8000000 -I"../Inc" -I"../system/Inc" -I"../system/Inc/cmsis" -I"../system/Inc/stm32f4-hal" -std=gnu11 -Wno-bad-function-cast -Wno-conversion -Wno-sign-conversion -Wno-unused-parameter -Wno-sign-compare -Wno-missing-prototypes -Wno-missing-declarations -MMD -MP -MF"system/src/stm32f4-hal/stm32f4xx_hal_qspi.d" -MT"system/src/stm32f4-hal/stm32f4xx_hal_qspi.o" -c -o "system/src/stm32f4-hal/stm32f4xx_hal_qspi.o" "../system/src/stm32f4-hal/stm32f4xx_hal_qspi.c"
Finished building: ../system/src/stm32f4-hal/stm32f4xx_hal_qspi.c
 
Building file: ../system/src/stm32f4-hal/stm32f4xx_hal_rcc.c
Invoking: GNU ARM Cross C Compiler
arm-none-eabi-gcc -mcpu=cortex-m4 -mthumb -mfloat-abi=soft -Og -fmessage-length=0 -fsigned-char -ffunction-sections -fdata-sections -ffreestanding -fno-move-loop-invariants -Wall -Wextra  -g3 -DDEBUG -DUSE_FULL_ASSERT -DSTM32F446xx -DUSE_HAL_DRIVER -DHSE_VALUE=8000000 -I"../Inc" -I"../system/Inc" -I"../system/Inc/cmsis" -I"../system/Inc/stm32f4-hal" -std=gnu11 -Wno-bad-function-cast -Wno-conversion -Wno-sign-conversion -Wno-unused-parameter -Wno-sign-compare -Wno-missing-prototypes -Wno-missing-declarations -MMD -MP -MF"system/src/stm32f4-hal/stm32f4xx_hal_rcc.d" -MT"system/src/stm32f4-hal/stm32f4xx_hal_rcc.o" -c -o "system/src/stm32f4-hal/stm32f4xx_hal_rcc.o" "../system/src/stm32f4-hal/stm32f4xx_hal_rcc.c"
Finished building: ../system/src/stm32f4-hal/stm32f4xx_hal_rcc.c
 
Building file: ../system/src/stm32f4-hal/stm32f4xx_hal_rcc_ex.c
Invoking: GNU ARM Cross C Compiler
arm-none-eabi-gcc -mcpu=cortex-m4 -mthumb -mfloat-abi=soft -Og -fmessage-length=0 -fsigned-char -ffunction-sections -fdata-sections -ffreestanding -fno-move-loop-invariants -Wall -Wextra  -g3 -DDEBUG -DUSE_FULL_ASSERT -DSTM32F446xx -DUSE_HAL_DRIVER -DHSE_VALUE=8000000 -I"../Inc" -I"../system/Inc" -I"../system/Inc/cmsis" -I"../system/Inc/stm32f4-hal" -std=gnu11 -Wno-bad-function-cast -Wno-conversion -Wno-sign-conversion -Wno-unused-parameter -Wno-sign-compare -Wno-missing-prototypes -Wno-missing-declarations -MMD -MP -MF"system/src/stm32f4-hal/stm32f4xx_hal_rcc_ex.d" -MT"system/src/stm32f4-hal/stm32f4xx_hal_rcc_ex.o" -c -o "system/src/stm32f4-hal/stm32f4xx_hal_rcc_ex.o" "../system/src/stm32f4-hal/stm32f4xx_hal_rcc_ex.c"
Finished building: ../system/src/stm32f4-hal/stm32f4xx_hal_rcc_ex.c
 
Building file: ../system/src/stm32f4-hal/stm32f4xx_hal_rng.c
Invoking: GNU ARM Cross C Compiler
arm-none-eabi-gcc -mcpu=cortex-m4 -mthumb -mfloat-abi=soft -Og -fmessage-length=0 -fsigned-char -ffunction-sections -fdata-sections -ffreestanding -fno-move-loop-invariants -Wall -Wextra  -g3 -DDEBUG -DUSE_FULL_ASSERT -DSTM32F446xx -DUSE_HAL_DRIVER -DHSE_VALUE=8000000 -I"../Inc" -I"../system/Inc" -I"../system/Inc/cmsis" -I"../system/Inc/stm32f4-hal" -std=gnu11 -Wno-bad-function-cast -Wno-conversion -Wno-sign-conversion -Wno-unused-parameter -Wno-sign-compare -Wno-missing-prototypes -Wno-missing-declarations -MMD -MP -MF"system/src/stm32f4-hal/stm32f4xx_hal_rng.d" -MT"system/src/stm32f4-hal/stm32f4xx_hal_rng.o" -c -o "system/src/stm32f4-hal/stm32f4xx_hal_rng.o" "../system/src/stm32f4-hal/stm32f4xx_hal_rng.c"
Finished building: ../system/src/stm32f4-hal/stm32f4xx_hal_rng.c
 
Building file: ../system/src/stm32f4-hal/stm32f4xx_hal_rtc.c
Invoking: GNU ARM Cross C Compiler
arm-none-eabi-gcc -mcpu=cortex-m4 -mthumb -mfloat-abi=soft -Og -fmessage-length=0 -fsigned-char -ffunction-sections -fdata-sections -ffreestanding -fno-move-loop-invariants -Wall -Wextra  -g3 -DDEBUG -DUSE_FULL_ASSERT -DSTM32F446xx -DUSE_HAL_DRIVER -DHSE_VALUE=8000000 -I"../Inc" -I"../system/Inc" -I"../system/Inc/cmsis" -I"../system/Inc/stm32f4-hal" -std=gnu11 -Wno-bad-function-cast -Wno-conversion -Wno-sign-conversion -Wno-unused-parameter -Wno-sign-compare -Wno-missing-prototypes -Wno-missing-declarations -MMD -MP -MF"system/src/stm32f4-hal/stm32f4xx_hal_rtc.d" -MT"system/src/stm32f4-hal/stm32f4xx_hal_rtc.o" -c -o "system/src/stm32f4-hal/stm32f4xx_hal_rtc.o" "../system/src/stm32f4-hal/stm32f4xx_hal_rtc.c"
Finished building: ../system/src/stm32f4-hal/stm32f4xx_hal_rtc.c
 
Building file: ../system/src/stm32f4-hal/stm32f4xx_hal_rtc_ex.c
Invoking: GNU ARM Cross C Compiler
arm-none-eabi-gcc -mcpu=cortex-m4 -mthumb -mfloat-abi=soft -Og -fmessage-length=0 -fsigned-char -ffunction-sections -fdata-sections -ffreestanding -fno-move-loop-invariants -Wall -Wextra  -g3 -DDEBUG -DUSE_FULL_ASSERT -DSTM32F446xx -DUSE_HAL_DRIVER -DHSE_VALUE=8000000 -I"../Inc" -I"../system/Inc" -I"../system/Inc/cmsis" -I"../system/Inc/stm32f4-hal" -std=gnu11 -Wno-bad-function-cast -Wno-conversion -Wno-sign-conversion -Wno-unused-parameter -Wno-sign-compare -Wno-missing-prototypes -Wno-missing-declarations -MMD -MP -MF"system/src/stm32f4-hal/stm32f4xx_hal_rtc_ex.d" -MT"system/src/stm32f4-hal/stm32f4xx_hal_rtc_ex.o" -c -o "system/src/stm32f4-hal/stm32f4xx_hal_rtc_ex.o" "../system/src/stm32f4-hal/stm32f4xx_hal_rtc_ex.c"
Finished building: ../system/src/stm32f4-hal/stm32f4xx_hal_rtc_ex.c
 
Building file: ../system/src/stm32f4-hal/stm32f4xx_hal_sai.c
Invoking: GNU ARM Cross C Compiler
arm-none-eabi-gcc -mcpu=cortex-m4 -mthumb -mfloat-abi=soft -Og -fmessage-length=0 -fsigned-char -ffunction-sections -fdata-sections -ffreestanding -fno-move-loop-invariants -Wall -Wextra  -g3 -DDEBUG -DUSE_FULL_ASSERT -DSTM32F446xx -DUSE_HAL_DRIVER -DHSE_VALUE=8000000 -I"../Inc" -I"../system/Inc" -I"../system/Inc/cmsis" -I"../system/Inc/stm32f4-hal" -std=gnu11 -Wno-bad-function-cast -Wno-conversion -Wno-sign-conversion -Wno-unused-parameter -Wno-sign-compare -Wno-missing-prototypes -Wno-missing-declarations -MMD -MP -MF"system/src/stm32f4-hal/stm32f4xx_hal_sai.d" -MT"system/src/stm32f4-hal/stm32f4xx_hal_sai.o" -c -o "system/src/stm32f4-hal/stm32f4xx_hal_sai.o" "../system/src/stm32f4-hal/stm32f4xx_hal_sai.c"
Finished building: ../system/src/stm32f4-hal/stm32f4xx_hal_sai.c
 
Building file: ../system/src/stm32f4-hal/stm32f4xx_hal_sai_ex.c
Invoking: GNU ARM Cross C Compiler
arm-none-eabi-gcc -mcpu=cortex-m4 -mthumb -mfloat-abi=soft -Og -fmessage-length=0 -fsigned-char -ffunction-sections -fdata-sections -ffreestanding -fno-move-loop-invariants -Wall -Wextra  -g3 -DDEBUG -DUSE_FULL_ASSERT -DSTM32F446xx -DUSE_HAL_DRIVER -DHSE_VALUE=8000000 -I"../Inc" -I"../system/Inc" -I"../system/Inc/cmsis" -I"../system/Inc/stm32f4-hal" -std=gnu11 -Wno-bad-function-cast -Wno-conversion -Wno-sign-conversion -Wno-unused-parameter -Wno-sign-compare -Wno-missing-prototypes -Wno-missing-declarations -MMD -MP -MF"system/src/stm32f4-hal/stm32f4xx_hal_sai_ex.d" -MT"system/src/stm32f4-hal/stm32f4xx_hal_sai_ex.o" -c -o "system/src/stm32f4-hal/stm32f4xx_hal_sai_ex.o" "../system/src/stm32f4-hal/stm32f4xx_hal_sai_ex.c"
Finished building: ../system/src/stm32f4-hal/stm32f4xx_hal_sai_ex.c
 
Building file: ../system/src/stm32f4-hal/stm32f4xx_hal_sd.c
Invoking: GNU ARM Cross C Compiler
arm-none-eabi-gcc -mcpu=cortex-m4 -mthumb -mfloat-abi=soft -Og -fmessage-length=0 -fsigned-char -ffunction-sections -fdata-sections -ffreestanding -fno-move-loop-invariants -Wall -Wextra  -g3 -DDEBUG -DUSE_FULL_ASSERT -DSTM32F446xx -DUSE_HAL_DRIVER -DHSE_VALUE=8000000 -I"../Inc" -I"../system/Inc" -I"../system/Inc/cmsis" -I"../system/Inc/stm32f4-hal" -std=gnu11 -Wno-bad-function-cast -Wno-conversion -Wno-sign-conversion -Wno-unused-parameter -Wno-sign-compare -Wno-missing-prototypes -Wno-missing-declarations -MMD -MP -MF"system/src/stm32f4-hal/stm32f4xx_hal_sd.d" -MT"system/src/stm32f4-hal/stm32f4xx_hal_sd.o" -c -o "system/src/stm32f4-hal/stm32f4xx_hal_sd.o" "../system/src/stm32f4-hal/stm32f4xx_hal_sd.c"
Finished building: ../system/src/stm32f4-hal/stm32f4xx_hal_sd.c
 
Building file: ../system/src/stm32f4-hal/stm32f4xx_hal_sdram.c
Invoking: GNU ARM Cross C Compiler
arm-none-eabi-gcc -mcpu=cortex-m4 -mthumb -mfloat-abi=soft -Og -fmessage-length=0 -fsigned-char -ffunction-sections -fdata-sections -ffreestanding -fno-move-loop-invariants -Wall -Wextra  -g3 -DDEBUG -DUSE_FULL_ASSERT -DSTM32F446xx -DUSE_HAL_DRIVER -DHSE_VALUE=8000000 -I"../Inc" -I"../system/Inc" -I"../system/Inc/cmsis" -I"../system/Inc/stm32f4-hal" -std=gnu11 -Wno-bad-function-cast -Wno-conversion -Wno-sign-conversion -Wno-unused-parameter -Wno-sign-compare -Wno-missing-prototypes -Wno-missing-declarations -MMD -MP -MF"system/src/stm32f4-hal/stm32f4xx_hal_sdram.d" -MT"system/src/stm32f4-hal/stm32f4xx_hal_sdram.o" -c -o "system/src/stm32f4-hal/stm32f4xx_hal_sdram.o" "../system/src/stm32f4-hal/stm32f4xx_hal_sdram.c"
Finished building: ../system/src/stm32f4-hal/stm32f4xx_hal_sdram.c
 
Building file: ../system/src/stm32f4-hal/stm32f4xx_hal_smartcard.c
Invoking: GNU ARM Cross C Compiler
arm-none-eabi-gcc -mcpu=cortex-m4 -mthumb -mfloat-abi=soft -Og -fmessage-length=0 -fsigned-char -ffunction-sections -fdata-sections -ffreestanding -fno-move-loop-invariants -Wall -Wextra  -g3 -DDEBUG -DUSE_FULL_ASSERT -DSTM32F446xx -DUSE_HAL_DRIVER -DHSE_VALUE=8000000 -I"../Inc" -I"../system/Inc" -I"../system/Inc/cmsis" -I"../system/Inc/stm32f4-hal" -std=gnu11 -Wno-bad-function-cast -Wno-conversion -Wno-sign-conversion -Wno-unused-parameter -Wno-sign-compare -Wno-missing-prototypes -Wno-missing-declarations -MMD -MP -MF"system/src/stm32f4-hal/stm32f4xx_hal_smartcard.d" -MT"system/src/stm32f4-hal/stm32f4xx_hal_smartcard.o" -c -o "system/src/stm32f4-hal/stm32f4xx_hal_smartcard.o" "../system/src/stm32f4-hal/stm32f4xx_hal_smartcard.c"
Finished building: ../system/src/stm32f4-hal/stm32f4xx_hal_smartcard.c
 
Building file: ../system/src/stm32f4-hal/stm32f4xx_hal_spdifrx.c
Invoking: GNU ARM Cross C Compiler
arm-none-eabi-gcc -mcpu=cortex-m4 -mthumb -mfloat-abi=soft -Og -fmessage-length=0 -fsigned-char -ffunction-sections -fdata-sections -ffreestanding -fno-move-loop-invariants -Wall -Wextra  -g3 -DDEBUG -DUSE_FULL_ASSERT -DSTM32F446xx -DUSE_HAL_DRIVER -DHSE_VALUE=8000000 -I"../Inc" -I"../system/Inc" -I"../system/Inc/cmsis" -I"../system/Inc/stm32f4-hal" -std=gnu11 -Wno-bad-function-cast -Wno-conversion -Wno-sign-conversion -Wno-unused-parameter -Wno-sign-compare -Wno-missing-prototypes -Wno-missing-declarations -MMD -MP -MF"system/src/stm32f4-hal/stm32f4xx_hal_spdifrx.d" -MT"system/src/stm32f4-hal/stm32f4xx_hal_spdifrx.o" -c -o "system/src/stm32f4-hal/stm32f4xx_hal_spdifrx.o" "../system/src/stm32f4-hal/stm32f4xx_hal_spdifrx.c"
Finished building: ../system/src/stm32f4-hal/stm32f4xx_hal_spdifrx.c
 
Building file: ../system/src/stm32f4-hal/stm32f4xx_hal_spi.c
Invoking: GNU ARM Cross C Compiler
arm-none-eabi-gcc -mcpu=cortex-m4 -mthumb -mfloat-abi=soft -Og -fmessage-length=0 -fsigned-char -ffunction-sections -fdata-sections -ffreestanding -fno-move-loop-invariants -Wall -Wextra  -g3 -DDEBUG -DUSE_FULL_ASSERT -DSTM32F446xx -DUSE_HAL_DRIVER -DHSE_VALUE=8000000 -I"../Inc" -I"../system/Inc" -I"../system/Inc/cmsis" -I"../system/Inc/stm32f4-hal" -std=gnu11 -Wno-bad-function-cast -Wno-conversion -Wno-sign-conversion -Wno-unused-parameter -Wno-sign-compare -Wno-missing-prototypes -Wno-missing-declarations -MMD -MP -MF"system/src/stm32f4-hal/stm32f4xx_hal_spi.d" -MT"system/src/stm32f4-hal/stm32f4xx_hal_spi.o" -c -o "system/src/stm32f4-hal/stm32f4xx_hal_spi.o" "../system/src/stm32f4-hal/stm32f4xx_hal_spi.c"
Finished building: ../system/src/stm32f4-hal/stm32f4xx_hal_spi.c
 
Building file: ../system/src/stm32f4-hal/stm32f4xx_hal_sram.c
Invoking: GNU ARM Cross C Compiler
arm-none-eabi-gcc -mcpu=cortex-m4 -mthumb -mfloat-abi=soft -Og -fmessage-length=0 -fsigned-char -ffunction-sections -fdata-sections -ffreestanding -fno-move-loop-invariants -Wall -Wextra  -g3 -DDEBUG -DUSE_FULL_ASSERT -DSTM32F446xx -DUSE_HAL_DRIVER -DHSE_VALUE=8000000 -I"../Inc" -I"../system/Inc" -I"../system/Inc/cmsis" -I"../system/Inc/stm32f4-hal" -std=gnu11 -Wno-bad-function-cast -Wno-conversion -Wno-sign-conversion -Wno-unused-parameter -Wno-sign-compare -Wno-missing-prototypes -Wno-missing-declarations -MMD -MP -MF"system/src/stm32f4-hal/stm32f4xx_hal_sram.d" -MT"system/src/stm32f4-hal/stm32f4xx_hal_sram.o" -c -o "system/src/stm32f4-hal/stm32f4xx_hal_sram.o" "../system/src/stm32f4-hal/stm32f4xx_hal_sram.c"
Finished building: ../system/src/stm32f4-hal/stm32f4xx_hal_sram.c
 
Building file: ../system/src/stm32f4-hal/stm32f4xx_hal_tim.c
Invoking: GNU ARM Cross C Compiler
arm-none-eabi-gcc -mcpu=cortex-m4 -mthumb -mfloat-abi=soft -Og -fmessage-length=0 -fsigned-char -ffunction-sections -fdata-sections -ffreestanding -fno-move-loop-invariants -Wall -Wextra  -g3 -DDEBUG -DUSE_FULL_ASSERT -DSTM32F446xx -DUSE_HAL_DRIVER -DHSE_VALUE=8000000 -I"../Inc" -I"../system/Inc" -I"../system/Inc/cmsis" -I"../system/Inc/stm32f4-hal" -std=gnu11 -Wno-bad-function-cast -Wno-conversion -Wno-sign-conversion -Wno-unused-parameter -Wno-sign-compare -Wno-missing-prototypes -Wno-missing-declarations -MMD -MP -MF"system/src/stm32f4-hal/stm32f4xx_hal_tim.d" -MT"system/src/stm32f4-hal/stm32f4xx_hal_tim.o" -c -o "system/src/stm32f4-hal/stm32f4xx_hal_tim.o" "../system/src/stm32f4-hal/stm32f4xx_hal_tim.c"
Finished building: ../system/src/stm32f4-hal/stm32f4xx_hal_tim.c
 
Building file: ../system/src/stm32f4-hal/stm32f4xx_hal_tim_ex.c
Invoking: GNU ARM Cross C Compiler
arm-none-eabi-gcc -mcpu=cortex-m4 -mthumb -mfloat-abi=soft -Og -fmessage-length=0 -fsigned-char -ffunction-sections -fdata-sections -ffreestanding -fno-move-loop-invariants -Wall -Wextra  -g3 -DDEBUG -DUSE_FULL_ASSERT -DSTM32F446xx -DUSE_HAL_DRIVER -DHSE_VALUE=8000000 -I"../Inc" -I"../system/Inc" -I"../system/Inc/cmsis" -I"../system/Inc/stm32f4-hal" -std=gnu11 -Wno-bad-function-cast -Wno-conversion -Wno-sign-conversion -Wno-unused-parameter -Wno-sign-compare -Wno-missing-prototypes -Wno-missing-declarations -MMD -MP -MF"system/src/stm32f4-hal/stm32f4xx_hal_tim_ex.d" -MT"system/src/stm32f4-hal/stm32f4xx_hal_tim_ex.o" -c -o "system/src/stm32f4-hal/stm32f4xx_hal_tim_ex.o" "../system/src/stm32f4-hal/stm32f4xx_hal_tim_ex.c"
Finished building: ../system/src/stm32f4-hal/stm32f4xx_hal_tim_ex.c
 
Building file: ../system/src/stm32f4-hal/stm32f4xx_hal_timebase_tim_template.c
Invoking: GNU ARM Cross C Compiler
arm-none-eabi-gcc -mcpu=cortex-m4 -mthumb -mfloat-abi=soft -Og -fmessage-length=0 -fsigned-char -ffunction-sections -fdata-sections -ffreestanding -fno-move-loop-invariants -Wall -Wextra  -g3 -DDEBUG -DUSE_FULL_ASSERT -DSTM32F446xx -DUSE_HAL_DRIVER -DHSE_VALUE=8000000 -I"../Inc" -I"../system/Inc" -I"../system/Inc/cmsis" -I"../system/Inc/stm32f4-hal" -std=gnu11 -Wno-bad-function-cast -Wno-conversion -Wno-sign-conversion -Wno-unused-parameter -Wno-sign-compare -Wno-missing-prototypes -Wno-missing-declarations -MMD -MP -MF"system/src/stm32f4-hal/stm32f4xx_hal_timebase_tim_template.d" -MT"system/src/stm32f4-hal/stm32f4xx_hal_timebase_tim_template.o" -c -o "system/src/stm32f4-hal/stm32f4xx_hal_timebase_tim_template.o" "../system/src/stm32f4-hal/stm32f4xx_hal_timebase_tim_template.c"
Finished building: ../system/src/stm32f4-hal/stm32f4xx_hal_timebase_tim_template.c
 
Building file: ../system/src/stm32f4-hal/stm32f4xx_hal_uart.c
Invoking: GNU ARM Cross C Compiler
arm-none-eabi-gcc -mcpu=cortex-m4 -mthumb -mfloat-abi=soft -Og -fmessage-length=0 -fsigned-char -ffunction-sections -fdata-sections -ffreestanding -fno-move-loop-invariants -Wall -Wextra  -g3 -DDEBUG -DUSE_FULL_ASSERT -DSTM32F446xx -DUSE_HAL_DRIVER -DHSE_VALUE=8000000 -I"../Inc" -I"../system/Inc" -I"../system/Inc/cmsis" -I"../system/Inc/stm32f4-hal" -std=gnu11 -Wno-bad-function-cast -Wno-conversion -Wno-sign-conversion -Wno-unused-parameter -Wno-sign-compare -Wno-missing-prototypes -Wno-missing-declarations -MMD -MP -MF"system/src/stm32f4-hal/stm32f4xx_hal_uart.d" -MT"system/src/stm32f4-hal/stm32f4xx_hal_uart.o" -c -o "system/src/stm32f4-hal/stm32f4xx_hal_uart.o" "../system/src/stm32f4-hal/stm32f4xx_hal_uart.c"
Finished building: ../system/src/stm32f4-hal/stm32f4xx_hal_uart.c
 
Building file: ../system/src/stm32f4-hal/stm32f4xx_hal_usart.c
Invoking: GNU ARM Cross C Compiler
arm-none-eabi-gcc -mcpu=cortex-m4 -mthumb -mfloat-abi=soft -Og -fmessage-length=0 -fsigned-char -ffunction-sections -fdata-sections -ffreestanding -fno-move-loop-invariants -Wall -Wextra  -g3 -DDEBUG -DUSE_FULL_ASSERT -DSTM32F446xx -DUSE_HAL_DRIVER -DHSE_VALUE=8000000 -I"../Inc" -I"../system/Inc" -I"../system/Inc/cmsis" -I"../system/Inc/stm32f4-hal" -std=gnu11 -Wno-bad-function-cast -Wno-conversion -Wno-sign-conversion -Wno-unused-parameter -Wno-sign-compare -Wno-missing-prototypes -Wno-missing-declarations -MMD -MP -MF"system/src/stm32f4-hal/stm32f4xx_hal_usart.d" -MT"system/src/stm32f4-hal/stm32f4xx_hal_usart.o" -c -o "system/src/stm32f4-hal/stm32f4xx_hal_usart.o" "../system/src/stm32f4-hal/stm32f4xx_hal_usart.c"
Finished building: ../system/src/stm32f4-hal/stm32f4xx_hal_usart.c
 
Building file: ../system/src/stm32f4-hal/stm32f4xx_hal_wwdg.c
Invoking: GNU ARM Cross C Compiler
arm-none-eabi-gcc -mcpu=cortex-m4 -mthumb -mfloat-abi=soft -Og -fmessage-length=0 -fsigned-char -ffunction-sections -fdata-sections -ffreestanding -fno-move-loop-invariants -Wall -Wextra  -g3 -DDEBUG -DUSE_FULL_ASSERT -DSTM32F446xx -DUSE_HAL_DRIVER -DHSE_VALUE=8000000 -I"../Inc" -I"../system/Inc" -I"../system/Inc/cmsis" -I"../system/Inc/stm32f4-hal" -std=gnu11 -Wno-bad-function-cast -Wno-conversion -Wno-sign-conversion -Wno-unused-parameter -Wno-sign-compare -Wno-missing-prototypes -Wno-missing-declarations -MMD -MP -MF"system/src/stm32f4-hal/stm32f4xx_hal_wwdg.d" -MT"system/src/stm32f4-hal/stm32f4xx_hal_wwdg.o" -c -o "system/src/stm32f4-hal/stm32f4xx_hal_wwdg.o" "../system/src/stm32f4-hal/stm32f4xx_hal_wwdg.c"
Finished building: ../system/src/stm32f4-hal/stm32f4xx_hal_wwdg.c
 
Building file: ../system/src/stm32f4-hal/stm32f4xx_ll_fmc.c
Invoking: GNU ARM Cross C Compiler
arm-none-eabi-gcc -mcpu=cortex-m4 -mthumb -mfloat-abi=soft -Og -fmessage-length=0 -fsigned-char -ffunction-sections -fdata-sections -ffreestanding -fno-move-loop-invariants -Wall -Wextra  -g3 -DDEBUG -DUSE_FULL_ASSERT -DSTM32F446xx -DUSE_HAL_DRIVER -DHSE_VALUE=8000000 -I"../Inc" -I"../system/Inc" -I"../system/Inc/cmsis" -I"../system/Inc/stm32f4-hal" -std=gnu11 -Wno-bad-function-cast -Wno-conversion -Wno-sign-conversion -Wno-unused-parameter -Wno-sign-compare -Wno-missing-prototypes -Wno-missing-declarations -MMD -MP -MF"system/src/stm32f4-hal/stm32f4xx_ll_fmc.d" -MT"system/src/stm32f4-hal/stm32f4xx_ll_fmc.o" -c -o "system/src/stm32f4-hal/stm32f4xx_ll_fmc.o" "../system/src/stm32f4-hal/stm32f4xx_ll_fmc.c"
Finished building: ../system/src/stm32f4-hal/stm32f4xx_ll_fmc.c
 
Building file: ../system/src/stm32f4-hal/stm32f4xx_ll_fsmc.c
Invoking: GNU ARM Cross C Compiler
arm-none-eabi-gcc -mcpu=cortex-m4 -mthumb -mfloat-abi=soft -Og -fmessage-length=0 -fsigned-char -ffunction-sections -fdata-sections -ffreestanding -fno-move-loop-invariants -Wall -Wextra  -g3 -DDEBUG -DUSE_FULL_ASSERT -DSTM32F446xx -DUSE_HAL_DRIVER -DHSE_VALUE=8000000 -I"../Inc" -I"../system/Inc" -I"../system/Inc/cmsis" -I"../system/Inc/stm32f4-hal" -std=gnu11 -Wno-bad-function-cast -Wno-conversion -Wno-sign-conversion -Wno-unused-parameter -Wno-sign-compare -Wno-missing-prototypes -Wno-missing-declarations -MMD -MP -MF"system/src/stm32f4-hal/stm32f4xx_ll_fsmc.d" -MT"system/src/stm32f4-hal/stm32f4xx_ll_fsmc.o" -c -o "system/src/stm32f4-hal/stm32f4xx_ll_fsmc.o" "../system/src/stm32f4-hal/stm32f4xx_ll_fsmc.c"
Finished building: ../system/src/stm32f4-hal/stm32f4xx_ll_fsmc.c
 
Building file: ../system/src/stm32f4-hal/stm32f4xx_ll_sdmmc.c
Invoking: GNU ARM Cross C Compiler
arm-none-eabi-gcc -mcpu=cortex-m4 -mthumb -mfloat-abi=soft -Og -fmessage-length=0 -fsigned-char -ffunction-sections -fdata-sections -ffreestanding -fno-move-loop-invariants -Wall -Wextra  -g3 -DDEBUG -DUSE_FULL_ASSERT -DSTM32F446xx -DUSE_HAL_DRIVER -DHSE_VALUE=8000000 -I"../Inc" -I"../system/Inc" -I"../system/Inc/cmsis" -I"../system/Inc/stm32f4-hal" -std=gnu11 -Wno-bad-function-cast -Wno-conversion -Wno-sign-conversion -Wno-unused-parameter -Wno-sign-compare -Wno-missing-prototypes -Wno-missing-declarations -MMD -MP -MF"system/src/stm32f4-hal/stm32f4xx_ll_sdmmc.d" -MT"system/src/stm32f4-hal/stm32f4xx_ll_sdmmc.o" -c -o "system/src/stm32f4-hal/stm32f4xx_ll_sdmmc.o" "../system/src/stm32f4-hal/stm32f4xx_ll_sdmmc.c"
Finished building: ../system/src/stm32f4-hal/stm32f4xx_ll_sdmmc.c
 
Building file: ../system/src/stm32f4-hal/stm32f4xx_ll_usb.c
Invoking: GNU ARM Cross C Compiler
arm-none-eabi-gcc -mcpu=cortex-m4 -mthumb -mfloat-abi=soft -Og -fmessage-length=0 -fsigned-char -ffunction-sections -fdata-sections -ffreestanding -fno-move-loop-invariants -Wall -Wextra  -g3 -DDEBUG -DUSE_FULL_ASSERT -DSTM32F446xx -DUSE_HAL_DRIVER -DHSE_VALUE=8000000 -I"../Inc" -I"../system/Inc" -I"../system/Inc/cmsis" -I"../system/Inc/stm32f4-hal" -std=gnu11 -Wno-bad-function-cast -Wno-conversion -Wno-sign-conversion -Wno-unused-parameter -Wno-sign-compare -Wno-missing-prototypes -Wno-missing-declarations -MMD -MP -MF"system/src/stm32f4-hal/stm32f4xx_ll_usb.d" -MT"system/src/stm32f4-hal/stm32f4xx_ll_usb.o" -c -o "system/src/stm32f4-hal/stm32f4xx_ll_usb.o" "../system/src/stm32f4-hal/stm32f4xx_ll_usb.c"
Finished building: ../system/src/stm32f4-hal/stm32f4xx_ll_usb.c
 
Building file: ../system/src/newlib/_cxx.cpp
Invoking: GNU ARM Cross C++ Compiler
arm-none-eabi-g++ -mcpu=cortex-m4 -mthumb -mfloat-abi=soft -Og -fmessage-length=0 -fsigned-char -ffunction-sections -fdata-sections -ffreestanding -fno-move-loop-invariants -Wall -Wextra  -g3 -DDEBUG -DUSE_FULL_ASSERT -DSTM32F446xx -DUSE_HAL_DRIVER -DHSE_VALUE=8000000 -I"../Inc" -I"../system/Inc" -I"../system/Inc/cmsis" -I"../system/Inc/stm32f4-hal" -std=gnu++11 -fabi-version=0 -fno-exceptions -fno-rtti -fno-use-cxa-atexit -fno-threadsafe-statics -MMD -MP -MF"system/src/newlib/_cxx.d" -MT"system/src/newlib/_cxx.o" -c -o "system/src/newlib/_cxx.o" "../system/src/newlib/_cxx.cpp"
Finished building: ../system/src/newlib/_cxx.cpp
 
Building file: ../system/src/newlib/_exit.c
Invoking: GNU ARM Cross C Compiler
arm-none-eabi-gcc -mcpu=cortex-m4 -mthumb -mfloat-abi=soft -Og -fmessage-length=0 -fsigned-char -ffunction-sections -fdata-sections -ffreestanding -fno-move-loop-invariants -Wall -Wextra  -g3 -DDEBUG -DUSE_FULL_ASSERT -DSTM32F446xx -DUSE_HAL_DRIVER -DHSE_VALUE=8000000 -I"../Inc" -I"../system/Inc" -I"../system/Inc/cmsis" -I"../system/Inc/stm32f4-hal" -std=gnu11 -MMD -MP -MF"system/src/newlib/_exit.d" -MT"system/src/newlib/_exit.o" -c -o "system/src/newlib/_exit.o" "../system/src/newlib/_exit.c"
Finished building: ../system/src/newlib/_exit.c
 
Building file: ../system/src/newlib/_sbrk.c
Invoking: GNU ARM Cross C Compiler
arm-none-eabi-gcc -mcpu=cortex-m4 -mthumb -mfloat-abi=soft -Og -fmessage-length=0 -fsigned-char -ffunction-sections -fdata-sections -ffreestanding -fno-move-loop-invariants -Wall -Wextra  -g3 -DDEBUG -DUSE_FULL_ASSERT -DSTM32F446xx -DUSE_HAL_DRIVER -DHSE_VALUE=8000000 -I"../Inc" -I"../system/Inc" -I"../system/Inc/cmsis" -I"../system/Inc/stm32f4-hal" -std=gnu11 -MMD -MP -MF"system/src/newlib/_sbrk.d" -MT"system/src/newlib/_sbrk.o" -c -o "system/src/newlib/_sbrk.o" "../system/src/newlib/_sbrk.c"
Finished building: ../system/src/newlib/_sbrk.c
 
Building file: ../system/src/newlib/_startup.c
Invoking: GNU ARM Cross C Compiler
arm-none-eabi-gcc -mcpu=cortex-m4 -mthumb -mfloat-abi=soft -Og -fmessage-length=0 -fsigned-char -ffunction-sections -fdata-sections -ffreestanding -fno-move-loop-invariants -Wall -Wextra  -g3 -DDEBUG -DUSE_FULL_ASSERT -DSTM32F446xx -DUSE_HAL_DRIVER -DHSE_VALUE=8000000 -DOS_INCLUDE_STARTUP_INIT_MULTIPLE_RAM_SECTIONS -I"../Inc" -I"../system/Inc" -I"../system/Inc/cmsis" -I"../system/Inc/stm32f4-hal" -std=gnu11 -MMD -MP -MF"system/src/newlib/_startup.d" -MT"system/src/newlib/_startup.d" -c -o "system/src/newlib/_startup.o" "../system/src/newlib/_startup.c"
Finished building: ../system/src/newlib/_startup.c
 
Building file: ../system/src/newlib/_syscalls.c
Invoking: GNU ARM Cross C Compiler
arm-none-eabi-gcc -mcpu=cortex-m4 -mthumb -mfloat-abi=soft -Og -fmessage-length=0 -fsigned-char -ffunction-sections -fdata-sections -ffreestanding -fno-move-loop-invariants -Wall -Wextra  -g3 -DDEBUG -DUSE_FULL_ASSERT -DSTM32F446xx -DUSE_HAL_DRIVER -DHSE_VALUE=8000000 -I"../Inc" -I"../system/Inc" -I"../system/Inc/cmsis" -I"../system/Inc/stm32f4-hal" -std=gnu11 -MMD -MP -MF"system/src/newlib/_syscalls.d" -MT"system/src/newlib/_syscalls.o" -c -o "system/src/newlib/_syscalls.o" "../system/src/newlib/_syscalls.c"
Finished building: ../system/src/newlib/_syscalls.c
 
Building file: ../system/src/newlib/assert.c
Invoking: GNU ARM Cross C Compiler
arm-none-eabi-gcc -mcpu=cortex-m4 -mthumb -mfloat-abi=soft -Og -fmessage-length=0 -fsigned-char -ffunction-sections -fdata-sections -ffreestanding -fno-move-loop-invariants -Wall -Wextra  -g3 -DDEBUG -DUSE_FULL_ASSERT -DSTM32F446xx -DUSE_HAL_DRIVER -DHSE_VALUE=8000000 -I"../Inc" -I"../system/Inc" -I"../system/Inc/cmsis" -I"../system/Inc/stm32f4-hal" -std=gnu11 -MMD -MP -MF"system/src/newlib/assert.d" -MT"system/src/newlib/assert.o" -c -o "system/src/newlib/assert.o" "../system/src/newlib/assert.c"
Finished building: ../system/src/newlib/assert.c
 
Building file: ../system/src/diag/Trace.c
Invoking: GNU ARM Cross C Compiler
arm-none-eabi-gcc -mcpu=cortex-m4 -mthumb -mfloat-abi=soft -Og -fmessage-length=0 -fsigned-char -ffunction-sections -fdata-sections -ffreestanding -fno-move-loop-invariants -Wall -Wextra  -g3 -DDEBUG -DUSE_FULL_ASSERT -DSTM32F446xx -DUSE_HAL_DRIVER -DHSE_VALUE=8000000 -I"../Inc" -I"../system/Inc" -I"../system/Inc/cmsis" -I"../system/Inc/stm32f4-hal" -std=gnu11 -MMD -MP -MF"system/src/diag/Trace.d" -MT"system/src/diag/Trace.o" -c -o "system/src/diag/Trace.o" "../system/src/diag/Trace.c"
Finished building: ../system/src/diag/Trace.c
 
Building file: ../system/src/diag/trace_impl.c
Invoking: GNU ARM Cross C Compiler
arm-none-eabi-gcc -mcpu=cortex-m4 -mthumb -mfloat-abi=soft -Og -fmessage-length=0 -fsigned-char -ffunction-sections -fdata-sections -ffreestanding -fno-move-loop-invariants -Wall -Wextra  -g3 -DDEBUG -DUSE_FULL_ASSERT -DSTM32F446xx -DUSE_HAL_DRIVER -DHSE_VALUE=8000000 -I"../Inc" -I"../system/Inc" -I"../system/Inc/cmsis" -I"../system/Inc/stm32f4-hal" -std=gnu11 -MMD -MP -MF"system/src/diag/trace_impl.d" -MT"system/src/diag/trace_impl.o" -c -o "system/src/diag/trace_impl.o" "../system/src/diag/trace_impl.c"
Finished building: ../system/src/diag/trace_impl.c
 
Building file: ../system/src/cortexm/_initialize_hardware.c
Invoking: GNU ARM Cross C Compiler
arm-none-eabi-gcc -mcpu=cortex-m4 -mthumb -mfloat-abi=soft -Og -fmessage-length=0 -fsigned-char -ffunction-sections -fdata-sections -ffreestanding -fno-move-loop-invariants -Wall -Wextra  -g3 -DDEBUG -DUSE_FULL_ASSERT -DSTM32F446xx -DUSE_HAL_DRIVER -DHSE_VALUE=8000000 -I"../Inc" -I"../system/Inc" -I"../system/Inc/cmsis" -I"../system/Inc/stm32f4-hal" -std=gnu11 -MMD -MP -MF"system/src/cortexm/_initialize_hardware.d" -MT"system/src/cortexm/_initialize_hardware.o" -c -o "system/src/cortexm/_initialize_hardware.o" "../system/src/cortexm/_initialize_hardware.c"
Finished building: ../system/src/cortexm/_initialize_hardware.c
 
Building file: ../system/src/cortexm/_reset_hardware.c
Invoking: GNU ARM Cross C Compiler
arm-none-eabi-gcc -mcpu=cortex-m4 -mthumb -mfloat-abi=soft -Og -fmessage-length=0 -fsigned-char -ffunction-sections -fdata-sections -ffreestanding -fno-move-loop-invariants -Wall -Wextra  -g3 -DDEBUG -DUSE_FULL_ASSERT -DSTM32F446xx -DUSE_HAL_DRIVER -DHSE_VALUE=8000000 -I"../Inc" -I"../system/Inc" -I"../system/Inc/cmsis" -I"../system/Inc/stm32f4-hal" -std=gnu11 -MMD -MP -MF"system/src/cortexm/_reset_hardware.d" -MT"system/src/cortexm/_reset_hardware.o" -c -o "system/src/cortexm/_reset_hardware.o" "../system/src/cortexm/_reset_hardware.c"
Finished building: ../system/src/cortexm/_reset_hardware.c
 
Building file: ../system/src/cortexm/exception_handlers.c
Invoking: GNU ARM Cross C Compiler
arm-none-eabi-gcc -mcpu=cortex-m4 -mthumb -mfloat-abi=soft -Og -fmessage-length=0 -fsigned-char -ffunction-sections -fdata-sections -ffreestanding -fno-move-loop-invariants -Wall -Wextra  -g3 -DDEBUG -DUSE_FULL_ASSERT -DSTM32F446xx -DUSE_HAL_DRIVER -DHSE_VALUE=8000000 -I"../Inc" -I"../system/Inc" -I"../system/Inc/cmsis" -I"../system/Inc/stm32f4-hal" -std=gnu11 -MMD -MP -MF"system/src/cortexm/exception_handlers.d" -MT"system/src/cortexm/exception_handlers.o" -c -o "system/src/cortexm/exception_handlers.o" "../system/src/cortexm/exception_handlers.c"
Finished building: ../system/src/cortexm/exception_handlers.c
 
Building file: ../system/src/cmsis/vectors_stm32f446xx.c
Invoking: GNU ARM Cross C Compiler
arm-none-eabi-gcc -mcpu=cortex-m4 -mthumb -mfloat-abi=soft -Og -fmessage-length=0 -fsigned-char -ffunction-sections -fdata-sections -ffreestanding -fno-move-loop-invariants -Wall -Wextra  -g3 -DDEBUG -DUSE_FULL_ASSERT -DSTM32F446xx -DUSE_HAL_DRIVER -DHSE_VALUE=8000000 -I"../Inc" -I"../system/Inc" -I"../system/Inc/cmsis" -I"../system/Inc/stm32f4-hal" -std=gnu11 -MMD -MP -MF"system/src/cmsis/vectors_stm32f446xx.d" -MT"system/src/cmsis/vectors_stm32f446xx.o" -c -o "system/src/cmsis/vectors_stm32f446xx.o" "../system/src/cmsis/vectors_stm32f446xx.c"
Finished building: ../system/src/cmsis/vectors_stm32f446xx.c
 
Building file: ../src/CC1125.c
Invoking: GNU ARM Cross C Compiler
arm-none-eabi-gcc -mcpu=cortex-m4 -mthumb -mfloat-abi=soft -Og -fmessage-length=0 -fsigned-char -ffunction-sections -fdata-sections -ffreestanding -fno-move-loop-invariants -Wall -Wextra  -g3 -DDEBUG -DUSE_FULL_ASSERT -DSTM32F446xx -DUSE_HAL_DRIVER -DHSE_VALUE=8000000 -I"../Inc" -I"../system/Inc" -I"../system/Inc/cmsis" -I"../system/Inc/stm32f4-hal" -std=gnu11 -MMD -MP -MF"src/CC1125.d" -MT"src/CC1125.o" -c -o "src/CC1125.o" "../src/CC1125.c"
Finished building: ../src/CC1125.c
 
Building file: ../src/LSM9DS0.c
Invoking: GNU ARM Cross C Compiler
arm-none-eabi-gcc -mcpu=cortex-m4 -mthumb -mfloat-abi=soft -Og -fmessage-length=0 -fsigned-char -ffunction-sections -fdata-sections -ffreestanding -fno-move-loop-invariants -Wall -Wextra  -g3 -DDEBUG -DUSE_FULL_ASSERT -DSTM32F446xx -DUSE_HAL_DRIVER -DHSE_VALUE=8000000 -I"../Inc" -I"../system/Inc" -I"../system/Inc/cmsis" -I"../system/Inc/stm32f4-hal" -std=gnu11 -MMD -MP -MF"src/LSM9DS0.d" -MT"src/LSM9DS0.o" -c -o "src/LSM9DS0.o" "../src/LSM9DS0.c"
../src/LSM9DS0.c: In function 'LSM9DS0_ReadAccel':
../src/LSM9DS0.c:34:11: warning: variable 'temp' set but not used [-Wunused-but-set-variable]
   int16_t temp = 0;
           ^
Finished building: ../src/LSM9DS0.c
 
Building file: ../src/MS5607.c
Invoking: GNU ARM Cross C Compiler
arm-none-eabi-gcc -mcpu=cortex-m4 -mthumb -mfloat-abi=soft -Og -fmessage-length=0 -fsigned-char -ffunction-sections -fdata-sections -ffreestanding -fno-move-loop-invariants -Wall -Wextra  -g3 -DDEBUG -DUSE_FULL_ASSERT -DSTM32F446xx -DUSE_HAL_DRIVER -DHSE_VALUE=8000000 -I"../Inc" -I"../system/Inc" -I"../system/Inc/cmsis" -I"../system/Inc/stm32f4-hal" -std=gnu11 -MMD -MP -MF"src/MS5607.d" -MT"src/MS5607.o" -c -o "src/MS5607.o" "../src/MS5607.c"
Finished building: ../src/MS5607.c
 
Building file: ../src/_initialize_hardware.c
Invoking: GNU ARM Cross C Compiler
arm-none-eabi-gcc -mcpu=cortex-m4 -mthumb -mfloat-abi=soft -Og -fmessage-length=0 -fsigned-char -ffunction-sections -fdata-sections -ffreestanding -fno-move-loop-invariants -Wall -Wextra  -g3 -DDEBUG -DUSE_FULL_ASSERT -DSTM32F446xx -DUSE_HAL_DRIVER -DHSE_VALUE=8000000 -I"../Inc" -I"../system/Inc" -I"../system/Inc/cmsis" -I"../system/Inc/stm32f4-hal" -std=gnu11 -MMD -MP -MF"src/_initialize_hardware.d" -MT"src/_initialize_hardware.o" -c -o "src/_initialize_hardware.o" "../src/_initialize_hardware.c"
../src/_initialize_hardware.c: In function 'SystemClock_Config':
../src/_initialize_hardware.c:126:2: warning: #warning "Please check if the SystemClock_Config() settings match your board!" [-Wcpp]
 #warning "Please check if the SystemClock_Config() settings match your board!"
  ^
Finished building: ../src/_initialize_hardware.c
 
Building file: ../src/_write.c
Invoking: GNU ARM Cross C Compiler
arm-none-eabi-gcc -mcpu=cortex-m4 -mthumb -mfloat-abi=soft -Og -fmessage-length=0 -fsigned-char -ffunction-sections -fdata-sections -ffreestanding -fno-move-loop-invariants -Wall -Wextra  -g3 -DDEBUG -DUSE_FULL_ASSERT -DSTM32F446xx -DUSE_HAL_DRIVER -DHSE_VALUE=8000000 -I"../Inc" -I"../system/Inc" -I"../system/Inc/cmsis" -I"../system/Inc/stm32f4-hal" -std=gnu11 -MMD -MP -MF"src/_write.d" -MT"src/_write.o" -c -o "src/_write.o" "../src/_write.c"
Finished building: ../src/_write.c
 
Building file: ../src/main.c
Invoking: GNU ARM Cross C Compiler
arm-none-eabi-gcc -mcpu=cortex-m4 -mthumb -mfloat-abi=soft -Og -fmessage-length=0 -fsigned-char -ffunction-sections -fdata-sections -ffreestanding -fno-move-loop-invariants -Wall -Wextra  -g3 -DDEBUG -DUSE_FULL_ASSERT -DSTM32F446xx -DUSE_HAL_DRIVER -DHSE_VALUE=8000000 -I"../Inc" -I"../system/Inc" -I"../system/Inc/cmsis" -I"../system/Inc/stm32f4-hal" -std=gnu11 -MMD -MP -MF"src/main.d" -MT"src/main.o" -c -o "src/main.o" "../src/main.c"
../src/main.c: In function 'main':
../src/main.c:147:11: warning: unused variable 'accelData' [-Wunused-variable]
   int16_t accelData[3] = {0, 0, 0};
           ^
../src/main.c:137:11: warning: variable 'Baro' set but not used [-Wunused-but-set-variable]
   _MS5607 Baro;
           ^
../src/main.c:102:20: warning: variable 'num_bytes' set but not used [-Wunused-but-set-variable]
   volatile uint8_t num_bytes = 0;
                    ^
../src/main.c: In function '_Error_Handler':
../src/main.c:555:28: warning: unused parameter 'file' [-Wunused-parameter]
 void _Error_Handler(char * file, int line)
                            ^
../src/main.c:555:38: warning: unused parameter 'line' [-Wunused-parameter]
 void _Error_Handler(char * file, int line)
                                      ^
../src/main.c: In function 'assert_failed':
../src/main.c:574:29: warning: unused parameter 'file' [-Wunused-parameter]
 void assert_failed(uint8_t* file, uint32_t line)
                             ^
../src/main.c:574:44: warning: unused parameter 'line' [-Wunused-parameter]
 void assert_failed(uint8_t* file, uint32_t line)
                                            ^
Finished building: ../src/main.c
 
Building file: ../src/stm32f4xx_hal_msp.c
Invoking: GNU ARM Cross C Compiler
arm-none-eabi-gcc -mcpu=cortex-m4 -mthumb -mfloat-abi=soft -Og -fmessage-length=0 -fsigned-char -ffunction-sections -fdata-sections -ffreestanding -fno-move-loop-invariants -Wall -Wextra  -g3 -DDEBUG -DUSE_FULL_ASSERT -DSTM32F446xx -DUSE_HAL_DRIVER -DHSE_VALUE=8000000 -I"../Inc" -I"../system/Inc" -I"../system/Inc/cmsis" -I"../system/Inc/stm32f4-hal" -std=gnu11 -Wno-missing-prototypes -Wno-missing-declarations -MMD -MP -MF"src/stm32f4xx_hal_msp.d" -MT"src/stm32f4xx_hal_msp.d" -c -o "src/stm32f4xx_hal_msp.o" "../src/stm32f4xx_hal_msp.c"
Finished building: ../src/stm32f4xx_hal_msp.c
 
Building file: ../src/stm32f4xx_it.c
Invoking: GNU ARM Cross C Compiler
arm-none-eabi-gcc -mcpu=cortex-m4 -mthumb -mfloat-abi=soft -Og -fmessage-length=0 -fsigned-char -ffunction-sections -fdata-sections -ffreestanding -fno-move-loop-invariants -Wall -Wextra  -g3 -DDEBUG -DUSE_FULL_ASSERT -DSTM32F446xx -DUSE_HAL_DRIVER -DHSE_VALUE=8000000 -I"../Inc" -I"../system/Inc" -I"../system/Inc/cmsis" -I"../system/Inc/stm32f4-hal" -std=gnu11 -MMD -MP -MF"src/stm32f4xx_it.d" -MT"src/stm32f4xx_it.o" -c -o "src/stm32f4xx_it.o" "../src/stm32f4xx_it.c"
Finished building: ../src/stm32f4xx_it.c
 
Building file: ../src/system_stm32f4xx.c
Invoking: GNU ARM Cross C Compiler
arm-none-eabi-gcc -mcpu=cortex-m4 -mthumb -mfloat-abi=soft -Og -fmessage-length=0 -fsigned-char -ffunction-sections -fdata-sections -ffreestanding -fno-move-loop-invariants -Wall -Wextra  -g3 -DDEBUG -DUSE_FULL_ASSERT -DSTM32F446xx -DUSE_HAL_DRIVER -DHSE_VALUE=8000000 -I"../Inc" -I"../system/Inc" -I"../system/Inc/cmsis" -I"../system/Inc/stm32f4-hal" -std=gnu11 -MMD -MP -MF"src/system_stm32f4xx.d" -MT"src/system_stm32f4xx.o" -c -o "src/system_stm32f4xx.o" "../src/system_stm32f4xx.c"
Finished building: ../src/system_stm32f4xx.c
 
Building target: flight_computer.elf
Invoking: GNU ARM Cross C++ Linker
arm-none-eabi-g++ -mcpu=cortex-m4 -mthumb -mfloat-abi=soft -Og -fmessage-length=0 -fsigned-char -ffunction-sections -fdata-sections -ffreestanding -fno-move-loop-invariants -Wall -Wextra  -g3 -T mem.ld -T libs.ld -T sections.ld -nostartfiles -Xlinker --gc-sections -L"../ldscripts" -Wl,-Map,"flight_computer.map" --specs=nano.specs -o "flight_computer.elf"  ./system/src/stm32f4-hal/stm32f4xx_hal.o ./system/src/stm32f4-hal/stm32f4xx_hal_adc.o ./system/src/stm32f4-hal/stm32f4xx_hal_adc_ex.o ./system/src/stm32f4-hal/stm32f4xx_hal_can.o ./system/src/stm32f4-hal/stm32f4xx_hal_cec.o ./system/src/stm32f4-hal/stm32f4xx_hal_cortex.o ./system/src/stm32f4-hal/stm32f4xx_hal_crc.o ./system/src/stm32f4-hal/stm32f4xx_hal_cryp.o ./system/src/stm32f4-hal/stm32f4xx_hal_cryp_ex.o ./system/src/stm32f4-hal/stm32f4xx_hal_dac.o ./system/src/stm32f4-hal/stm32f4xx_hal_dac_ex.o ./system/src/stm32f4-hal/stm32f4xx_hal_dcmi.o ./system/src/stm32f4-hal/stm32f4xx_hal_dcmi_ex.o ./system/src/stm32f4-hal/stm32f4xx_hal_dfsdm.o ./system/src/stm32f4-hal/stm32f4xx_hal_dma.o ./system/src/stm32f4-hal/stm32f4xx_hal_dma2d.o ./system/src/stm32f4-hal/stm32f4xx_hal_dma_ex.o ./system/src/stm32f4-hal/stm32f4xx_hal_dsi.o ./system/src/stm32f4-hal/stm32f4xx_hal_eth.o ./system/src/stm32f4-hal/stm32f4xx_hal_flash.o ./system/src/stm32f4-hal/stm32f4xx_hal_flash_ex.o ./system/src/stm32f4-hal/stm32f4xx_hal_flash_ramfunc.o ./system/src/stm32f4-hal/stm32f4xx_hal_fmpi2c.o ./system/src/stm32f4-hal/stm32f4xx_hal_fmpi2c_ex.o ./system/src/stm32f4-hal/stm32f4xx_hal_gpio.o ./system/src/stm32f4-hal/stm32f4xx_hal_hash.o ./system/src/stm32f4-hal/stm32f4xx_hal_hash_ex.o ./system/src/stm32f4-hal/stm32f4xx_hal_hcd.o ./system/src/stm32f4-hal/stm32f4xx_hal_i2c.o ./system/src/stm32f4-hal/stm32f4xx_hal_i2c_ex.o ./system/src/stm32f4-hal/stm32f4xx_hal_i2s.o ./system/src/stm32f4-hal/stm32f4xx_hal_i2s_ex.o ./system/src/stm32f4-hal/stm32f4xx_hal_irda.o ./system/src/stm32f4-hal/stm32f4xx_hal_iwdg.o ./system/src/stm32f4-hal/stm32f4xx_hal_lptim.o ./system/src/stm32f4-hal/stm32f4xx_hal_ltdc.o ./system/src/stm32f4-hal/stm32f4xx_hal_ltdc_ex.o ./system/src/stm32f4-hal/stm32f4xx_hal_nand.o ./system/src/stm32f4-hal/stm32f4xx_hal_nor.o ./system/src/stm32f4-hal/stm32f4xx_hal_pccard.o ./system/src/stm32f4-hal/stm32f4xx_hal_pcd.o ./system/src/stm32f4-hal/stm32f4xx_hal_pcd_ex.o ./system/src/stm32f4-hal/stm32f4xx_hal_pwr.o ./system/src/stm32f4-hal/stm32f4xx_hal_pwr_ex.o ./system/src/stm32f4-hal/stm32f4xx_hal_qspi.o ./system/src/stm32f4-hal/stm32f4xx_hal_rcc.o ./system/src/stm32f4-hal/stm32f4xx_hal_rcc_ex.o ./system/src/stm32f4-hal/stm32f4xx_hal_rng.o ./system/src/stm32f4-hal/stm32f4xx_hal_rtc.o ./system/src/stm32f4-hal/stm32f4xx_hal_rtc_ex.o ./system/src/stm32f4-hal/stm32f4xx_hal_sai.o ./system/src/stm32f4-hal/stm32f4xx_hal_sai_ex.o ./system/src/stm32f4-hal/stm32f4xx_hal_sd.o ./system/src/stm32f4-hal/stm32f4xx_hal_sdram.o ./system/src/stm32f4-hal/stm32f4xx_hal_smartcard.o ./system/src/stm32f4-hal/stm32f4xx_hal_spdifrx.o ./system/src/stm32f4-hal/stm32f4xx_hal_spi.o ./system/src/stm32f4-hal/stm32f4xx_hal_sram.o ./system/src/stm32f4-hal/stm32f4xx_hal_tim.o ./system/src/stm32f4-hal/stm32f4xx_hal_tim_ex.o ./system/src/stm32f4-hal/stm32f4xx_hal_timebase_tim_template.o ./system/src/stm32f4-hal/stm32f4xx_hal_uart.o ./system/src/stm32f4-hal/stm32f4xx_hal_usart.o ./system/src/stm32f4-hal/stm32f4xx_hal_wwdg.o ./system/src/stm32f4-hal/stm32f4xx_ll_fmc.o ./system/src/stm32f4-hal/stm32f4xx_ll_fsmc.o ./system/src/stm32f4-hal/stm32f4xx_ll_sdmmc.o ./system/src/stm32f4-hal/stm32f4xx_ll_usb.o  ./system/src/newlib/_cxx.o ./system/src/newlib/_exit.o ./system/src/newlib/_sbrk.o ./system/src/newlib/_startup.o ./system/src/newlib/_syscalls.o ./system/src/newlib/assert.o  ./system/src/diag/Trace.o ./system/src/diag/trace_impl.o  ./system/src/cortexm/_initialize_hardware.o ./system/src/cortexm/_reset_hardware.o ./system/src/cortexm/exception_handlers.o  ./system/src/cmsis/vectors_stm32f446xx.o  ./src/CC1125.o ./src/LSM9DS0.o ./src/MS5607.o ./src/_initialize_hardware.o ./src/_write.o ./src/main.o ./src/stm32f4xx_hal_msp.o ./src/stm32f4xx_it.o ./src/system_stm32f4xx.o   
Finished building target: flight_computer.elf
 
Invoking: GNU ARM Cross Create Flash Image
arm-none-eabi-objcopy -O ihex "flight_computer.elf"  "flight_computer.hex"
Finished building: flight_computer.hex
 
Invoking: GNU ARM Cross Print Size
arm-none-eabi-size --format=berkeley "flight_computer.elf"
   text	   data	    bss	    dec	    hex	filename
  14060	     60	    860	  14980	   3a84	flight_computer.elf
Finished building: flight_computer.siz
 

03:10:37 Build Finished (took 1m:16s.695ms)

