01:51:23 **** Incremental Build of configuration Debug for project Flight_Computer_Core ****
make all 
Building file: ../Src/main.c
Invoking: GNU ARM Cross C Compiler
arm-none-eabi-gcc -mcpu=cortex-m4 -mthumb -mfloat-abi=soft -Og -fmessage-length=0 -fsigned-char -ffunction-sections -fdata-sections -ffreestanding -fno-move-loop-invariants -Wall -Wextra  -g3 -DDEBUG -DUSE_FULL_ASSERT -DTRACE -DOS_USE_TRACE_ITM -DSTM32F446xx -DUSE_HAL_DRIVER -DHSE_VALUE=24000000 -I"../Inc" -I"../system/Inc" -I"../system/Inc/cmsis" -I"../system/Inc/stm32f4-hal" -std=gnu11 -MMD -MP -MF"Src/main.d" -MT"Src/main.o" -c -o "Src/main.o" "../Src/main.c"
../Src/main.c: In function 'main':
../Src/main.c:134:12: warning: unused variable 'log' [-Wunused-variable]
   logfile *log = new_log();
            ^
../Src/main.c: In function '_Error_Handler':
../Src/main.c:447:28: warning: unused parameter 'file' [-Wunused-parameter]
 void _Error_Handler(char * file, int line)
                            ^
../Src/main.c:447:38: warning: unused parameter 'line' [-Wunused-parameter]
 void _Error_Handler(char * file, int line)
                                      ^
../Src/main.c: In function 'assert_failed':
../Src/main.c:466:29: warning: unused parameter 'file' [-Wunused-parameter]
 void assert_failed(uint8_t* file, uint32_t line)
                             ^
../Src/main.c:466:44: warning: unused parameter 'line' [-Wunused-parameter]
 void assert_failed(uint8_t* file, uint32_t line)
                                            ^
Finished building: ../Src/main.c
 
Building target: Flight_Computer_Core.elf
Invoking: GNU ARM Cross C++ Linker
arm-none-eabi-g++ -mcpu=cortex-m4 -mthumb -mfloat-abi=soft -Og -fmessage-length=0 -fsigned-char -ffunction-sections -fdata-sections -ffreestanding -fno-move-loop-invariants -Wall -Wextra  -g3 -T mem.ld -T libs.ld -T sections.ld -nostartfiles -Xlinker --gc-sections -L"../ldscripts" -Wl,-Map,"Flight_Computer_Core.map" -o "Flight_Computer_Core.elf"  ./system/Src/stm32f4-hal/stm32f4xx_hal.o ./system/Src/stm32f4-hal/stm32f4xx_hal_adc.o ./system/Src/stm32f4-hal/stm32f4xx_hal_cortex.o ./system/Src/stm32f4-hal/stm32f4xx_hal_dfsdm.o ./system/Src/stm32f4-hal/stm32f4xx_hal_dma.o ./system/Src/stm32f4-hal/stm32f4xx_hal_flash.o ./system/Src/stm32f4-hal/stm32f4xx_hal_gpio.o ./system/Src/stm32f4-hal/stm32f4xx_hal_iwdg.o ./system/Src/stm32f4-hal/stm32f4xx_hal_pwr.o ./system/Src/stm32f4-hal/stm32f4xx_hal_pwr_ex.o ./system/Src/stm32f4-hal/stm32f4xx_hal_rcc.o ./system/Src/stm32f4-hal/stm32f4xx_hal_spi.o ./system/Src/stm32f4-hal/stm32f4xx_hal_tim.o ./system/Src/stm32f4-hal/stm32f4xx_hal_uart.o  ./system/Src/newlib/_cxx.o ./system/Src/newlib/_exit.o ./system/Src/newlib/_sbrk.o ./system/Src/newlib/_startup.o ./system/Src/newlib/_syscalls.o ./system/Src/newlib/assert.o  ./system/Src/diag/Trace.o ./system/Src/diag/trace_impl.o  ./system/Src/cortexm/_initialize_hardware.o ./system/Src/cortexm/_reset_hardware.o ./system/Src/cortexm/exception_handlers.o  ./system/Src/cmsis/vectors_stm32f446xx.o  ./Src/_initialize_hardware.o ./Src/_write.o ./Src/commandline.o ./Src/flash.o ./Src/main.o ./Src/sensors.o ./Src/stm32f4xx_hal_msp.o ./Src/stm32f4xx_it.o ./Src/system_stm32f4xx.o   
Finished building target: Flight_Computer_Core.elf
 
Invoking: GNU ARM Cross Create Flash Image
arm-none-eabi-objcopy -O ihex "Flight_Computer_Core.elf"  "Flight_Computer_Core.hex"
Finished building: Flight_Computer_Core.hex
 
Invoking: GNU ARM Cross Print Size
arm-none-eabi-size --format=berkeley "Flight_Computer_Core.elf"
   text	   data	    bss	    dec	    hex	filename
  33944	   2224	    900	  37068	   90cc	Flight_Computer_Core.elf
Finished building: Flight_Computer_Core.siz
 
01:51:33 **** Incremental Build of configuration Debug for project Flight_Computer_Core ****
make all 
Invoking: GNU ARM Cross Print Size
arm-none-eabi-size --format=berkeley "Flight_Computer_Core.elf"
   text	   data	    bss	    dec	    hex	filename
  33944	   2224	    900	  37068	   90cc	Flight_Computer_Core.elf
Finished building: Flight_Computer_Core.siz
 
02:23:17 **** Incremental Build of configuration Debug for project Flight_Computer_Core ****
make all 
Building file: ../Src/main.c
Invoking: GNU ARM Cross C Compiler
arm-none-eabi-gcc -mcpu=cortex-m4 -mthumb -mfloat-abi=soft -Og -fmessage-length=0 -fsigned-char -ffunction-sections -fdata-sections -ffreestanding -fno-move-loop-invariants -Wall -Wextra  -g3 -DDEBUG -DUSE_FULL_ASSERT -DTRACE -DOS_USE_TRACE_ITM -DSTM32F446xx -DUSE_HAL_DRIVER -DHSE_VALUE=24000000 -I"../Inc" -I"../system/Inc" -I"../system/Inc/cmsis" -I"../system/Inc/stm32f4-hal" -std=gnu11 -MMD -MP -MF"Src/main.d" -MT"Src/main.o" -c -o "Src/main.o" "../Src/main.c"
../Src/main.c: In function 'main':
../Src/main.c:141:12: warning: unused variable 'log' [-Wunused-variable]
   logfile *log = new_log();
            ^
../Src/main.c: In function '_Error_Handler':
../Src/main.c:454:28: warning: unused parameter 'file' [-Wunused-parameter]
 void _Error_Handler(char * file, int line)
                            ^
../Src/main.c:454:38: warning: unused parameter 'line' [-Wunused-parameter]
 void _Error_Handler(char * file, int line)
                                      ^
../Src/main.c: In function 'assert_failed':
../Src/main.c:473:29: warning: unused parameter 'file' [-Wunused-parameter]
 void assert_failed(uint8_t* file, uint32_t line)
                             ^
../Src/main.c:473:44: warning: unused parameter 'line' [-Wunused-parameter]
 void assert_failed(uint8_t* file, uint32_t line)
                                            ^
Finished building: ../Src/main.c
 
Building file: ../Src/sensors.c
Invoking: GNU ARM Cross C Compiler
arm-none-eabi-gcc -mcpu=cortex-m4 -mthumb -mfloat-abi=soft -Og -fmessage-length=0 -fsigned-char -ffunction-sections -fdata-sections -ffreestanding -fno-move-loop-invariants -Wall -Wextra  -g3 -DDEBUG -DUSE_FULL_ASSERT -DTRACE -DOS_USE_TRACE_ITM -DSTM32F446xx -DUSE_HAL_DRIVER -DHSE_VALUE=24000000 -I"../Inc" -I"../system/Inc" -I"../system/Inc/cmsis" -I"../system/Inc/stm32f4-hal" -std=gnu11 -MMD -MP -MF"Src/sensors.d" -MT"Src/sensors.o" -c -o "Src/sensors.o" "../Src/sensors.c"
../Src/sensors.c:71:1: warning: return type defaults to 'int' [-Wimplicit-int]
 init_gyros(void){
 ^
../Src/sensors.c:71:1: warning: conflicting types for 'init_gyros'
In file included from ../Src/sensors.c:11:0:
../Src/sensors.h:35:6: note: previous declaration of 'init_gyros' was here
 void init_gyros(void);
      ^
../Src/sensors.c: In function 'test_gyros':
../Src/sensors.c:119:36: warning: implicit declaration of function 'strlen' [-Wimplicit-function-declaration]
   HAL_UART_Transmit(&huart1, data, strlen(data), 0xff);
                                    ^
../Src/sensors.c:134:14: warning: pointer targets in passing argument 1 of 'snprintf' differ in signedness [-Wpointer-sign]
     snprintf(data, 100, "%d %d %d\r\n", avg_x, avg_y, avg_z);
              ^
In file included from c:\program files (x86)\gnu tools arm embedded\5.4 2016q2\arm-none-eabi\include\stdio.h:29:0,
                 from ../system/Inc/stm32f4-hal/stm32f4xx_hal_def.h:50,
                 from ../system/Inc/stm32f4-hal/stm32f4xx_hal_rcc.h:47,
                 from ../Inc/stm32f4xx_hal_conf.h:244,
                 from ../system/Inc/stm32f4-hal/stm32f4xx_hal.h:48,
                 from ../Src/sensors.c:10:
c:\program files (x86)\gnu tools arm embedded\5.4 2016q2\arm-none-eabi\include\stdio.h:253:5: note: expected 'char * restrict' but argument is of type 'uint8_t * {aka unsigned char *}'
 int _EXFUN(snprintf, (char *__restrict, size_t, const char *__restrict, ...)
     ^
../Src/sensors.c: In function 'test_accel':
../Src/sensors.c:196:16: warning: pointer targets in passing argument 1 of 'snprintf' differ in signedness [-Wpointer-sign]
       snprintf(data, 100, "%.3f %.3f %.3f\r\n", temp1, temp2, temp3); //X Y Z
                ^
In file included from c:\program files (x86)\gnu tools arm embedded\5.4 2016q2\arm-none-eabi\include\stdio.h:29:0,
                 from ../system/Inc/stm32f4-hal/stm32f4xx_hal_def.h:50,
                 from ../system/Inc/stm32f4-hal/stm32f4xx_hal_rcc.h:47,
                 from ../Inc/stm32f4xx_hal_conf.h:244,
                 from ../system/Inc/stm32f4-hal/stm32f4xx_hal.h:48,
                 from ../Src/sensors.c:10:
c:\program files (x86)\gnu tools arm embedded\5.4 2016q2\arm-none-eabi\include\stdio.h:253:5: note: expected 'char * restrict' but argument is of type 'uint8_t * {aka unsigned char *}'
 int _EXFUN(snprintf, (char *__restrict, size_t, const char *__restrict, ...)
     ^
../Src/sensors.c: At top level:
../Src/sensors.c:254:6: error: conflicting types for 'D1_conv_baro'
 void D1_conv_baro(baro *b){
      ^
In file included from ../Src/sensors.c:11:0:
../Src/sensors.h:44:6: note: previous declaration of 'D1_conv_baro' was here
 void D1_conv_baro(void);
      ^
../Src/sensors.c:264:6: error: conflicting types for 'D2_conv_baro'
 void D2_conv_baro(baro *b){
      ^
In file included from ../Src/sensors.c:11:0:
../Src/sensors.h:45:6: note: previous declaration of 'D2_conv_baro' was here
 void D2_conv_baro(void);
      ^
../Src/sensors.c: In function 'conv_pres_baro':
../Src/sensors.c:299:15: warning: variable 'TEMP' set but not used [-Wunused-but-set-variable]
   int32_t dT, TEMP;
               ^
Src/subdir.mk:42: recipe for target 'Src/sensors.o' failed
make: *** [Src/sensors.o] Error 1
02:24:12 **** Incremental Build of configuration Debug for project Flight_Computer_Core ****
make all 
Building file: ../Src/main.c
Invoking: GNU ARM Cross C Compiler
arm-none-eabi-gcc -mcpu=cortex-m4 -mthumb -mfloat-abi=soft -Og -fmessage-length=0 -fsigned-char -ffunction-sections -fdata-sections -ffreestanding -fno-move-loop-invariants -Wall -Wextra  -g3 -DDEBUG -DUSE_FULL_ASSERT -DTRACE -DOS_USE_TRACE_ITM -DSTM32F446xx -DUSE_HAL_DRIVER -DHSE_VALUE=24000000 -I"../Inc" -I"../system/Inc" -I"../system/Inc/cmsis" -I"../system/Inc/stm32f4-hal" -std=gnu11 -MMD -MP -MF"Src/main.d" -MT"Src/main.o" -c -o "Src/main.o" "../Src/main.c"
../Src/main.c: In function 'main':
../Src/main.c:142:12: warning: unused variable 'log' [-Wunused-variable]
   logfile *log = new_log();
            ^
../Src/main.c: In function '_Error_Handler':
../Src/main.c:455:28: warning: unused parameter 'file' [-Wunused-parameter]
 void _Error_Handler(char * file, int line)
                            ^
../Src/main.c:455:38: warning: unused parameter 'line' [-Wunused-parameter]
 void _Error_Handler(char * file, int line)
                                      ^
../Src/main.c: In function 'assert_failed':
../Src/main.c:474:29: warning: unused parameter 'file' [-Wunused-parameter]
 void assert_failed(uint8_t* file, uint32_t line)
                             ^
../Src/main.c:474:44: warning: unused parameter 'line' [-Wunused-parameter]
 void assert_failed(uint8_t* file, uint32_t line)
                                            ^
Finished building: ../Src/main.c
 
Building file: ../Src/sensors.c
Invoking: GNU ARM Cross C Compiler
arm-none-eabi-gcc -mcpu=cortex-m4 -mthumb -mfloat-abi=soft -Og -fmessage-length=0 -fsigned-char -ffunction-sections -fdata-sections -ffreestanding -fno-move-loop-invariants -Wall -Wextra  -g3 -DDEBUG -DUSE_FULL_ASSERT -DTRACE -DOS_USE_TRACE_ITM -DSTM32F446xx -DUSE_HAL_DRIVER -DHSE_VALUE=24000000 -I"../Inc" -I"../system/Inc" -I"../system/Inc/cmsis" -I"../system/Inc/stm32f4-hal" -std=gnu11 -MMD -MP -MF"Src/sensors.d" -MT"Src/sensors.o" -c -o "Src/sensors.o" "../Src/sensors.c"
../Src/sensors.c:71:1: warning: return type defaults to 'int' [-Wimplicit-int]
 init_gyros(void){
 ^
../Src/sensors.c:71:1: warning: conflicting types for 'init_gyros'
In file included from ../Src/sensors.c:11:0:
../Src/sensors.h:35:6: note: previous declaration of 'init_gyros' was here
 void init_gyros(void);
      ^
../Src/sensors.c: In function 'test_gyros':
../Src/sensors.c:119:36: warning: implicit declaration of function 'strlen' [-Wimplicit-function-declaration]
   HAL_UART_Transmit(&huart1, data, strlen(data), 0xff);
                                    ^
../Src/sensors.c:134:14: warning: pointer targets in passing argument 1 of 'snprintf' differ in signedness [-Wpointer-sign]
     snprintf(data, 100, "%d %d %d\r\n", avg_x, avg_y, avg_z);
              ^
In file included from c:\program files (x86)\gnu tools arm embedded\5.4 2016q2\arm-none-eabi\include\stdio.h:29:0,
                 from ../system/Inc/stm32f4-hal/stm32f4xx_hal_def.h:50,
                 from ../system/Inc/stm32f4-hal/stm32f4xx_hal_rcc.h:47,
                 from ../Inc/stm32f4xx_hal_conf.h:244,
                 from ../system/Inc/stm32f4-hal/stm32f4xx_hal.h:48,
                 from ../Src/sensors.c:10:
c:\program files (x86)\gnu tools arm embedded\5.4 2016q2\arm-none-eabi\include\stdio.h:253:5: note: expected 'char * restrict' but argument is of type 'uint8_t * {aka unsigned char *}'
 int _EXFUN(snprintf, (char *__restrict, size_t, const char *__restrict, ...)
     ^
../Src/sensors.c: In function 'test_accel':
../Src/sensors.c:196:16: warning: pointer targets in passing argument 1 of 'snprintf' differ in signedness [-Wpointer-sign]
       snprintf(data, 100, "%.3f %.3f %.3f\r\n", temp1, temp2, temp3); //X Y Z
                ^
In file included from c:\program files (x86)\gnu tools arm embedded\5.4 2016q2\arm-none-eabi\include\stdio.h:29:0,
                 from ../system/Inc/stm32f4-hal/stm32f4xx_hal_def.h:50,
                 from ../system/Inc/stm32f4-hal/stm32f4xx_hal_rcc.h:47,
                 from ../Inc/stm32f4xx_hal_conf.h:244,
                 from ../system/Inc/stm32f4-hal/stm32f4xx_hal.h:48,
                 from ../Src/sensors.c:10:
c:\program files (x86)\gnu tools arm embedded\5.4 2016q2\arm-none-eabi\include\stdio.h:253:5: note: expected 'char * restrict' but argument is of type 'uint8_t * {aka unsigned char *}'
 int _EXFUN(snprintf, (char *__restrict, size_t, const char *__restrict, ...)
     ^
../Src/sensors.c: In function 'conv_pres_baro':
../Src/sensors.c:299:15: warning: variable 'TEMP' set but not used [-Wunused-but-set-variable]
   int32_t dT, TEMP;
               ^
Finished building: ../Src/sensors.c
 
Building target: Flight_Computer_Core.elf
Invoking: GNU ARM Cross C++ Linker
arm-none-eabi-g++ -mcpu=cortex-m4 -mthumb -mfloat-abi=soft -Og -fmessage-length=0 -fsigned-char -ffunction-sections -fdata-sections -ffreestanding -fno-move-loop-invariants -Wall -Wextra  -g3 -T mem.ld -T libs.ld -T sections.ld -nostartfiles -Xlinker --gc-sections -L"../ldscripts" -Wl,-Map,"Flight_Computer_Core.map" -o "Flight_Computer_Core.elf"  ./system/Src/stm32f4-hal/stm32f4xx_hal.o ./system/Src/stm32f4-hal/stm32f4xx_hal_adc.o ./system/Src/stm32f4-hal/stm32f4xx_hal_cortex.o ./system/Src/stm32f4-hal/stm32f4xx_hal_dfsdm.o ./system/Src/stm32f4-hal/stm32f4xx_hal_dma.o ./system/Src/stm32f4-hal/stm32f4xx_hal_flash.o ./system/Src/stm32f4-hal/stm32f4xx_hal_gpio.o ./system/Src/stm32f4-hal/stm32f4xx_hal_iwdg.o ./system/Src/stm32f4-hal/stm32f4xx_hal_pwr.o ./system/Src/stm32f4-hal/stm32f4xx_hal_pwr_ex.o ./system/Src/stm32f4-hal/stm32f4xx_hal_rcc.o ./system/Src/stm32f4-hal/stm32f4xx_hal_spi.o ./system/Src/stm32f4-hal/stm32f4xx_hal_tim.o ./system/Src/stm32f4-hal/stm32f4xx_hal_uart.o  ./system/Src/newlib/_cxx.o ./system/Src/newlib/_exit.o ./system/Src/newlib/_sbrk.o ./system/Src/newlib/_startup.o ./system/Src/newlib/_syscalls.o ./system/Src/newlib/assert.o  ./system/Src/diag/Trace.o ./system/Src/diag/trace_impl.o  ./system/Src/cortexm/_initialize_hardware.o ./system/Src/cortexm/_reset_hardware.o ./system/Src/cortexm/exception_handlers.o  ./system/Src/cmsis/vectors_stm32f446xx.o  ./Src/_initialize_hardware.o ./Src/_write.o ./Src/commandline.o ./Src/flash.o ./Src/main.o ./Src/sensors.o ./Src/stm32f4xx_hal_msp.o ./Src/stm32f4xx_it.o ./Src/system_stm32f4xx.o   
Finished building target: Flight_Computer_Core.elf
 
Invoking: GNU ARM Cross Create Flash Image
arm-none-eabi-objcopy -O ihex "Flight_Computer_Core.elf"  "Flight_Computer_Core.hex"
Finished building: Flight_Computer_Core.hex
 
Invoking: GNU ARM Cross Print Size
arm-none-eabi-size --format=berkeley "Flight_Computer_Core.elf"
   text	   data	    bss	    dec	    hex	filename
  34456	   2224	    900	  37580	   92cc	Flight_Computer_Core.elf
Finished building: Flight_Computer_Core.siz
 
02:29:35 **** Incremental Build of configuration Debug for project Flight_Computer_Core ****
make all 
Building file: ../Src/sensors.c
Invoking: GNU ARM Cross C Compiler
arm-none-eabi-gcc -mcpu=cortex-m4 -mthumb -mfloat-abi=soft -Og -fmessage-length=0 -fsigned-char -ffunction-sections -fdata-sections -ffreestanding -fno-move-loop-invariants -Wall -Wextra  -g3 -DDEBUG -DUSE_FULL_ASSERT -DTRACE -DOS_USE_TRACE_ITM -DSTM32F446xx -DUSE_HAL_DRIVER -DHSE_VALUE=24000000 -I"../Inc" -I"../system/Inc" -I"../system/Inc/cmsis" -I"../system/Inc/stm32f4-hal" -std=gnu11 -MMD -MP -MF"Src/sensors.d" -MT"Src/sensors.o" -c -o "Src/sensors.o" "../Src/sensors.c"
../Src/sensors.c:71:1: warning: return type defaults to 'int' [-Wimplicit-int]
 init_gyros(void){
 ^
../Src/sensors.c:71:1: warning: conflicting types for 'init_gyros'
In file included from ../Src/sensors.c:11:0:
../Src/sensors.h:35:6: note: previous declaration of 'init_gyros' was here
 void init_gyros(void);
      ^
../Src/sensors.c: In function 'test_gyros':
../Src/sensors.c:119:36: warning: implicit declaration of function 'strlen' [-Wimplicit-function-declaration]
   HAL_UART_Transmit(&huart1, data, strlen(data), 0xff);
                                    ^
../Src/sensors.c:134:14: warning: pointer targets in passing argument 1 of 'snprintf' differ in signedness [-Wpointer-sign]
     snprintf(data, 100, "%d %d %d\r\n", avg_x, avg_y, avg_z);
              ^
In file included from c:\program files (x86)\gnu tools arm embedded\5.4 2016q2\arm-none-eabi\include\stdio.h:29:0,
                 from ../system/Inc/stm32f4-hal/stm32f4xx_hal_def.h:50,
                 from ../system/Inc/stm32f4-hal/stm32f4xx_hal_rcc.h:47,
                 from ../Inc/stm32f4xx_hal_conf.h:244,
                 from ../system/Inc/stm32f4-hal/stm32f4xx_hal.h:48,
                 from ../Src/sensors.c:10:
c:\program files (x86)\gnu tools arm embedded\5.4 2016q2\arm-none-eabi\include\stdio.h:253:5: note: expected 'char * restrict' but argument is of type 'uint8_t * {aka unsigned char *}'
 int _EXFUN(snprintf, (char *__restrict, size_t, const char *__restrict, ...)
     ^
../Src/sensors.c: In function 'test_accel':
../Src/sensors.c:196:16: warning: pointer targets in passing argument 1 of 'snprintf' differ in signedness [-Wpointer-sign]
       snprintf(data, 100, "%.3f %.3f %.3f\r\n", temp1, temp2, temp3); //X Y Z
                ^
In file included from c:\program files (x86)\gnu tools arm embedded\5.4 2016q2\arm-none-eabi\include\stdio.h:29:0,
                 from ../system/Inc/stm32f4-hal/stm32f4xx_hal_def.h:50,
                 from ../system/Inc/stm32f4-hal/stm32f4xx_hal_rcc.h:47,
                 from ../Inc/stm32f4xx_hal_conf.h:244,
                 from ../system/Inc/stm32f4-hal/stm32f4xx_hal.h:48,
                 from ../Src/sensors.c:10:
c:\program files (x86)\gnu tools arm embedded\5.4 2016q2\arm-none-eabi\include\stdio.h:253:5: note: expected 'char * restrict' but argument is of type 'uint8_t * {aka unsigned char *}'
 int _EXFUN(snprintf, (char *__restrict, size_t, const char *__restrict, ...)
     ^
../Src/sensors.c: In function 'conv_pres_baro':
../Src/sensors.c:299:15: warning: variable 'TEMP' set but not used [-Wunused-but-set-variable]
   int32_t dT, TEMP;
               ^
Finished building: ../Src/sensors.c
 
Building target: Flight_Computer_Core.elf
Invoking: GNU ARM Cross C++ Linker
arm-none-eabi-g++ -mcpu=cortex-m4 -mthumb -mfloat-abi=soft -Og -fmessage-length=0 -fsigned-char -ffunction-sections -fdata-sections -ffreestanding -fno-move-loop-invariants -Wall -Wextra  -g3 -T mem.ld -T libs.ld -T sections.ld -nostartfiles -Xlinker --gc-sections -L"../ldscripts" -Wl,-Map,"Flight_Computer_Core.map" -o "Flight_Computer_Core.elf"  ./system/Src/stm32f4-hal/stm32f4xx_hal.o ./system/Src/stm32f4-hal/stm32f4xx_hal_adc.o ./system/Src/stm32f4-hal/stm32f4xx_hal_cortex.o ./system/Src/stm32f4-hal/stm32f4xx_hal_dfsdm.o ./system/Src/stm32f4-hal/stm32f4xx_hal_dma.o ./system/Src/stm32f4-hal/stm32f4xx_hal_flash.o ./system/Src/stm32f4-hal/stm32f4xx_hal_gpio.o ./system/Src/stm32f4-hal/stm32f4xx_hal_iwdg.o ./system/Src/stm32f4-hal/stm32f4xx_hal_pwr.o ./system/Src/stm32f4-hal/stm32f4xx_hal_pwr_ex.o ./system/Src/stm32f4-hal/stm32f4xx_hal_rcc.o ./system/Src/stm32f4-hal/stm32f4xx_hal_spi.o ./system/Src/stm32f4-hal/stm32f4xx_hal_tim.o ./system/Src/stm32f4-hal/stm32f4xx_hal_uart.o  ./system/Src/newlib/_cxx.o ./system/Src/newlib/_exit.o ./system/Src/newlib/_sbrk.o ./system/Src/newlib/_startup.o ./system/Src/newlib/_syscalls.o ./system/Src/newlib/assert.o  ./system/Src/diag/Trace.o ./system/Src/diag/trace_impl.o  ./system/Src/cortexm/_initialize_hardware.o ./system/Src/cortexm/_reset_hardware.o ./system/Src/cortexm/exception_handlers.o  ./system/Src/cmsis/vectors_stm32f446xx.o  ./Src/_initialize_hardware.o ./Src/_write.o ./Src/commandline.o ./Src/flash.o ./Src/main.o ./Src/sensors.o ./Src/stm32f4xx_hal_msp.o ./Src/stm32f4xx_it.o ./Src/system_stm32f4xx.o   
Finished building target: Flight_Computer_Core.elf
 
Invoking: GNU ARM Cross Create Flash Image
arm-none-eabi-objcopy -O ihex "Flight_Computer_Core.elf"  "Flight_Computer_Core.hex"
Finished building: Flight_Computer_Core.hex
 
Invoking: GNU ARM Cross Print Size
arm-none-eabi-size --format=berkeley "Flight_Computer_Core.elf"
   text	   data	    bss	    dec	    hex	filename
  34456	   2224	    900	  37580	   92cc	Flight_Computer_Core.elf
Finished building: Flight_Computer_Core.siz
 
02:30:34 **** Incremental Build of configuration Debug for project Flight_Computer_Core ****
make all 
Building file: ../Src/sensors.c
Invoking: GNU ARM Cross C Compiler
arm-none-eabi-gcc -mcpu=cortex-m4 -mthumb -mfloat-abi=soft -Og -fmessage-length=0 -fsigned-char -ffunction-sections -fdata-sections -ffreestanding -fno-move-loop-invariants -Wall -Wextra  -g3 -DDEBUG -DUSE_FULL_ASSERT -DTRACE -DOS_USE_TRACE_ITM -DSTM32F446xx -DUSE_HAL_DRIVER -DHSE_VALUE=24000000 -I"../Inc" -I"../system/Inc" -I"../system/Inc/cmsis" -I"../system/Inc/stm32f4-hal" -std=gnu11 -MMD -MP -MF"Src/sensors.d" -MT"Src/sensors.o" -c -o "Src/sensors.o" "../Src/sensors.c"
../Src/sensors.c:71:1: warning: return type defaults to 'int' [-Wimplicit-int]
 init_gyros(void){
 ^
../Src/sensors.c:71:1: warning: conflicting types for 'init_gyros'
In file included from ../Src/sensors.c:11:0:
../Src/sensors.h:35:6: note: previous declaration of 'init_gyros' was here
 void init_gyros(void);
      ^
../Src/sensors.c: In function 'test_gyros':
../Src/sensors.c:119:36: warning: implicit declaration of function 'strlen' [-Wimplicit-function-declaration]
   HAL_UART_Transmit(&huart1, data, strlen(data), 0xff);
                                    ^
../Src/sensors.c:134:14: warning: pointer targets in passing argument 1 of 'snprintf' differ in signedness [-Wpointer-sign]
     snprintf(data, 100, "%d %d %d\r\n", avg_x, avg_y, avg_z);
              ^
In file included from c:\program files (x86)\gnu tools arm embedded\5.4 2016q2\arm-none-eabi\include\stdio.h:29:0,
                 from ../system/Inc/stm32f4-hal/stm32f4xx_hal_def.h:50,
                 from ../system/Inc/stm32f4-hal/stm32f4xx_hal_rcc.h:47,
                 from ../Inc/stm32f4xx_hal_conf.h:244,
                 from ../system/Inc/stm32f4-hal/stm32f4xx_hal.h:48,
                 from ../Src/sensors.c:10:
c:\program files (x86)\gnu tools arm embedded\5.4 2016q2\arm-none-eabi\include\stdio.h:253:5: note: expected 'char * restrict' but argument is of type 'uint8_t * {aka unsigned char *}'
 int _EXFUN(snprintf, (char *__restrict, size_t, const char *__restrict, ...)
     ^
../Src/sensors.c: In function 'test_accel':
../Src/sensors.c:196:16: warning: pointer targets in passing argument 1 of 'snprintf' differ in signedness [-Wpointer-sign]
       snprintf(data, 100, "%.3f %.3f %.3f\r\n", temp1, temp2, temp3); //X Y Z
                ^
In file included from c:\program files (x86)\gnu tools arm embedded\5.4 2016q2\arm-none-eabi\include\stdio.h:29:0,
                 from ../system/Inc/stm32f4-hal/stm32f4xx_hal_def.h:50,
                 from ../system/Inc/stm32f4-hal/stm32f4xx_hal_rcc.h:47,
                 from ../Inc/stm32f4xx_hal_conf.h:244,
                 from ../system/Inc/stm32f4-hal/stm32f4xx_hal.h:48,
                 from ../Src/sensors.c:10:
c:\program files (x86)\gnu tools arm embedded\5.4 2016q2\arm-none-eabi\include\stdio.h:253:5: note: expected 'char * restrict' but argument is of type 'uint8_t * {aka unsigned char *}'
 int _EXFUN(snprintf, (char *__restrict, size_t, const char *__restrict, ...)
     ^
../Src/sensors.c: In function 'conv_pres_baro':
../Src/sensors.c:299:15: warning: variable 'TEMP' set but not used [-Wunused-but-set-variable]
   int32_t dT, TEMP;
               ^
Finished building: ../Src/sensors.c
 
Building target: Flight_Computer_Core.elf
Invoking: GNU ARM Cross C++ Linker
arm-none-eabi-g++ -mcpu=cortex-m4 -mthumb -mfloat-abi=soft -Og -fmessage-length=0 -fsigned-char -ffunction-sections -fdata-sections -ffreestanding -fno-move-loop-invariants -Wall -Wextra  -g3 -T mem.ld -T libs.ld -T sections.ld -nostartfiles -Xlinker --gc-sections -L"../ldscripts" -Wl,-Map,"Flight_Computer_Core.map" -o "Flight_Computer_Core.elf"  ./system/Src/stm32f4-hal/stm32f4xx_hal.o ./system/Src/stm32f4-hal/stm32f4xx_hal_adc.o ./system/Src/stm32f4-hal/stm32f4xx_hal_cortex.o ./system/Src/stm32f4-hal/stm32f4xx_hal_dfsdm.o ./system/Src/stm32f4-hal/stm32f4xx_hal_dma.o ./system/Src/stm32f4-hal/stm32f4xx_hal_flash.o ./system/Src/stm32f4-hal/stm32f4xx_hal_gpio.o ./system/Src/stm32f4-hal/stm32f4xx_hal_iwdg.o ./system/Src/stm32f4-hal/stm32f4xx_hal_pwr.o ./system/Src/stm32f4-hal/stm32f4xx_hal_pwr_ex.o ./system/Src/stm32f4-hal/stm32f4xx_hal_rcc.o ./system/Src/stm32f4-hal/stm32f4xx_hal_spi.o ./system/Src/stm32f4-hal/stm32f4xx_hal_tim.o ./system/Src/stm32f4-hal/stm32f4xx_hal_uart.o  ./system/Src/newlib/_cxx.o ./system/Src/newlib/_exit.o ./system/Src/newlib/_sbrk.o ./system/Src/newlib/_startup.o ./system/Src/newlib/_syscalls.o ./system/Src/newlib/assert.o  ./system/Src/diag/Trace.o ./system/Src/diag/trace_impl.o  ./system/Src/cortexm/_initialize_hardware.o ./system/Src/cortexm/_reset_hardware.o ./system/Src/cortexm/exception_handlers.o  ./system/Src/cmsis/vectors_stm32f446xx.o  ./Src/_initialize_hardware.o ./Src/_write.o ./Src/commandline.o ./Src/flash.o ./Src/main.o ./Src/sensors.o ./Src/stm32f4xx_hal_msp.o ./Src/stm32f4xx_it.o ./Src/system_stm32f4xx.o   
Finished building target: Flight_Computer_Core.elf
 
Invoking: GNU ARM Cross Create Flash Image
arm-none-eabi-objcopy -O ihex "Flight_Computer_Core.elf"  "Flight_Computer_Core.hex"
Finished building: Flight_Computer_Core.hex
 
Invoking: GNU ARM Cross Print Size
arm-none-eabi-size --format=berkeley "Flight_Computer_Core.elf"
   text	   data	    bss	    dec	    hex	filename
  34456	   2224	    900	  37580	   92cc	Flight_Computer_Core.elf
Finished building: Flight_Computer_Core.siz
 
02:31:06 **** Incremental Build of configuration Debug for project Flight_Computer_Core ****
make all 
Building file: ../Src/sensors.c
Invoking: GNU ARM Cross C Compiler
arm-none-eabi-gcc -mcpu=cortex-m4 -mthumb -mfloat-abi=soft -Og -fmessage-length=0 -fsigned-char -ffunction-sections -fdata-sections -ffreestanding -fno-move-loop-invariants -Wall -Wextra  -g3 -DDEBUG -DUSE_FULL_ASSERT -DTRACE -DOS_USE_TRACE_ITM -DSTM32F446xx -DUSE_HAL_DRIVER -DHSE_VALUE=24000000 -I"../Inc" -I"../system/Inc" -I"../system/Inc/cmsis" -I"../system/Inc/stm32f4-hal" -std=gnu11 -MMD -MP -MF"Src/sensors.d" -MT"Src/sensors.o" -c -o "Src/sensors.o" "../Src/sensors.c"
../Src/sensors.c:71:1: warning: return type defaults to 'int' [-Wimplicit-int]
 init_gyros(void){
 ^
../Src/sensors.c:71:1: warning: conflicting types for 'init_gyros'
In file included from ../Src/sensors.c:11:0:
../Src/sensors.h:35:6: note: previous declaration of 'init_gyros' was here
 void init_gyros(void);
      ^
../Src/sensors.c: In function 'test_gyros':
../Src/sensors.c:119:36: warning: implicit declaration of function 'strlen' [-Wimplicit-function-declaration]
   HAL_UART_Transmit(&huart1, data, strlen(data), 0xff);
                                    ^
../Src/sensors.c:134:14: warning: pointer targets in passing argument 1 of 'snprintf' differ in signedness [-Wpointer-sign]
     snprintf(data, 100, "%d %d %d\r\n", avg_x, avg_y, avg_z);
              ^
In file included from c:\program files (x86)\gnu tools arm embedded\5.4 2016q2\arm-none-eabi\include\stdio.h:29:0,
                 from ../system/Inc/stm32f4-hal/stm32f4xx_hal_def.h:50,
                 from ../system/Inc/stm32f4-hal/stm32f4xx_hal_rcc.h:47,
                 from ../Inc/stm32f4xx_hal_conf.h:244,
                 from ../system/Inc/stm32f4-hal/stm32f4xx_hal.h:48,
                 from ../Src/sensors.c:10:
c:\program files (x86)\gnu tools arm embedded\5.4 2016q2\arm-none-eabi\include\stdio.h:253:5: note: expected 'char * restrict' but argument is of type 'uint8_t * {aka unsigned char *}'
 int _EXFUN(snprintf, (char *__restrict, size_t, const char *__restrict, ...)
     ^
../Src/sensors.c: In function 'test_accel':
../Src/sensors.c:196:16: warning: pointer targets in passing argument 1 of 'snprintf' differ in signedness [-Wpointer-sign]
       snprintf(data, 100, "%.3f %.3f %.3f\r\n", temp1, temp2, temp3); //X Y Z
                ^
In file included from c:\program files (x86)\gnu tools arm embedded\5.4 2016q2\arm-none-eabi\include\stdio.h:29:0,
                 from ../system/Inc/stm32f4-hal/stm32f4xx_hal_def.h:50,
                 from ../system/Inc/stm32f4-hal/stm32f4xx_hal_rcc.h:47,
                 from ../Inc/stm32f4xx_hal_conf.h:244,
                 from ../system/Inc/stm32f4-hal/stm32f4xx_hal.h:48,
                 from ../Src/sensors.c:10:
c:\program files (x86)\gnu tools arm embedded\5.4 2016q2\arm-none-eabi\include\stdio.h:253:5: note: expected 'char * restrict' but argument is of type 'uint8_t * {aka unsigned char *}'
 int _EXFUN(snprintf, (char *__restrict, size_t, const char *__restrict, ...)
     ^
../Src/sensors.c: In function 'conv_pres_baro':
../Src/sensors.c:299:15: warning: variable 'TEMP' set but not used [-Wunused-but-set-variable]
   int32_t dT, TEMP;
               ^
Finished building: ../Src/sensors.c
 
Building target: Flight_Computer_Core.elf
Invoking: GNU ARM Cross C++ Linker
arm-none-eabi-g++ -mcpu=cortex-m4 -mthumb -mfloat-abi=soft -Og -fmessage-length=0 -fsigned-char -ffunction-sections -fdata-sections -ffreestanding -fno-move-loop-invariants -Wall -Wextra  -g3 -T mem.ld -T libs.ld -T sections.ld -nostartfiles -Xlinker --gc-sections -L"../ldscripts" -Wl,-Map,"Flight_Computer_Core.map" -o "Flight_Computer_Core.elf"  ./system/Src/stm32f4-hal/stm32f4xx_hal.o ./system/Src/stm32f4-hal/stm32f4xx_hal_adc.o ./system/Src/stm32f4-hal/stm32f4xx_hal_cortex.o ./system/Src/stm32f4-hal/stm32f4xx_hal_dfsdm.o ./system/Src/stm32f4-hal/stm32f4xx_hal_dma.o ./system/Src/stm32f4-hal/stm32f4xx_hal_flash.o ./system/Src/stm32f4-hal/stm32f4xx_hal_gpio.o ./system/Src/stm32f4-hal/stm32f4xx_hal_iwdg.o ./system/Src/stm32f4-hal/stm32f4xx_hal_pwr.o ./system/Src/stm32f4-hal/stm32f4xx_hal_pwr_ex.o ./system/Src/stm32f4-hal/stm32f4xx_hal_rcc.o ./system/Src/stm32f4-hal/stm32f4xx_hal_spi.o ./system/Src/stm32f4-hal/stm32f4xx_hal_tim.o ./system/Src/stm32f4-hal/stm32f4xx_hal_uart.o  ./system/Src/newlib/_cxx.o ./system/Src/newlib/_exit.o ./system/Src/newlib/_sbrk.o ./system/Src/newlib/_startup.o ./system/Src/newlib/_syscalls.o ./system/Src/newlib/assert.o  ./system/Src/diag/Trace.o ./system/Src/diag/trace_impl.o  ./system/Src/cortexm/_initialize_hardware.o ./system/Src/cortexm/_reset_hardware.o ./system/Src/cortexm/exception_handlers.o  ./system/Src/cmsis/vectors_stm32f446xx.o  ./Src/_initialize_hardware.o ./Src/_write.o ./Src/commandline.o ./Src/flash.o ./Src/main.o ./Src/sensors.o ./Src/stm32f4xx_hal_msp.o ./Src/stm32f4xx_it.o ./Src/system_stm32f4xx.o   
Finished building target: Flight_Computer_Core.elf
 
Invoking: GNU ARM Cross Create Flash Image
arm-none-eabi-objcopy -O ihex "Flight_Computer_Core.elf"  "Flight_Computer_Core.hex"
Finished building: Flight_Computer_Core.hex
 
Invoking: GNU ARM Cross Print Size
arm-none-eabi-size --format=berkeley "Flight_Computer_Core.elf"
   text	   data	    bss	    dec	    hex	filename
  34456	   2224	    900	  37580	   92cc	Flight_Computer_Core.elf
Finished building: Flight_Computer_Core.siz
 
02:41:22 **** Incremental Build of configuration Debug for project Flight_Computer_Core ****
make all 
Building file: ../Src/sensors.c
Invoking: GNU ARM Cross C Compiler
arm-none-eabi-gcc -mcpu=cortex-m4 -mthumb -mfloat-abi=soft -Og -fmessage-length=0 -fsigned-char -ffunction-sections -fdata-sections -ffreestanding -fno-move-loop-invariants -Wall -Wextra  -g3 -DDEBUG -DUSE_FULL_ASSERT -DTRACE -DOS_USE_TRACE_ITM -DSTM32F446xx -DUSE_HAL_DRIVER -DHSE_VALUE=24000000 -I"../Inc" -I"../system/Inc" -I"../system/Inc/cmsis" -I"../system/Inc/stm32f4-hal" -std=gnu11 -MMD -MP -MF"Src/sensors.d" -MT"Src/sensors.o" -c -o "Src/sensors.o" "../Src/sensors.c"
../Src/sensors.c:71:1: warning: return type defaults to 'int' [-Wimplicit-int]
 init_gyros(void){
 ^
../Src/sensors.c:71:1: warning: conflicting types for 'init_gyros'
In file included from ../Src/sensors.c:11:0:
../Src/sensors.h:35:6: note: previous declaration of 'init_gyros' was here
 void init_gyros(void);
      ^
../Src/sensors.c: In function 'test_gyros':
../Src/sensors.c:119:36: warning: implicit declaration of function 'strlen' [-Wimplicit-function-declaration]
   HAL_UART_Transmit(&huart1, data, strlen(data), 0xff);
                                    ^
../Src/sensors.c:134:14: warning: pointer targets in passing argument 1 of 'snprintf' differ in signedness [-Wpointer-sign]
     snprintf(data, 100, "%d %d %d\r\n", avg_x, avg_y, avg_z);
              ^
In file included from c:\program files (x86)\gnu tools arm embedded\5.4 2016q2\arm-none-eabi\include\stdio.h:29:0,
                 from ../system/Inc/stm32f4-hal/stm32f4xx_hal_def.h:50,
                 from ../system/Inc/stm32f4-hal/stm32f4xx_hal_rcc.h:47,
                 from ../Inc/stm32f4xx_hal_conf.h:244,
                 from ../system/Inc/stm32f4-hal/stm32f4xx_hal.h:48,
                 from ../Src/sensors.c:10:
c:\program files (x86)\gnu tools arm embedded\5.4 2016q2\arm-none-eabi\include\stdio.h:253:5: note: expected 'char * restrict' but argument is of type 'uint8_t * {aka unsigned char *}'
 int _EXFUN(snprintf, (char *__restrict, size_t, const char *__restrict, ...)
     ^
../Src/sensors.c: In function 'test_accel':
../Src/sensors.c:196:16: warning: pointer targets in passing argument 1 of 'snprintf' differ in signedness [-Wpointer-sign]
       snprintf(data, 100, "%.3f %.3f %.3f\r\n", temp1, temp2, temp3); //X Y Z
                ^
In file included from c:\program files (x86)\gnu tools arm embedded\5.4 2016q2\arm-none-eabi\include\stdio.h:29:0,
                 from ../system/Inc/stm32f4-hal/stm32f4xx_hal_def.h:50,
                 from ../system/Inc/stm32f4-hal/stm32f4xx_hal_rcc.h:47,
                 from ../Inc/stm32f4xx_hal_conf.h:244,
                 from ../system/Inc/stm32f4-hal/stm32f4xx_hal.h:48,
                 from ../Src/sensors.c:10:
c:\program files (x86)\gnu tools arm embedded\5.4 2016q2\arm-none-eabi\include\stdio.h:253:5: note: expected 'char * restrict' but argument is of type 'uint8_t * {aka unsigned char *}'
 int _EXFUN(snprintf, (char *__restrict, size_t, const char *__restrict, ...)
     ^
../Src/sensors.c: In function 'conv_pres_baro':
../Src/sensors.c:299:15: warning: variable 'TEMP' set but not used [-Wunused-but-set-variable]
   int32_t dT, TEMP;
               ^
Finished building: ../Src/sensors.c
 
Building target: Flight_Computer_Core.elf
Invoking: GNU ARM Cross C++ Linker
arm-none-eabi-g++ -mcpu=cortex-m4 -mthumb -mfloat-abi=soft -Og -fmessage-length=0 -fsigned-char -ffunction-sections -fdata-sections -ffreestanding -fno-move-loop-invariants -Wall -Wextra  -g3 -T mem.ld -T libs.ld -T sections.ld -nostartfiles -Xlinker --gc-sections -L"../ldscripts" -Wl,-Map,"Flight_Computer_Core.map" -o "Flight_Computer_Core.elf"  ./system/Src/stm32f4-hal/stm32f4xx_hal.o ./system/Src/stm32f4-hal/stm32f4xx_hal_adc.o ./system/Src/stm32f4-hal/stm32f4xx_hal_cortex.o ./system/Src/stm32f4-hal/stm32f4xx_hal_dfsdm.o ./system/Src/stm32f4-hal/stm32f4xx_hal_dma.o ./system/Src/stm32f4-hal/stm32f4xx_hal_flash.o ./system/Src/stm32f4-hal/stm32f4xx_hal_gpio.o ./system/Src/stm32f4-hal/stm32f4xx_hal_iwdg.o ./system/Src/stm32f4-hal/stm32f4xx_hal_pwr.o ./system/Src/stm32f4-hal/stm32f4xx_hal_pwr_ex.o ./system/Src/stm32f4-hal/stm32f4xx_hal_rcc.o ./system/Src/stm32f4-hal/stm32f4xx_hal_spi.o ./system/Src/stm32f4-hal/stm32f4xx_hal_tim.o ./system/Src/stm32f4-hal/stm32f4xx_hal_uart.o  ./system/Src/newlib/_cxx.o ./system/Src/newlib/_exit.o ./system/Src/newlib/_sbrk.o ./system/Src/newlib/_startup.o ./system/Src/newlib/_syscalls.o ./system/Src/newlib/assert.o  ./system/Src/diag/Trace.o ./system/Src/diag/trace_impl.o  ./system/Src/cortexm/_initialize_hardware.o ./system/Src/cortexm/_reset_hardware.o ./system/Src/cortexm/exception_handlers.o  ./system/Src/cmsis/vectors_stm32f446xx.o  ./Src/_initialize_hardware.o ./Src/_write.o ./Src/commandline.o ./Src/flash.o ./Src/main.o ./Src/sensors.o ./Src/stm32f4xx_hal_msp.o ./Src/stm32f4xx_it.o ./Src/system_stm32f4xx.o   
Finished building target: Flight_Computer_Core.elf
 
Invoking: GNU ARM Cross Create Flash Image
arm-none-eabi-objcopy -O ihex "Flight_Computer_Core.elf"  "Flight_Computer_Core.hex"
Finished building: Flight_Computer_Core.hex
 
Invoking: GNU ARM Cross Print Size
arm-none-eabi-size --format=berkeley "Flight_Computer_Core.elf"
   text	   data	    bss	    dec	    hex	filename
  34456	   2224	    900	  37580	   92cc	Flight_Computer_Core.elf
Finished building: Flight_Computer_Core.siz
 
02:42:18 **** Incremental Build of configuration Debug for project Flight_Computer_Core ****
make all 
Building file: ../Src/sensors.c
Invoking: GNU ARM Cross C Compiler
arm-none-eabi-gcc -mcpu=cortex-m4 -mthumb -mfloat-abi=soft -Og -fmessage-length=0 -fsigned-char -ffunction-sections -fdata-sections -ffreestanding -fno-move-loop-invariants -Wall -Wextra  -g3 -DDEBUG -DUSE_FULL_ASSERT -DTRACE -DOS_USE_TRACE_ITM -DSTM32F446xx -DUSE_HAL_DRIVER -DHSE_VALUE=24000000 -I"../Inc" -I"../system/Inc" -I"../system/Inc/cmsis" -I"../system/Inc/stm32f4-hal" -std=gnu11 -MMD -MP -MF"Src/sensors.d" -MT"Src/sensors.o" -c -o "Src/sensors.o" "../Src/sensors.c"
../Src/sensors.c:71:1: warning: return type defaults to 'int' [-Wimplicit-int]
 init_gyros(void){
 ^
../Src/sensors.c:71:1: warning: conflicting types for 'init_gyros'
In file included from ../Src/sensors.c:11:0:
../Src/sensors.h:35:6: note: previous declaration of 'init_gyros' was here
 void init_gyros(void);
      ^
../Src/sensors.c: In function 'test_gyros':
../Src/sensors.c:119:36: warning: implicit declaration of function 'strlen' [-Wimplicit-function-declaration]
   HAL_UART_Transmit(&huart1, data, strlen(data), 0xff);
                                    ^
../Src/sensors.c:134:14: warning: pointer targets in passing argument 1 of 'snprintf' differ in signedness [-Wpointer-sign]
     snprintf(data, 100, "%d %d %d\r\n", avg_x, avg_y, avg_z);
              ^
In file included from c:\program files (x86)\gnu tools arm embedded\5.4 2016q2\arm-none-eabi\include\stdio.h:29:0,
                 from ../system/Inc/stm32f4-hal/stm32f4xx_hal_def.h:50,
                 from ../system/Inc/stm32f4-hal/stm32f4xx_hal_rcc.h:47,
                 from ../Inc/stm32f4xx_hal_conf.h:244,
                 from ../system/Inc/stm32f4-hal/stm32f4xx_hal.h:48,
                 from ../Src/sensors.c:10:
c:\program files (x86)\gnu tools arm embedded\5.4 2016q2\arm-none-eabi\include\stdio.h:253:5: note: expected 'char * restrict' but argument is of type 'uint8_t * {aka unsigned char *}'
 int _EXFUN(snprintf, (char *__restrict, size_t, const char *__restrict, ...)
     ^
../Src/sensors.c: In function 'test_accel':
../Src/sensors.c:196:16: warning: pointer targets in passing argument 1 of 'snprintf' differ in signedness [-Wpointer-sign]
       snprintf(data, 100, "%.3f %.3f %.3f\r\n", temp1, temp2, temp3); //X Y Z
                ^
In file included from c:\program files (x86)\gnu tools arm embedded\5.4 2016q2\arm-none-eabi\include\stdio.h:29:0,
                 from ../system/Inc/stm32f4-hal/stm32f4xx_hal_def.h:50,
                 from ../system/Inc/stm32f4-hal/stm32f4xx_hal_rcc.h:47,
                 from ../Inc/stm32f4xx_hal_conf.h:244,
                 from ../system/Inc/stm32f4-hal/stm32f4xx_hal.h:48,
                 from ../Src/sensors.c:10:
c:\program files (x86)\gnu tools arm embedded\5.4 2016q2\arm-none-eabi\include\stdio.h:253:5: note: expected 'char * restrict' but argument is of type 'uint8_t * {aka unsigned char *}'
 int _EXFUN(snprintf, (char *__restrict, size_t, const char *__restrict, ...)
     ^
../Src/sensors.c: In function 'conv_pres_baro':
../Src/sensors.c:299:15: warning: variable 'TEMP' set but not used [-Wunused-but-set-variable]
   int64_t dT, TEMP;
               ^
Finished building: ../Src/sensors.c
 
Building target: Flight_Computer_Core.elf
Invoking: GNU ARM Cross C++ Linker
arm-none-eabi-g++ -mcpu=cortex-m4 -mthumb -mfloat-abi=soft -Og -fmessage-length=0 -fsigned-char -ffunction-sections -fdata-sections -ffreestanding -fno-move-loop-invariants -Wall -Wextra  -g3 -T mem.ld -T libs.ld -T sections.ld -nostartfiles -Xlinker --gc-sections -L"../ldscripts" -Wl,-Map,"Flight_Computer_Core.map" -o "Flight_Computer_Core.elf"  ./system/Src/stm32f4-hal/stm32f4xx_hal.o ./system/Src/stm32f4-hal/stm32f4xx_hal_adc.o ./system/Src/stm32f4-hal/stm32f4xx_hal_cortex.o ./system/Src/stm32f4-hal/stm32f4xx_hal_dfsdm.o ./system/Src/stm32f4-hal/stm32f4xx_hal_dma.o ./system/Src/stm32f4-hal/stm32f4xx_hal_flash.o ./system/Src/stm32f4-hal/stm32f4xx_hal_gpio.o ./system/Src/stm32f4-hal/stm32f4xx_hal_iwdg.o ./system/Src/stm32f4-hal/stm32f4xx_hal_pwr.o ./system/Src/stm32f4-hal/stm32f4xx_hal_pwr_ex.o ./system/Src/stm32f4-hal/stm32f4xx_hal_rcc.o ./system/Src/stm32f4-hal/stm32f4xx_hal_spi.o ./system/Src/stm32f4-hal/stm32f4xx_hal_tim.o ./system/Src/stm32f4-hal/stm32f4xx_hal_uart.o  ./system/Src/newlib/_cxx.o ./system/Src/newlib/_exit.o ./system/Src/newlib/_sbrk.o ./system/Src/newlib/_startup.o ./system/Src/newlib/_syscalls.o ./system/Src/newlib/assert.o  ./system/Src/diag/Trace.o ./system/Src/diag/trace_impl.o  ./system/Src/cortexm/_initialize_hardware.o ./system/Src/cortexm/_reset_hardware.o ./system/Src/cortexm/exception_handlers.o  ./system/Src/cmsis/vectors_stm32f446xx.o  ./Src/_initialize_hardware.o ./Src/_write.o ./Src/commandline.o ./Src/flash.o ./Src/main.o ./Src/sensors.o ./Src/stm32f4xx_hal_msp.o ./Src/stm32f4xx_it.o ./Src/system_stm32f4xx.o   
Finished building target: Flight_Computer_Core.elf
 
Invoking: GNU ARM Cross Create Flash Image
arm-none-eabi-objcopy -O ihex "Flight_Computer_Core.elf"  "Flight_Computer_Core.hex"
Finished building: Flight_Computer_Core.hex
 
Invoking: GNU ARM Cross Print Size
arm-none-eabi-size --format=berkeley "Flight_Computer_Core.elf"
   text	   data	    bss	    dec	    hex	filename
  34520	   2224	    900	  37644	   930c	Flight_Computer_Core.elf
Finished building: Flight_Computer_Core.siz
 
02:43:10 **** Incremental Build of configuration Debug for project Flight_Computer_Core ****
make all 
Building file: ../Src/sensors.c
Invoking: GNU ARM Cross C Compiler
arm-none-eabi-gcc -mcpu=cortex-m4 -mthumb -mfloat-abi=soft -Og -fmessage-length=0 -fsigned-char -ffunction-sections -fdata-sections -ffreestanding -fno-move-loop-invariants -Wall -Wextra  -g3 -DDEBUG -DUSE_FULL_ASSERT -DTRACE -DOS_USE_TRACE_ITM -DSTM32F446xx -DUSE_HAL_DRIVER -DHSE_VALUE=24000000 -I"../Inc" -I"../system/Inc" -I"../system/Inc/cmsis" -I"../system/Inc/stm32f4-hal" -std=gnu11 -MMD -MP -MF"Src/sensors.d" -MT"Src/sensors.o" -c -o "Src/sensors.o" "../Src/sensors.c"
../Src/sensors.c:71:1: warning: return type defaults to 'int' [-Wimplicit-int]
 init_gyros(void){
 ^
../Src/sensors.c:71:1: warning: conflicting types for 'init_gyros'
In file included from ../Src/sensors.c:11:0:
../Src/sensors.h:35:6: note: previous declaration of 'init_gyros' was here
 void init_gyros(void);
      ^
../Src/sensors.c: In function 'test_gyros':
../Src/sensors.c:119:36: warning: implicit declaration of function 'strlen' [-Wimplicit-function-declaration]
   HAL_UART_Transmit(&huart1, data, strlen(data), 0xff);
                                    ^
../Src/sensors.c:134:14: warning: pointer targets in passing argument 1 of 'snprintf' differ in signedness [-Wpointer-sign]
     snprintf(data, 100, "%d %d %d\r\n", avg_x, avg_y, avg_z);
              ^
In file included from c:\program files (x86)\gnu tools arm embedded\5.4 2016q2\arm-none-eabi\include\stdio.h:29:0,
                 from ../system/Inc/stm32f4-hal/stm32f4xx_hal_def.h:50,
                 from ../system/Inc/stm32f4-hal/stm32f4xx_hal_rcc.h:47,
                 from ../Inc/stm32f4xx_hal_conf.h:244,
                 from ../system/Inc/stm32f4-hal/stm32f4xx_hal.h:48,
                 from ../Src/sensors.c:10:
c:\program files (x86)\gnu tools arm embedded\5.4 2016q2\arm-none-eabi\include\stdio.h:253:5: note: expected 'char * restrict' but argument is of type 'uint8_t * {aka unsigned char *}'
 int _EXFUN(snprintf, (char *__restrict, size_t, const char *__restrict, ...)
     ^
../Src/sensors.c: In function 'test_accel':
../Src/sensors.c:196:16: warning: pointer targets in passing argument 1 of 'snprintf' differ in signedness [-Wpointer-sign]
       snprintf(data, 100, "%.3f %.3f %.3f\r\n", temp1, temp2, temp3); //X Y Z
                ^
In file included from c:\program files (x86)\gnu tools arm embedded\5.4 2016q2\arm-none-eabi\include\stdio.h:29:0,
                 from ../system/Inc/stm32f4-hal/stm32f4xx_hal_def.h:50,
                 from ../system/Inc/stm32f4-hal/stm32f4xx_hal_rcc.h:47,
                 from ../Inc/stm32f4xx_hal_conf.h:244,
                 from ../system/Inc/stm32f4-hal/stm32f4xx_hal.h:48,
                 from ../Src/sensors.c:10:
c:\program files (x86)\gnu tools arm embedded\5.4 2016q2\arm-none-eabi\include\stdio.h:253:5: note: expected 'char * restrict' but argument is of type 'uint8_t * {aka unsigned char *}'
 int _EXFUN(snprintf, (char *__restrict, size_t, const char *__restrict, ...)
     ^
../Src/sensors.c: In function 'conv_pres_baro':
../Src/sensors.c:299:24: warning: variable 'TEMP' set but not used [-Wunused-but-set-variable]
   volatile int64_t dT, TEMP;
                        ^
Finished building: ../Src/sensors.c
 
Building target: Flight_Computer_Core.elf
Invoking: GNU ARM Cross C++ Linker
arm-none-eabi-g++ -mcpu=cortex-m4 -mthumb -mfloat-abi=soft -Og -fmessage-length=0 -fsigned-char -ffunction-sections -fdata-sections -ffreestanding -fno-move-loop-invariants -Wall -Wextra  -g3 -T mem.ld -T libs.ld -T sections.ld -nostartfiles -Xlinker --gc-sections -L"../ldscripts" -Wl,-Map,"Flight_Computer_Core.map" -o "Flight_Computer_Core.elf"  ./system/Src/stm32f4-hal/stm32f4xx_hal.o ./system/Src/stm32f4-hal/stm32f4xx_hal_adc.o ./system/Src/stm32f4-hal/stm32f4xx_hal_cortex.o ./system/Src/stm32f4-hal/stm32f4xx_hal_dfsdm.o ./system/Src/stm32f4-hal/stm32f4xx_hal_dma.o ./system/Src/stm32f4-hal/stm32f4xx_hal_flash.o ./system/Src/stm32f4-hal/stm32f4xx_hal_gpio.o ./system/Src/stm32f4-hal/stm32f4xx_hal_iwdg.o ./system/Src/stm32f4-hal/stm32f4xx_hal_pwr.o ./system/Src/stm32f4-hal/stm32f4xx_hal_pwr_ex.o ./system/Src/stm32f4-hal/stm32f4xx_hal_rcc.o ./system/Src/stm32f4-hal/stm32f4xx_hal_spi.o ./system/Src/stm32f4-hal/stm32f4xx_hal_tim.o ./system/Src/stm32f4-hal/stm32f4xx_hal_uart.o  ./system/Src/newlib/_cxx.o ./system/Src/newlib/_exit.o ./system/Src/newlib/_sbrk.o ./system/Src/newlib/_startup.o ./system/Src/newlib/_syscalls.o ./system/Src/newlib/assert.o  ./system/Src/diag/Trace.o ./system/Src/diag/trace_impl.o  ./system/Src/cortexm/_initialize_hardware.o ./system/Src/cortexm/_reset_hardware.o ./system/Src/cortexm/exception_handlers.o  ./system/Src/cmsis/vectors_stm32f446xx.o  ./Src/_initialize_hardware.o ./Src/_write.o ./Src/commandline.o ./Src/flash.o ./Src/main.o ./Src/sensors.o ./Src/stm32f4xx_hal_msp.o ./Src/stm32f4xx_it.o ./Src/system_stm32f4xx.o   
Finished building target: Flight_Computer_Core.elf
 
Invoking: GNU ARM Cross Create Flash Image
arm-none-eabi-objcopy -O ihex "Flight_Computer_Core.elf"  "Flight_Computer_Core.hex"
Finished building: Flight_Computer_Core.hex
 
Invoking: GNU ARM Cross Print Size
arm-none-eabi-size --format=berkeley "Flight_Computer_Core.elf"
   text	   data	    bss	    dec	    hex	filename
  34584	   2224	    900	  37708	   934c	Flight_Computer_Core.elf
Finished building: Flight_Computer_Core.siz
 
02:43:40 **** Incremental Build of configuration Debug for project Flight_Computer_Core ****
make all 
Building file: ../Src/sensors.c
Invoking: GNU ARM Cross C Compiler
arm-none-eabi-gcc -mcpu=cortex-m4 -mthumb -mfloat-abi=soft -Og -fmessage-length=0 -fsigned-char -ffunction-sections -fdata-sections -ffreestanding -fno-move-loop-invariants -Wall -Wextra  -g3 -DDEBUG -DUSE_FULL_ASSERT -DTRACE -DOS_USE_TRACE_ITM -DSTM32F446xx -DUSE_HAL_DRIVER -DHSE_VALUE=24000000 -I"../Inc" -I"../system/Inc" -I"../system/Inc/cmsis" -I"../system/Inc/stm32f4-hal" -std=gnu11 -MMD -MP -MF"Src/sensors.d" -MT"Src/sensors.o" -c -o "Src/sensors.o" "../Src/sensors.c"
../Src/sensors.c:71:1: warning: return type defaults to 'int' [-Wimplicit-int]
 init_gyros(void){
 ^
../Src/sensors.c:71:1: warning: conflicting types for 'init_gyros'
In file included from ../Src/sensors.c:11:0:
../Src/sensors.h:35:6: note: previous declaration of 'init_gyros' was here
 void init_gyros(void);
      ^
../Src/sensors.c: In function 'test_gyros':
../Src/sensors.c:119:36: warning: implicit declaration of function 'strlen' [-Wimplicit-function-declaration]
   HAL_UART_Transmit(&huart1, data, strlen(data), 0xff);
                                    ^
../Src/sensors.c:134:14: warning: pointer targets in passing argument 1 of 'snprintf' differ in signedness [-Wpointer-sign]
     snprintf(data, 100, "%d %d %d\r\n", avg_x, avg_y, avg_z);
              ^
In file included from c:\program files (x86)\gnu tools arm embedded\5.4 2016q2\arm-none-eabi\include\stdio.h:29:0,
                 from ../system/Inc/stm32f4-hal/stm32f4xx_hal_def.h:50,
                 from ../system/Inc/stm32f4-hal/stm32f4xx_hal_rcc.h:47,
                 from ../Inc/stm32f4xx_hal_conf.h:244,
                 from ../system/Inc/stm32f4-hal/stm32f4xx_hal.h:48,
                 from ../Src/sensors.c:10:
c:\program files (x86)\gnu tools arm embedded\5.4 2016q2\arm-none-eabi\include\stdio.h:253:5: note: expected 'char * restrict' but argument is of type 'uint8_t * {aka unsigned char *}'
 int _EXFUN(snprintf, (char *__restrict, size_t, const char *__restrict, ...)
     ^
../Src/sensors.c: In function 'test_accel':
../Src/sensors.c:196:16: warning: pointer targets in passing argument 1 of 'snprintf' differ in signedness [-Wpointer-sign]
       snprintf(data, 100, "%.3f %.3f %.3f\r\n", temp1, temp2, temp3); //X Y Z
                ^
In file included from c:\program files (x86)\gnu tools arm embedded\5.4 2016q2\arm-none-eabi\include\stdio.h:29:0,
                 from ../system/Inc/stm32f4-hal/stm32f4xx_hal_def.h:50,
                 from ../system/Inc/stm32f4-hal/stm32f4xx_hal_rcc.h:47,
                 from ../Inc/stm32f4xx_hal_conf.h:244,
                 from ../system/Inc/stm32f4-hal/stm32f4xx_hal.h:48,
                 from ../Src/sensors.c:10:
c:\program files (x86)\gnu tools arm embedded\5.4 2016q2\arm-none-eabi\include\stdio.h:253:5: note: expected 'char * restrict' but argument is of type 'uint8_t * {aka unsigned char *}'
 int _EXFUN(snprintf, (char *__restrict, size_t, const char *__restrict, ...)
     ^
../Src/sensors.c: In function 'conv_pres_baro':
../Src/sensors.c:299:24: warning: variable 'TEMP' set but not used [-Wunused-but-set-variable]
   volatile int32_t dT, TEMP;
                        ^
Finished building: ../Src/sensors.c
 
Building target: Flight_Computer_Core.elf
Invoking: GNU ARM Cross C++ Linker
arm-none-eabi-g++ -mcpu=cortex-m4 -mthumb -mfloat-abi=soft -Og -fmessage-length=0 -fsigned-char -ffunction-sections -fdata-sections -ffreestanding -fno-move-loop-invariants -Wall -Wextra  -g3 -T mem.ld -T libs.ld -T sections.ld -nostartfiles -Xlinker --gc-sections -L"../ldscripts" -Wl,-Map,"Flight_Computer_Core.map" -o "Flight_Computer_Core.elf"  ./system/Src/stm32f4-hal/stm32f4xx_hal.o ./system/Src/stm32f4-hal/stm32f4xx_hal_adc.o ./system/Src/stm32f4-hal/stm32f4xx_hal_cortex.o ./system/Src/stm32f4-hal/stm32f4xx_hal_dfsdm.o ./system/Src/stm32f4-hal/stm32f4xx_hal_dma.o ./system/Src/stm32f4-hal/stm32f4xx_hal_flash.o ./system/Src/stm32f4-hal/stm32f4xx_hal_gpio.o ./system/Src/stm32f4-hal/stm32f4xx_hal_iwdg.o ./system/Src/stm32f4-hal/stm32f4xx_hal_pwr.o ./system/Src/stm32f4-hal/stm32f4xx_hal_pwr_ex.o ./system/Src/stm32f4-hal/stm32f4xx_hal_rcc.o ./system/Src/stm32f4-hal/stm32f4xx_hal_spi.o ./system/Src/stm32f4-hal/stm32f4xx_hal_tim.o ./system/Src/stm32f4-hal/stm32f4xx_hal_uart.o  ./system/Src/newlib/_cxx.o ./system/Src/newlib/_exit.o ./system/Src/newlib/_sbrk.o ./system/Src/newlib/_startup.o ./system/Src/newlib/_syscalls.o ./system/Src/newlib/assert.o  ./system/Src/diag/Trace.o ./system/Src/diag/trace_impl.o  ./system/Src/cortexm/_initialize_hardware.o ./system/Src/cortexm/_reset_hardware.o ./system/Src/cortexm/exception_handlers.o  ./system/Src/cmsis/vectors_stm32f446xx.o  ./Src/_initialize_hardware.o ./Src/_write.o ./Src/commandline.o ./Src/flash.o ./Src/main.o ./Src/sensors.o ./Src/stm32f4xx_hal_msp.o ./Src/stm32f4xx_it.o ./Src/system_stm32f4xx.o   
Finished building target: Flight_Computer_Core.elf
 
Invoking: GNU ARM Cross Create Flash Image
arm-none-eabi-objcopy -O ihex "Flight_Computer_Core.elf"  "Flight_Computer_Core.hex"
Finished building: Flight_Computer_Core.hex
 
Invoking: GNU ARM Cross Print Size
arm-none-eabi-size --format=berkeley "Flight_Computer_Core.elf"
   text	   data	    bss	    dec	    hex	filename
  34520	   2224	    900	  37644	   930c	Flight_Computer_Core.elf
Finished building: Flight_Computer_Core.siz
 
02:45:01 **** Incremental Build of configuration Debug for project Flight_Computer_Core ****
make all 
Building file: ../Src/sensors.c
Invoking: GNU ARM Cross C Compiler
arm-none-eabi-gcc -mcpu=cortex-m4 -mthumb -mfloat-abi=soft -Og -fmessage-length=0 -fsigned-char -ffunction-sections -fdata-sections -ffreestanding -fno-move-loop-invariants -Wall -Wextra  -g3 -DDEBUG -DUSE_FULL_ASSERT -DTRACE -DOS_USE_TRACE_ITM -DSTM32F446xx -DUSE_HAL_DRIVER -DHSE_VALUE=24000000 -I"../Inc" -I"../system/Inc" -I"../system/Inc/cmsis" -I"../system/Inc/stm32f4-hal" -std=gnu11 -MMD -MP -MF"Src/sensors.d" -MT"Src/sensors.o" -c -o "Src/sensors.o" "../Src/sensors.c"
../Src/sensors.c:71:1: warning: return type defaults to 'int' [-Wimplicit-int]
 init_gyros(void){
 ^
../Src/sensors.c:71:1: warning: conflicting types for 'init_gyros'
In file included from ../Src/sensors.c:11:0:
../Src/sensors.h:35:6: note: previous declaration of 'init_gyros' was here
 void init_gyros(void);
      ^
../Src/sensors.c: In function 'test_gyros':
../Src/sensors.c:119:36: warning: implicit declaration of function 'strlen' [-Wimplicit-function-declaration]
   HAL_UART_Transmit(&huart1, data, strlen(data), 0xff);
                                    ^
../Src/sensors.c:134:14: warning: pointer targets in passing argument 1 of 'snprintf' differ in signedness [-Wpointer-sign]
     snprintf(data, 100, "%d %d %d\r\n", avg_x, avg_y, avg_z);
              ^
In file included from c:\program files (x86)\gnu tools arm embedded\5.4 2016q2\arm-none-eabi\include\stdio.h:29:0,
                 from ../system/Inc/stm32f4-hal/stm32f4xx_hal_def.h:50,
                 from ../system/Inc/stm32f4-hal/stm32f4xx_hal_rcc.h:47,
                 from ../Inc/stm32f4xx_hal_conf.h:244,
                 from ../system/Inc/stm32f4-hal/stm32f4xx_hal.h:48,
                 from ../Src/sensors.c:10:
c:\program files (x86)\gnu tools arm embedded\5.4 2016q2\arm-none-eabi\include\stdio.h:253:5: note: expected 'char * restrict' but argument is of type 'uint8_t * {aka unsigned char *}'
 int _EXFUN(snprintf, (char *__restrict, size_t, const char *__restrict, ...)
     ^
../Src/sensors.c: In function 'test_accel':
../Src/sensors.c:196:16: warning: pointer targets in passing argument 1 of 'snprintf' differ in signedness [-Wpointer-sign]
       snprintf(data, 100, "%.3f %.3f %.3f\r\n", temp1, temp2, temp3); //X Y Z
                ^
In file included from c:\program files (x86)\gnu tools arm embedded\5.4 2016q2\arm-none-eabi\include\stdio.h:29:0,
                 from ../system/Inc/stm32f4-hal/stm32f4xx_hal_def.h:50,
                 from ../system/Inc/stm32f4-hal/stm32f4xx_hal_rcc.h:47,
                 from ../Inc/stm32f4xx_hal_conf.h:244,
                 from ../system/Inc/stm32f4-hal/stm32f4xx_hal.h:48,
                 from ../Src/sensors.c:10:
c:\program files (x86)\gnu tools arm embedded\5.4 2016q2\arm-none-eabi\include\stdio.h:253:5: note: expected 'char * restrict' but argument is of type 'uint8_t * {aka unsigned char *}'
 int _EXFUN(snprintf, (char *__restrict, size_t, const char *__restrict, ...)
     ^
../Src/sensors.c: In function 'conv_pres_baro':
../Src/sensors.c:299:24: warning: variable 'TEMP' set but not used [-Wunused-but-set-variable]
   volatile int64_t dT, TEMP;
                        ^
Finished building: ../Src/sensors.c
 
Building target: Flight_Computer_Core.elf
Invoking: GNU ARM Cross C++ Linker
arm-none-eabi-g++ -mcpu=cortex-m4 -mthumb -mfloat-abi=soft -Og -fmessage-length=0 -fsigned-char -ffunction-sections -fdata-sections -ffreestanding -fno-move-loop-invariants -Wall -Wextra  -g3 -T mem.ld -T libs.ld -T sections.ld -nostartfiles -Xlinker --gc-sections -L"../ldscripts" -Wl,-Map,"Flight_Computer_Core.map" -o "Flight_Computer_Core.elf"  ./system/Src/stm32f4-hal/stm32f4xx_hal.o ./system/Src/stm32f4-hal/stm32f4xx_hal_adc.o ./system/Src/stm32f4-hal/stm32f4xx_hal_cortex.o ./system/Src/stm32f4-hal/stm32f4xx_hal_dfsdm.o ./system/Src/stm32f4-hal/stm32f4xx_hal_dma.o ./system/Src/stm32f4-hal/stm32f4xx_hal_flash.o ./system/Src/stm32f4-hal/stm32f4xx_hal_gpio.o ./system/Src/stm32f4-hal/stm32f4xx_hal_iwdg.o ./system/Src/stm32f4-hal/stm32f4xx_hal_pwr.o ./system/Src/stm32f4-hal/stm32f4xx_hal_pwr_ex.o ./system/Src/stm32f4-hal/stm32f4xx_hal_rcc.o ./system/Src/stm32f4-hal/stm32f4xx_hal_spi.o ./system/Src/stm32f4-hal/stm32f4xx_hal_tim.o ./system/Src/stm32f4-hal/stm32f4xx_hal_uart.o  ./system/Src/newlib/_cxx.o ./system/Src/newlib/_exit.o ./system/Src/newlib/_sbrk.o ./system/Src/newlib/_startup.o ./system/Src/newlib/_syscalls.o ./system/Src/newlib/assert.o  ./system/Src/diag/Trace.o ./system/Src/diag/trace_impl.o  ./system/Src/cortexm/_initialize_hardware.o ./system/Src/cortexm/_reset_hardware.o ./system/Src/cortexm/exception_handlers.o  ./system/Src/cmsis/vectors_stm32f446xx.o  ./Src/_initialize_hardware.o ./Src/_write.o ./Src/commandline.o ./Src/flash.o ./Src/main.o ./Src/sensors.o ./Src/stm32f4xx_hal_msp.o ./Src/stm32f4xx_it.o ./Src/system_stm32f4xx.o   
Finished building target: Flight_Computer_Core.elf
 
Invoking: GNU ARM Cross Create Flash Image
arm-none-eabi-objcopy -O ihex "Flight_Computer_Core.elf"  "Flight_Computer_Core.hex"
Finished building: Flight_Computer_Core.hex
 
Invoking: GNU ARM Cross Print Size
arm-none-eabi-size --format=berkeley "Flight_Computer_Core.elf"
   text	   data	    bss	    dec	    hex	filename
  34584	   2224	    900	  37708	   934c	Flight_Computer_Core.elf
Finished building: Flight_Computer_Core.siz
 
02:46:41 **** Incremental Build of configuration Debug for project Flight_Computer_Core ****
make all 
Building file: ../Src/sensors.c
Invoking: GNU ARM Cross C Compiler
arm-none-eabi-gcc -mcpu=cortex-m4 -mthumb -mfloat-abi=soft -Og -fmessage-length=0 -fsigned-char -ffunction-sections -fdata-sections -ffreestanding -fno-move-loop-invariants -Wall -Wextra  -g3 -DDEBUG -DUSE_FULL_ASSERT -DTRACE -DOS_USE_TRACE_ITM -DSTM32F446xx -DUSE_HAL_DRIVER -DHSE_VALUE=24000000 -I"../Inc" -I"../system/Inc" -I"../system/Inc/cmsis" -I"../system/Inc/stm32f4-hal" -std=gnu11 -MMD -MP -MF"Src/sensors.d" -MT"Src/sensors.o" -c -o "Src/sensors.o" "../Src/sensors.c"
../Src/sensors.c:71:1: warning: return type defaults to 'int' [-Wimplicit-int]
 init_gyros(void){
 ^
../Src/sensors.c:71:1: warning: conflicting types for 'init_gyros'
In file included from ../Src/sensors.c:11:0:
../Src/sensors.h:35:6: note: previous declaration of 'init_gyros' was here
 void init_gyros(void);
      ^
../Src/sensors.c: In function 'test_gyros':
../Src/sensors.c:119:36: warning: implicit declaration of function 'strlen' [-Wimplicit-function-declaration]
   HAL_UART_Transmit(&huart1, data, strlen(data), 0xff);
                                    ^
../Src/sensors.c:134:14: warning: pointer targets in passing argument 1 of 'snprintf' differ in signedness [-Wpointer-sign]
     snprintf(data, 100, "%d %d %d\r\n", avg_x, avg_y, avg_z);
              ^
In file included from c:\program files (x86)\gnu tools arm embedded\5.4 2016q2\arm-none-eabi\include\stdio.h:29:0,
                 from ../system/Inc/stm32f4-hal/stm32f4xx_hal_def.h:50,
                 from ../system/Inc/stm32f4-hal/stm32f4xx_hal_rcc.h:47,
                 from ../Inc/stm32f4xx_hal_conf.h:244,
                 from ../system/Inc/stm32f4-hal/stm32f4xx_hal.h:48,
                 from ../Src/sensors.c:10:
c:\program files (x86)\gnu tools arm embedded\5.4 2016q2\arm-none-eabi\include\stdio.h:253:5: note: expected 'char * restrict' but argument is of type 'uint8_t * {aka unsigned char *}'
 int _EXFUN(snprintf, (char *__restrict, size_t, const char *__restrict, ...)
     ^
../Src/sensors.c: In function 'test_accel':
../Src/sensors.c:196:16: warning: pointer targets in passing argument 1 of 'snprintf' differ in signedness [-Wpointer-sign]
       snprintf(data, 100, "%.3f %.3f %.3f\r\n", temp1, temp2, temp3); //X Y Z
                ^
In file included from c:\program files (x86)\gnu tools arm embedded\5.4 2016q2\arm-none-eabi\include\stdio.h:29:0,
                 from ../system/Inc/stm32f4-hal/stm32f4xx_hal_def.h:50,
                 from ../system/Inc/stm32f4-hal/stm32f4xx_hal_rcc.h:47,
                 from ../Inc/stm32f4xx_hal_conf.h:244,
                 from ../system/Inc/stm32f4-hal/stm32f4xx_hal.h:48,
                 from ../Src/sensors.c:10:
c:\program files (x86)\gnu tools arm embedded\5.4 2016q2\arm-none-eabi\include\stdio.h:253:5: note: expected 'char * restrict' but argument is of type 'uint8_t * {aka unsigned char *}'
 int _EXFUN(snprintf, (char *__restrict, size_t, const char *__restrict, ...)
     ^
../Src/sensors.c: In function 'conv_pres_baro':
../Src/sensors.c:301:30: warning: unused variable 'partialB' [-Wunused-variable]
   volatile int64_t partialA, partialB;
                              ^
../Src/sensors.c:299:24: warning: variable 'TEMP' set but not used [-Wunused-but-set-variable]
   volatile int32_t dT, TEMP;
                        ^
Finished building: ../Src/sensors.c
 
Building target: Flight_Computer_Core.elf
Invoking: GNU ARM Cross C++ Linker
arm-none-eabi-g++ -mcpu=cortex-m4 -mthumb -mfloat-abi=soft -Og -fmessage-length=0 -fsigned-char -ffunction-sections -fdata-sections -ffreestanding -fno-move-loop-invariants -Wall -Wextra  -g3 -T mem.ld -T libs.ld -T sections.ld -nostartfiles -Xlinker --gc-sections -L"../ldscripts" -Wl,-Map,"Flight_Computer_Core.map" -o "Flight_Computer_Core.elf"  ./system/Src/stm32f4-hal/stm32f4xx_hal.o ./system/Src/stm32f4-hal/stm32f4xx_hal_adc.o ./system/Src/stm32f4-hal/stm32f4xx_hal_cortex.o ./system/Src/stm32f4-hal/stm32f4xx_hal_dfsdm.o ./system/Src/stm32f4-hal/stm32f4xx_hal_dma.o ./system/Src/stm32f4-hal/stm32f4xx_hal_flash.o ./system/Src/stm32f4-hal/stm32f4xx_hal_gpio.o ./system/Src/stm32f4-hal/stm32f4xx_hal_iwdg.o ./system/Src/stm32f4-hal/stm32f4xx_hal_pwr.o ./system/Src/stm32f4-hal/stm32f4xx_hal_pwr_ex.o ./system/Src/stm32f4-hal/stm32f4xx_hal_rcc.o ./system/Src/stm32f4-hal/stm32f4xx_hal_spi.o ./system/Src/stm32f4-hal/stm32f4xx_hal_tim.o ./system/Src/stm32f4-hal/stm32f4xx_hal_uart.o  ./system/Src/newlib/_cxx.o ./system/Src/newlib/_exit.o ./system/Src/newlib/_sbrk.o ./system/Src/newlib/_startup.o ./system/Src/newlib/_syscalls.o ./system/Src/newlib/assert.o  ./system/Src/diag/Trace.o ./system/Src/diag/trace_impl.o  ./system/Src/cortexm/_initialize_hardware.o ./system/Src/cortexm/_reset_hardware.o ./system/Src/cortexm/exception_handlers.o  ./system/Src/cmsis/vectors_stm32f446xx.o  ./Src/_initialize_hardware.o ./Src/_write.o ./Src/commandline.o ./Src/flash.o ./Src/main.o ./Src/sensors.o ./Src/stm32f4xx_hal_msp.o ./Src/stm32f4xx_it.o ./Src/system_stm32f4xx.o   
Finished building target: Flight_Computer_Core.elf
 
Invoking: GNU ARM Cross Create Flash Image
arm-none-eabi-objcopy -O ihex "Flight_Computer_Core.elf"  "Flight_Computer_Core.hex"
Finished building: Flight_Computer_Core.hex
 
Invoking: GNU ARM Cross Print Size
arm-none-eabi-size --format=berkeley "Flight_Computer_Core.elf"
   text	   data	    bss	    dec	    hex	filename
  34520	   2224	    900	  37644	   930c	Flight_Computer_Core.elf
Finished building: Flight_Computer_Core.siz
 
02:50:09 **** Incremental Build of configuration Debug for project Flight_Computer_Core ****
make all 
Building file: ../Src/sensors.c
Invoking: GNU ARM Cross C Compiler
arm-none-eabi-gcc -mcpu=cortex-m4 -mthumb -mfloat-abi=soft -Og -fmessage-length=0 -fsigned-char -ffunction-sections -fdata-sections -ffreestanding -fno-move-loop-invariants -Wall -Wextra  -g3 -DDEBUG -DUSE_FULL_ASSERT -DTRACE -DOS_USE_TRACE_ITM -DSTM32F446xx -DUSE_HAL_DRIVER -DHSE_VALUE=24000000 -I"../Inc" -I"../system/Inc" -I"../system/Inc/cmsis" -I"../system/Inc/stm32f4-hal" -std=gnu11 -MMD -MP -MF"Src/sensors.d" -MT"Src/sensors.o" -c -o "Src/sensors.o" "../Src/sensors.c"
../Src/sensors.c:71:1: warning: return type defaults to 'int' [-Wimplicit-int]
 init_gyros(void){
 ^
../Src/sensors.c:71:1: warning: conflicting types for 'init_gyros'
In file included from ../Src/sensors.c:11:0:
../Src/sensors.h:35:6: note: previous declaration of 'init_gyros' was here
 void init_gyros(void);
      ^
../Src/sensors.c: In function 'test_gyros':
../Src/sensors.c:119:36: warning: implicit declaration of function 'strlen' [-Wimplicit-function-declaration]
   HAL_UART_Transmit(&huart1, data, strlen(data), 0xff);
                                    ^
../Src/sensors.c:134:14: warning: pointer targets in passing argument 1 of 'snprintf' differ in signedness [-Wpointer-sign]
     snprintf(data, 100, "%d %d %d\r\n", avg_x, avg_y, avg_z);
              ^
In file included from c:\program files (x86)\gnu tools arm embedded\5.4 2016q2\arm-none-eabi\include\stdio.h:29:0,
                 from ../system/Inc/stm32f4-hal/stm32f4xx_hal_def.h:50,
                 from ../system/Inc/stm32f4-hal/stm32f4xx_hal_rcc.h:47,
                 from ../Inc/stm32f4xx_hal_conf.h:244,
                 from ../system/Inc/stm32f4-hal/stm32f4xx_hal.h:48,
                 from ../Src/sensors.c:10:
c:\program files (x86)\gnu tools arm embedded\5.4 2016q2\arm-none-eabi\include\stdio.h:253:5: note: expected 'char * restrict' but argument is of type 'uint8_t * {aka unsigned char *}'
 int _EXFUN(snprintf, (char *__restrict, size_t, const char *__restrict, ...)
     ^
../Src/sensors.c: In function 'test_accel':
../Src/sensors.c:196:16: warning: pointer targets in passing argument 1 of 'snprintf' differ in signedness [-Wpointer-sign]
       snprintf(data, 100, "%.3f %.3f %.3f\r\n", temp1, temp2, temp3); //X Y Z
                ^
In file included from c:\program files (x86)\gnu tools arm embedded\5.4 2016q2\arm-none-eabi\include\stdio.h:29:0,
                 from ../system/Inc/stm32f4-hal/stm32f4xx_hal_def.h:50,
                 from ../system/Inc/stm32f4-hal/stm32f4xx_hal_rcc.h:47,
                 from ../Inc/stm32f4xx_hal_conf.h:244,
                 from ../system/Inc/stm32f4-hal/stm32f4xx_hal.h:48,
                 from ../Src/sensors.c:10:
c:\program files (x86)\gnu tools arm embedded\5.4 2016q2\arm-none-eabi\include\stdio.h:253:5: note: expected 'char * restrict' but argument is of type 'uint8_t * {aka unsigned char *}'
 int _EXFUN(snprintf, (char *__restrict, size_t, const char *__restrict, ...)
     ^
../Src/sensors.c: In function 'conv_pres_baro':
../Src/sensors.c:301:30: warning: unused variable 'partialB' [-Wunused-variable]
   volatile int64_t partialA, partialB;
                              ^
../Src/sensors.c:299:24: warning: variable 'TEMP' set but not used [-Wunused-but-set-variable]
   volatile int32_t dT, TEMP;
                        ^
Finished building: ../Src/sensors.c
 
Building target: Flight_Computer_Core.elf
Invoking: GNU ARM Cross C++ Linker
arm-none-eabi-g++ -mcpu=cortex-m4 -mthumb -mfloat-abi=soft -Og -fmessage-length=0 -fsigned-char -ffunction-sections -fdata-sections -ffreestanding -fno-move-loop-invariants -Wall -Wextra  -g3 -T mem.ld -T libs.ld -T sections.ld -nostartfiles -Xlinker --gc-sections -L"../ldscripts" -Wl,-Map,"Flight_Computer_Core.map" -o "Flight_Computer_Core.elf"  ./system/Src/stm32f4-hal/stm32f4xx_hal.o ./system/Src/stm32f4-hal/stm32f4xx_hal_adc.o ./system/Src/stm32f4-hal/stm32f4xx_hal_cortex.o ./system/Src/stm32f4-hal/stm32f4xx_hal_dfsdm.o ./system/Src/stm32f4-hal/stm32f4xx_hal_dma.o ./system/Src/stm32f4-hal/stm32f4xx_hal_flash.o ./system/Src/stm32f4-hal/stm32f4xx_hal_gpio.o ./system/Src/stm32f4-hal/stm32f4xx_hal_iwdg.o ./system/Src/stm32f4-hal/stm32f4xx_hal_pwr.o ./system/Src/stm32f4-hal/stm32f4xx_hal_pwr_ex.o ./system/Src/stm32f4-hal/stm32f4xx_hal_rcc.o ./system/Src/stm32f4-hal/stm32f4xx_hal_spi.o ./system/Src/stm32f4-hal/stm32f4xx_hal_tim.o ./system/Src/stm32f4-hal/stm32f4xx_hal_uart.o  ./system/Src/newlib/_cxx.o ./system/Src/newlib/_exit.o ./system/Src/newlib/_sbrk.o ./system/Src/newlib/_startup.o ./system/Src/newlib/_syscalls.o ./system/Src/newlib/assert.o  ./system/Src/diag/Trace.o ./system/Src/diag/trace_impl.o  ./system/Src/cortexm/_initialize_hardware.o ./system/Src/cortexm/_reset_hardware.o ./system/Src/cortexm/exception_handlers.o  ./system/Src/cmsis/vectors_stm32f446xx.o  ./Src/_initialize_hardware.o ./Src/_write.o ./Src/commandline.o ./Src/flash.o ./Src/main.o ./Src/sensors.o ./Src/stm32f4xx_hal_msp.o ./Src/stm32f4xx_it.o ./Src/system_stm32f4xx.o   
Finished building target: Flight_Computer_Core.elf
 
Invoking: GNU ARM Cross Create Flash Image
arm-none-eabi-objcopy -O ihex "Flight_Computer_Core.elf"  "Flight_Computer_Core.hex"
Finished building: Flight_Computer_Core.hex
 
Invoking: GNU ARM Cross Print Size
arm-none-eabi-size --format=berkeley "Flight_Computer_Core.elf"
   text	   data	    bss	    dec	    hex	filename
  34520	   2224	    900	  37644	   930c	Flight_Computer_Core.elf
Finished building: Flight_Computer_Core.siz
 
02:50:50 **** Incremental Build of configuration Debug for project Flight_Computer_Core ****
make all 
Building file: ../Src/sensors.c
Invoking: GNU ARM Cross C Compiler
arm-none-eabi-gcc -mcpu=cortex-m4 -mthumb -mfloat-abi=soft -Og -fmessage-length=0 -fsigned-char -ffunction-sections -fdata-sections -ffreestanding -fno-move-loop-invariants -Wall -Wextra  -g3 -DDEBUG -DUSE_FULL_ASSERT -DTRACE -DOS_USE_TRACE_ITM -DSTM32F446xx -DUSE_HAL_DRIVER -DHSE_VALUE=24000000 -I"../Inc" -I"../system/Inc" -I"../system/Inc/cmsis" -I"../system/Inc/stm32f4-hal" -std=gnu11 -MMD -MP -MF"Src/sensors.d" -MT"Src/sensors.o" -c -o "Src/sensors.o" "../Src/sensors.c"
../Src/sensors.c:71:1: warning: return type defaults to 'int' [-Wimplicit-int]
 init_gyros(void){
 ^
../Src/sensors.c:71:1: warning: conflicting types for 'init_gyros'
In file included from ../Src/sensors.c:11:0:
../Src/sensors.h:35:6: note: previous declaration of 'init_gyros' was here
 void init_gyros(void);
      ^
../Src/sensors.c: In function 'test_gyros':
../Src/sensors.c:119:36: warning: implicit declaration of function 'strlen' [-Wimplicit-function-declaration]
   HAL_UART_Transmit(&huart1, data, strlen(data), 0xff);
                                    ^
../Src/sensors.c:134:14: warning: pointer targets in passing argument 1 of 'snprintf' differ in signedness [-Wpointer-sign]
     snprintf(data, 100, "%d %d %d\r\n", avg_x, avg_y, avg_z);
              ^
In file included from c:\program files (x86)\gnu tools arm embedded\5.4 2016q2\arm-none-eabi\include\stdio.h:29:0,
                 from ../system/Inc/stm32f4-hal/stm32f4xx_hal_def.h:50,
                 from ../system/Inc/stm32f4-hal/stm32f4xx_hal_rcc.h:47,
                 from ../Inc/stm32f4xx_hal_conf.h:244,
                 from ../system/Inc/stm32f4-hal/stm32f4xx_hal.h:48,
                 from ../Src/sensors.c:10:
c:\program files (x86)\gnu tools arm embedded\5.4 2016q2\arm-none-eabi\include\stdio.h:253:5: note: expected 'char * restrict' but argument is of type 'uint8_t * {aka unsigned char *}'
 int _EXFUN(snprintf, (char *__restrict, size_t, const char *__restrict, ...)
     ^
../Src/sensors.c: In function 'test_accel':
../Src/sensors.c:196:16: warning: pointer targets in passing argument 1 of 'snprintf' differ in signedness [-Wpointer-sign]
       snprintf(data, 100, "%.3f %.3f %.3f\r\n", temp1, temp2, temp3); //X Y Z
                ^
In file included from c:\program files (x86)\gnu tools arm embedded\5.4 2016q2\arm-none-eabi\include\stdio.h:29:0,
                 from ../system/Inc/stm32f4-hal/stm32f4xx_hal_def.h:50,
                 from ../system/Inc/stm32f4-hal/stm32f4xx_hal_rcc.h:47,
                 from ../Inc/stm32f4xx_hal_conf.h:244,
                 from ../system/Inc/stm32f4-hal/stm32f4xx_hal.h:48,
                 from ../Src/sensors.c:10:
c:\program files (x86)\gnu tools arm embedded\5.4 2016q2\arm-none-eabi\include\stdio.h:253:5: note: expected 'char * restrict' but argument is of type 'uint8_t * {aka unsigned char *}'
 int _EXFUN(snprintf, (char *__restrict, size_t, const char *__restrict, ...)
     ^
../Src/sensors.c: In function 'conv_pres_baro':
../Src/sensors.c:301:30: warning: unused variable 'partialB' [-Wunused-variable]
   volatile int64_t partialA, partialB;
                              ^
../Src/sensors.c:299:24: warning: variable 'TEMP' set but not used [-Wunused-but-set-variable]
   volatile int32_t dT, TEMP;
                        ^
Finished building: ../Src/sensors.c
 
Building target: Flight_Computer_Core.elf
Invoking: GNU ARM Cross C++ Linker
arm-none-eabi-g++ -mcpu=cortex-m4 -mthumb -mfloat-abi=soft -Og -fmessage-length=0 -fsigned-char -ffunction-sections -fdata-sections -ffreestanding -fno-move-loop-invariants -Wall -Wextra  -g3 -T mem.ld -T libs.ld -T sections.ld -nostartfiles -Xlinker --gc-sections -L"../ldscripts" -Wl,-Map,"Flight_Computer_Core.map" -o "Flight_Computer_Core.elf"  ./system/Src/stm32f4-hal/stm32f4xx_hal.o ./system/Src/stm32f4-hal/stm32f4xx_hal_adc.o ./system/Src/stm32f4-hal/stm32f4xx_hal_cortex.o ./system/Src/stm32f4-hal/stm32f4xx_hal_dfsdm.o ./system/Src/stm32f4-hal/stm32f4xx_hal_dma.o ./system/Src/stm32f4-hal/stm32f4xx_hal_flash.o ./system/Src/stm32f4-hal/stm32f4xx_hal_gpio.o ./system/Src/stm32f4-hal/stm32f4xx_hal_iwdg.o ./system/Src/stm32f4-hal/stm32f4xx_hal_pwr.o ./system/Src/stm32f4-hal/stm32f4xx_hal_pwr_ex.o ./system/Src/stm32f4-hal/stm32f4xx_hal_rcc.o ./system/Src/stm32f4-hal/stm32f4xx_hal_spi.o ./system/Src/stm32f4-hal/stm32f4xx_hal_tim.o ./system/Src/stm32f4-hal/stm32f4xx_hal_uart.o  ./system/Src/newlib/_cxx.o ./system/Src/newlib/_exit.o ./system/Src/newlib/_sbrk.o ./system/Src/newlib/_startup.o ./system/Src/newlib/_syscalls.o ./system/Src/newlib/assert.o  ./system/Src/diag/Trace.o ./system/Src/diag/trace_impl.o  ./system/Src/cortexm/_initialize_hardware.o ./system/Src/cortexm/_reset_hardware.o ./system/Src/cortexm/exception_handlers.o  ./system/Src/cmsis/vectors_stm32f446xx.o  ./Src/_initialize_hardware.o ./Src/_write.o ./Src/commandline.o ./Src/flash.o ./Src/main.o ./Src/sensors.o ./Src/stm32f4xx_hal_msp.o ./Src/stm32f4xx_it.o ./Src/system_stm32f4xx.o   
Finished building target: Flight_Computer_Core.elf
 
Invoking: GNU ARM Cross Create Flash Image
arm-none-eabi-objcopy -O ihex "Flight_Computer_Core.elf"  "Flight_Computer_Core.hex"
Finished building: Flight_Computer_Core.hex
 
Invoking: GNU ARM Cross Print Size
arm-none-eabi-size --format=berkeley "Flight_Computer_Core.elf"
   text	   data	    bss	    dec	    hex	filename
  34520	   2224	    900	  37644	   930c	Flight_Computer_Core.elf
Finished building: Flight_Computer_Core.siz
 
02:51:34 **** Incremental Build of configuration Debug for project Flight_Computer_Core ****
make all 
Building file: ../Src/sensors.c
Invoking: GNU ARM Cross C Compiler
arm-none-eabi-gcc -mcpu=cortex-m4 -mthumb -mfloat-abi=soft -Og -fmessage-length=0 -fsigned-char -ffunction-sections -fdata-sections -ffreestanding -fno-move-loop-invariants -Wall -Wextra  -g3 -DDEBUG -DUSE_FULL_ASSERT -DTRACE -DOS_USE_TRACE_ITM -DSTM32F446xx -DUSE_HAL_DRIVER -DHSE_VALUE=24000000 -I"../Inc" -I"../system/Inc" -I"../system/Inc/cmsis" -I"../system/Inc/stm32f4-hal" -std=gnu11 -MMD -MP -MF"Src/sensors.d" -MT"Src/sensors.o" -c -o "Src/sensors.o" "../Src/sensors.c"
../Src/sensors.c:71:1: warning: return type defaults to 'int' [-Wimplicit-int]
 init_gyros(void){
 ^
../Src/sensors.c:71:1: warning: conflicting types for 'init_gyros'
In file included from ../Src/sensors.c:11:0:
../Src/sensors.h:35:6: note: previous declaration of 'init_gyros' was here
 void init_gyros(void);
      ^
../Src/sensors.c: In function 'test_gyros':
../Src/sensors.c:119:36: warning: implicit declaration of function 'strlen' [-Wimplicit-function-declaration]
   HAL_UART_Transmit(&huart1, data, strlen(data), 0xff);
                                    ^
../Src/sensors.c:134:14: warning: pointer targets in passing argument 1 of 'snprintf' differ in signedness [-Wpointer-sign]
     snprintf(data, 100, "%d %d %d\r\n", avg_x, avg_y, avg_z);
              ^
In file included from c:\program files (x86)\gnu tools arm embedded\5.4 2016q2\arm-none-eabi\include\stdio.h:29:0,
                 from ../system/Inc/stm32f4-hal/stm32f4xx_hal_def.h:50,
                 from ../system/Inc/stm32f4-hal/stm32f4xx_hal_rcc.h:47,
                 from ../Inc/stm32f4xx_hal_conf.h:244,
                 from ../system/Inc/stm32f4-hal/stm32f4xx_hal.h:48,
                 from ../Src/sensors.c:10:
c:\program files (x86)\gnu tools arm embedded\5.4 2016q2\arm-none-eabi\include\stdio.h:253:5: note: expected 'char * restrict' but argument is of type 'uint8_t * {aka unsigned char *}'
 int _EXFUN(snprintf, (char *__restrict, size_t, const char *__restrict, ...)
     ^
../Src/sensors.c: In function 'test_accel':
../Src/sensors.c:196:16: warning: pointer targets in passing argument 1 of 'snprintf' differ in signedness [-Wpointer-sign]
       snprintf(data, 100, "%.3f %.3f %.3f\r\n", temp1, temp2, temp3); //X Y Z
                ^
In file included from c:\program files (x86)\gnu tools arm embedded\5.4 2016q2\arm-none-eabi\include\stdio.h:29:0,
                 from ../system/Inc/stm32f4-hal/stm32f4xx_hal_def.h:50,
                 from ../system/Inc/stm32f4-hal/stm32f4xx_hal_rcc.h:47,
                 from ../Inc/stm32f4xx_hal_conf.h:244,
                 from ../system/Inc/stm32f4-hal/stm32f4xx_hal.h:48,
                 from ../Src/sensors.c:10:
c:\program files (x86)\gnu tools arm embedded\5.4 2016q2\arm-none-eabi\include\stdio.h:253:5: note: expected 'char * restrict' but argument is of type 'uint8_t * {aka unsigned char *}'
 int _EXFUN(snprintf, (char *__restrict, size_t, const char *__restrict, ...)
     ^
../Src/sensors.c: In function 'conv_pres_baro':
../Src/sensors.c:301:30: warning: unused variable 'partialB' [-Wunused-variable]
   volatile int64_t partialA, partialB;
                              ^
../Src/sensors.c:299:24: warning: variable 'TEMP' set but not used [-Wunused-but-set-variable]
   volatile int32_t dT, TEMP;
[...]
 int _EXFUN(snprintf, (char *__restrict, size_t, const char *__restrict, ...)
     ^
../Src/flash.c:323:32: warning: embedded '\0' in format [-Wformat-contains-nul]
   snprintf(line, sizeof(line), "Time(ms), byte, gyro x, gyro y, gyro z, accel x, accel y, accel z, barodata, string, \r\n\0");
                                ^
../Src/flash.c:380:20: warning: pointer targets in passing argument 1 of 'snprintf' differ in signedness [-Wpointer-sign]
           snprintf(line, sizeof(line), "%d,%d,%d,%d,%d,%d,%d,%d,%d,%d,%s,\r\n\0", time, base_index,
                    ^
In file included from c:\program files (x86)\gnu tools arm embedded\5.4 2016q2\arm-none-eabi\include\stdio.h:29:0,
                 from ../system/Inc/stm32f4-hal/stm32f4xx_hal_def.h:50,
                 from ../system/Inc/stm32f4-hal/stm32f4xx_hal_rcc.h:47,
                 from ../Inc/stm32f4xx_hal_conf.h:244,
                 from ../system/Inc/stm32f4-hal/stm32f4xx_hal.h:48,
                 from ../Src/flash.c:9:
c:\program files (x86)\gnu tools arm embedded\5.4 2016q2\arm-none-eabi\include\stdio.h:253:5: note: expected 'char * restrict' but argument is of type 'uint8_t * {aka unsigned char *}'
 int _EXFUN(snprintf, (char *__restrict, size_t, const char *__restrict, ...)
     ^
../Src/flash.c:380:40: warning: format '%d' expects argument of type 'int', but argument 4 has type 'uint32_t {aka long unsigned int}' [-Wformat=]
           snprintf(line, sizeof(line), "%d,%d,%d,%d,%d,%d,%d,%d,%d,%d,%s,\r\n\0", time, base_index,
                                        ^
../Src/flash.c:380:40: warning: format '%d' expects argument of type 'int', but argument 5 has type 'int32_t {aka long int}' [-Wformat=]
../Src/flash.c:380:40: warning: format '%d' expects argument of type 'int', but argument 9 has type 'int32_t {aka long int}' [-Wformat=]
../Src/flash.c:380:40: warning: format '%d' expects argument of type 'int', but argument 10 has type 'int32_t {aka long int}' [-Wformat=]
../Src/flash.c:380:40: warning: format '%d' expects argument of type 'int', but argument 11 has type 'int32_t {aka long int}' [-Wformat=]
../Src/flash.c:380:40: warning: format '%d' expects argument of type 'int', but argument 12 has type 'int32_t {aka long int}' [-Wformat=]
../Src/flash.c:380:40: warning: format '%d' expects argument of type 'int', but argument 13 has type 'uint8_t * {aka unsigned char *}' [-Wformat=]
../Src/flash.c:380:40: warning: format '%s' expects a matching 'char *' argument [-Wformat=]
../Src/flash.c:380:40: warning: embedded '\0' in format [-Wformat-contains-nul]
../Src/flash.c: In function 'load_page':
../Src/flash.c:82:1: warning: control reaches end of non-void function [-Wreturn-type]
 }
 ^
../Src/flash.c: In function 'flash_test':
../Src/flash.c:206:1: warning: control reaches end of non-void function [-Wreturn-type]
 }
 ^
../Src/flash.c: In function 'log':
../Src/flash.c:243:1: warning: control reaches end of non-void function [-Wreturn-type]
 }
 ^
Finished building: ../Src/flash.c
 
Building file: ../Src/main.c
Invoking: GNU ARM Cross C Compiler
arm-none-eabi-gcc -mcpu=cortex-m4 -mthumb -mfloat-abi=soft -Og -fmessage-length=0 -fsigned-char -ffunction-sections -fdata-sections -ffreestanding -fno-move-loop-invariants -Wall -Wextra  -g3 -DDEBUG -DUSE_FULL_ASSERT -DTRACE -DOS_USE_TRACE_ITM -DSTM32F446xx -DUSE_HAL_DRIVER -DHSE_VALUE=24000000 -I"../Inc" -I"../system/Inc" -I"../system/Inc/cmsis" -I"../system/Inc/stm32f4-hal" -std=gnu11 -MMD -MP -MF"Src/main.d" -MT"Src/main.o" -c -o "Src/main.o" "../Src/main.c"
../Src/main.c: In function 'main':
../Src/main.c:191:9: warning: pointer targets in passing argument 1 of 'print' differ in signedness [-Wpointer-sign]
   print("System Initilization Complete\n\0");
         ^
In file included from ../Src/main.c:74:0:
../Src/commandline.h:52:6: note: expected 'uint8_t * {aka unsigned char *}' but argument is of type 'char *'
 void print(uint8_t* message);
      ^
../Src/main.c: In function '_Error_Handler':
../Src/main.c:518:28: warning: unused parameter 'file' [-Wunused-parameter]
 void _Error_Handler(char * file, int line)
                            ^
../Src/main.c:518:38: warning: unused parameter 'line' [-Wunused-parameter]
 void _Error_Handler(char * file, int line)
                                      ^
../Src/main.c: In function 'assert_failed':
../Src/main.c:537:29: warning: unused parameter 'file' [-Wunused-parameter]
 void assert_failed(uint8_t* file, uint32_t line)
                             ^
../Src/main.c:537:44: warning: unused parameter 'line' [-Wunused-parameter]
 void assert_failed(uint8_t* file, uint32_t line)
                                            ^
Finished building: ../Src/main.c
 
Building target: Flight_Computer_Core.elf
Invoking: GNU ARM Cross C++ Linker
arm-none-eabi-g++ -mcpu=cortex-m4 -mthumb -mfloat-abi=soft -Og -fmessage-length=0 -fsigned-char -ffunction-sections -fdata-sections -ffreestanding -fno-move-loop-invariants -Wall -Wextra  -g3 -T mem.ld -T libs.ld -T sections.ld -nostartfiles -Xlinker --gc-sections -L"../ldscripts" -Wl,-Map,"Flight_Computer_Core.map" -o "Flight_Computer_Core.elf"  ./system/Src/stm32f4-hal/stm32f4xx_hal.o ./system/Src/stm32f4-hal/stm32f4xx_hal_adc.o ./system/Src/stm32f4-hal/stm32f4xx_hal_cortex.o ./system/Src/stm32f4-hal/stm32f4xx_hal_dfsdm.o ./system/Src/stm32f4-hal/stm32f4xx_hal_dma.o ./system/Src/stm32f4-hal/stm32f4xx_hal_flash.o ./system/Src/stm32f4-hal/stm32f4xx_hal_gpio.o ./system/Src/stm32f4-hal/stm32f4xx_hal_iwdg.o ./system/Src/stm32f4-hal/stm32f4xx_hal_pwr.o ./system/Src/stm32f4-hal/stm32f4xx_hal_pwr_ex.o ./system/Src/stm32f4-hal/stm32f4xx_hal_rcc.o ./system/Src/stm32f4-hal/stm32f4xx_hal_spi.o ./system/Src/stm32f4-hal/stm32f4xx_hal_tim.o ./system/Src/stm32f4-hal/stm32f4xx_hal_uart.o  ./system/Src/newlib/_cxx.o ./system/Src/newlib/_exit.o ./system/Src/newlib/_sbrk.o ./system/Src/newlib/_startup.o ./system/Src/newlib/_syscalls.o ./system/Src/newlib/assert.o  ./system/Src/diag/Trace.o ./system/Src/diag/trace_impl.o  ./system/Src/cortexm/_initialize_hardware.o ./system/Src/cortexm/_reset_hardware.o ./system/Src/cortexm/exception_handlers.o  ./system/Src/cmsis/vectors_stm32f446xx.o  ./Src/GPS.o ./Src/_initialize_hardware.o ./Src/_write.o ./Src/commandline.o ./Src/flash.o ./Src/main.o ./Src/minmea.o ./Src/sensors.o ./Src/stm32f4xx_hal_msp.o ./Src/stm32f4xx_it.o ./Src/system_stm32f4xx.o   
Finished building target: Flight_Computer_Core.elf
 
Invoking: GNU ARM Cross Create Flash Image
arm-none-eabi-objcopy -O ihex "Flight_Computer_Core.elf"  "Flight_Computer_Core.hex"
Finished building: Flight_Computer_Core.hex
 
Invoking: GNU ARM Cross Print Size
arm-none-eabi-size --format=berkeley "Flight_Computer_Core.elf"
   text	   data	    bss	    dec	    hex	filename
  42200	   2232	   3700	  48132	   bc04	Flight_Computer_Core.elf
Finished building: Flight_Computer_Core.siz
 
23:53:47 **** Incremental Build of configuration Debug for project Flight_Computer_Core ****
make all 
Invoking: GNU ARM Cross Print Size
arm-none-eabi-size --format=berkeley "Flight_Computer_Core.elf"
   text	   data	    bss	    dec	    hex	filename
  42200	   2232	   3700	  48132	   bc04	Flight_Computer_Core.elf
Finished building: Flight_Computer_Core.siz
 
00:26:46 **** Incremental Build of configuration Debug for project Flight_Computer_Core ****
make all 
Building file: ../Src/commandline.c
Invoking: GNU ARM Cross C Compiler
arm-none-eabi-gcc -mcpu=cortex-m4 -mthumb -mfloat-abi=soft -Og -fmessage-length=0 -fsigned-char -ffunction-sections -fdata-sections -ffreestanding -fno-move-loop-invariants -Wall -Wextra  -g3 -DDEBUG -DUSE_FULL_ASSERT -DTRACE -DOS_USE_TRACE_ITM -DSTM32F446xx -DUSE_HAL_DRIVER -DHSE_VALUE=24000000 -I"../Inc" -I"../system/Inc" -I"../system/Inc/cmsis" -I"../system/Inc/stm32f4-hal" -std=gnu11 -MMD -MP -MF"Src/commandline.d" -MT"Src/commandline.o" -c -o "Src/commandline.o" "../Src/commandline.c"
../Src/commandline.c: In function 'buffer_init':
../Src/commandline.c:16:12: warning: assignment from incompatible pointer type [-Wincompatible-pointer-types]
   b->start = &(b->data);
            ^
../Src/commandline.c: In function 'buffer_read':
../Src/commandline.c:30:3: warning: implicit declaration of function 'assert' [-Wimplicit-function-declaration]
   assert(size<=b->filled);
   ^
../Src/commandline.c: In function 'parse_buffer':
../Src/commandline.c:75:13: warning: implicit declaration of function 'strcpy' [-Wimplicit-function-declaration]
             strcpy(command_buffer[n], command_buffer[n+1]);
             ^
../Src/commandline.c: In function 'serial_command':
../Src/commandline.c:98:11: warning: implicit declaration of function 'strtok' [-Wimplicit-function-declaration]
   token = strtok(cbuf, s);
           ^
../Src/commandline.c:98:9: warning: assignment makes pointer from integer without a cast [-Wint-conversion]
   token = strtok(cbuf, s);
         ^
../Src/commandline.c:102:11: warning: assignment makes pointer from integer without a cast [-Wint-conversion]
     token = strtok(NULL, s);
           ^
../Src/commandline.c:107:7: warning: implicit declaration of function 'strcmp' [-Wimplicit-function-declaration]
   if((strcmp(argv[0], "delay") == 0)){
       ^
../Src/commandline.c:108:12: warning: implicit declaration of function 'atoi' [-Wimplicit-function-declaration]
     return atoi(argv[1]);
            ^
../Src/commandline.c:113:39: warning: implicit declaration of function 'strlen' [-Wimplicit-function-declaration]
       HAL_UART_Transmit(&huart1, msg, strlen(msg), 0xff);
                                       ^
../Src/commandline.c:113:34: warning: pointer targets in passing argument 2 of 'HAL_UART_Transmit' differ in signedness [-Wpointer-sign]
       HAL_UART_Transmit(&huart1, msg, strlen(msg), 0xff);
                                  ^
In file included from ../Inc/stm32f4xx_hal_conf.h:368:0,
                 from ../system/Inc/stm32f4-hal/stm32f4xx_hal.h:48,
                 from ../Src/commandline.h:11,
                 from ../Src/commandline.c:8:
../system/Inc/stm32f4-hal/stm32f4xx_hal_uart.h:647:19: note: expected 'uint8_t * {aka unsigned char *}' but argument is of type 'char *'
 HAL_StatusTypeDef HAL_UART_Transmit(UART_HandleTypeDef *huart, uint8_t *pData, uint16_t Size, uint32_t Timeout);
                   ^
../Src/commandline.c:119:13: warning: pointer targets in passing argument 1 of 'print' differ in signedness [-Wpointer-sign]
       print("All memory cleared\r\n\0");
             ^
In file included from ../Src/commandline.c:8:0:
../Src/commandline.h:52:6: note: expected 'uint8_t * {aka unsigned char *}' but argument is of type 'char *'
 void print(uint8_t* message);
      ^
../Src/commandline.c:125:16: warning: pointer targets in passing argument 1 of 'snprintf' differ in signedness [-Wpointer-sign]
       snprintf(message, sizeof(message), "%d\r\n", tempfs.num_files);
                ^
In file included from c:\program files (x86)\gnu tools arm embedded\5.4 2016q2\arm-none-eabi\include\stdio.h:29:0,
                 from ../system/Inc/stm32f4-hal/stm32f4xx_hal_def.h:50,
                 from ../system/Inc/stm32f4-hal/stm32f4xx_hal_rcc.h:47,
                 from ../Inc/stm32f4xx_hal_conf.h:244,
                 from ../system/Inc/stm32f4-hal/stm32f4xx_hal.h:48,
                 from ../Src/commandline.h:11,
                 from ../Src/commandline.c:8:
c:\program files (x86)\gnu tools arm embedded\5.4 2016q2\arm-none-eabi\include\stdio.h:253:5: note: expected 'char * restrict' but argument is of type 'uint8_t * {aka unsigned char *}'
 int _EXFUN(snprintf, (char *__restrict, size_t, const char *__restrict, ...)
     ^
../Src/commandline.c:125:42: warning: format '%d' expects argument of type 'int', but argument 4 has type 'uint32_t {aka long unsigned int}' [-Wformat=]
       snprintf(message, sizeof(message), "%d\r\n", tempfs.num_files);
                                          ^
../Src/commandline.c:137:17: warning: pointer targets in passing argument 1 of 'print' differ in signedness [-Wpointer-sign]
           print("ERROR: INVALID FILE NUMBER\r\n\0");
                 ^
In file included from ../Src/commandline.c:8:0:
../Src/commandline.h:52:6: note: expected 'uint8_t * {aka unsigned char *}' but argument is of type 'char *'
 void print(uint8_t* message);
      ^
../Src/commandline.c:138:17: warning: pointer targets in passing argument 1 of 'print' differ in signedness [-Wpointer-sign]
           print("Hint: use \"numfiles\" to find out how many files there are\r\n\0");
                 ^
In file included from ../Src/commandline.c:8:0:
../Src/commandline.h:52:6: note: expected 'uint8_t * {aka unsigned char *}' but argument is of type 'char *'
 void print(uint8_t* message);
      ^
../Src/commandline.c:150:17: warning: pointer targets in passing argument 1 of 'print' differ in signedness [-Wpointer-sign]
           print("ERROR: INVALID FILE NUMBER\r\n\0");
                 ^
In file included from ../Src/commandline.c:8:0:
../Src/commandline.h:52:6: note: expected 'uint8_t * {aka unsigned char *}' but argument is of type 'char *'
 void print(uint8_t* message);
      ^
../Src/commandline.c:151:17: warning: pointer targets in passing argument 1 of 'print' differ in signedness [-Wpointer-sign]
           print("Hint: use \"numfiles\" to find out how many files there are\r\n\0");
                 ^
In file included from ../Src/commandline.c:8:0:
../Src/commandline.h:52:6: note: expected 'uint8_t * {aka unsigned char *}' but argument is of type 'char *'
 void print(uint8_t* message);
      ^
../Src/commandline.c:166:17: warning: pointer targets in passing argument 1 of 'print' differ in signedness [-Wpointer-sign]
           print("ERROR\n\0");
                 ^
In file included from ../Src/commandline.c:8:0:
../Src/commandline.h:52:6: note: expected 'uint8_t * {aka unsigned char *}' but argument is of type 'char *'
 void print(uint8_t* message);
      ^
../Src/commandline.c:171:17: warning: pointer targets in passing argument 1 of 'print' differ in signedness [-Wpointer-sign]
           print("opened\n\0");
                 ^
In file included from ../Src/commandline.c:8:0:
../Src/commandline.h:52:6: note: expected 'uint8_t * {aka unsigned char *}' but argument is of type 'char *'
 void print(uint8_t* message);
      ^
../Src/commandline.c:179:17: warning: pointer targets in passing argument 1 of 'print' differ in signedness [-Wpointer-sign]
           print("closed\n\0");
                 ^
In file included from ../Src/commandline.c:8:0:
../Src/commandline.h:52:6: note: expected 'uint8_t * {aka unsigned char *}' but argument is of type 'char *'
 void print(uint8_t* message);
      ^
../Src/commandline.c:182:17: warning: pointer targets in passing argument 1 of 'print' differ in signedness [-Wpointer-sign]
           print("ERROR\n\0");
                 ^
In file included from ../Src/commandline.c:8:0:
../Src/commandline.h:52:6: note: expected 'uint8_t * {aka unsigned char *}' but argument is of type 'char *'
 void print(uint8_t* message);
      ^
../Src/commandline.c:189:16: warning: pointer targets in passing argument 1 of 'snprintf' differ in signedness [-Wpointer-sign]
       snprintf(message, sizeof(message), "%d\n\0", tempfs.next_file_page);
                ^
In file included from c:\program files (x86)\gnu tools arm embedded\5.4 2016q2\arm-none-eabi\include\stdio.h:29:0,
                 from ../system/Inc/stm32f4-hal/stm32f4xx_hal_def.h:50,
                 from ../system/Inc/stm32f4-hal/stm32f4xx_hal_rcc.h:47,
                 from ../Inc/stm32f4xx_hal_conf.h:244,
                 from ../system/Inc/stm32f4-hal/stm32f4xx_hal.h:48,
                 from ../Src/commandline.h:11,
                 from ../Src/commandline.c:8:
c:\program files (x86)\gnu tools arm embedded\5.4 2016q2\arm-none-eabi\include\stdio.h:253:5: note: expected 'char * restrict' but argument is of type 'uint8_t * {aka unsigned char *}'
 int _EXFUN(snprintf, (char *__restrict, size_t, const char *__restrict, ...)
     ^
../Src/commandline.c:189:42: warning: embedded '\0' in format [-Wformat-contains-nul]
       snprintf(message, sizeof(message), "%d\n\0", tempfs.next_file_page);
                                          ^
Finished building: ../Src/commandline.c
 
Building target: Flight_Computer_Core.elf
Invoking: GNU ARM Cross C++ Linker
arm-none-eabi-g++ -mcpu=cortex-m4 -mthumb -mfloat-abi=soft -Og -fmessage-length=0 -fsigned-char -ffunction-sections -fdata-sections -ffreestanding -fno-move-loop-invariants -Wall -Wextra  -g3 -T mem.ld -T libs.ld -T sections.ld -nostartfiles -Xlinker --gc-sections -L"../ldscripts" -Wl,-Map,"Flight_Computer_Core.map" -o "Flight_Computer_Core.elf"  ./system/Src/stm32f4-hal/stm32f4xx_hal.o ./system/Src/stm32f4-hal/stm32f4xx_hal_adc.o ./system/Src/stm32f4-hal/stm32f4xx_hal_cortex.o ./system/Src/stm32f4-hal/stm32f4xx_hal_dfsdm.o ./system/Src/stm32f4-hal/stm32f4xx_hal_dma.o ./system/Src/stm32f4-hal/stm32f4xx_hal_flash.o ./system/Src/stm32f4-hal/stm32f4xx_hal_gpio.o ./system/Src/stm32f4-hal/stm32f4xx_hal_iwdg.o ./system/Src/stm32f4-hal/stm32f4xx_hal_pwr.o ./system/Src/stm32f4-hal/stm32f4xx_hal_pwr_ex.o ./system/Src/stm32f4-hal/stm32f4xx_hal_rcc.o ./system/Src/stm32f4-hal/stm32f4xx_hal_spi.o ./system/Src/stm32f4-hal/stm32f4xx_hal_tim.o ./system/Src/stm32f4-hal/stm32f4xx_hal_uart.o  ./system/Src/newlib/_cxx.o ./system/Src/newlib/_exit.o ./system/Src/newlib/_sbrk.o ./system/Src/newlib/_startup.o ./system/Src/newlib/_syscalls.o ./system/Src/newlib/assert.o  ./system/Src/diag/Trace.o ./system/Src/diag/trace_impl.o  ./system/Src/cortexm/_initialize_hardware.o ./system/Src/cortexm/_reset_hardware.o ./system/Src/cortexm/exception_handlers.o  ./system/Src/cmsis/vectors_stm32f446xx.o  ./Src/GPS.o ./Src/_initialize_hardware.o ./Src/_write.o ./Src/commandline.o ./Src/flash.o ./Src/main.o ./Src/minmea.o ./Src/sensors.o ./Src/stm32f4xx_hal_msp.o ./Src/stm32f4xx_it.o ./Src/system_stm32f4xx.o   
Finished building target: Flight_Computer_Core.elf
 
Invoking: GNU ARM Cross Create Flash Image
arm-none-eabi-objcopy -O ihex "Flight_Computer_Core.elf"  "Flight_Computer_Core.hex"
Finished building: Flight_Computer_Core.hex
 
Invoking: GNU ARM Cross Print Size
arm-none-eabi-size --format=berkeley "Flight_Computer_Core.elf"
   text	   data	    bss	    dec	    hex	filename
  42288	   2232	   3700	  48220	   bc5c	Flight_Computer_Core.elf
Finished building: Flight_Computer_Core.siz
 
00:29:22 **** Incremental Build of configuration Debug for project Flight_Computer_Core ****
make all 
Invoking: GNU ARM Cross Print Size
arm-none-eabi-size --format=berkeley "Flight_Computer_Core.elf"
   text	   data	    bss	    dec	    hex	filename
  42288	   2232	   3700	  48220	   bc5c	Flight_Computer_Core.elf
Finished building: Flight_Computer_Core.siz
 
00:41:30 **** Incremental Build of configuration Debug for project Flight_Computer_Core ****
make all 
Invoking: GNU ARM Cross Print Size
arm-none-eabi-size --format=berkeley "Flight_Computer_Core.elf"
   text	   data	    bss	    dec	    hex	filename
  42288	   2232	   3700	  48220	   bc5c	Flight_Computer_Core.elf
Finished building: Flight_Computer_Core.siz
 
00:45:09 **** Incremental Build of configuration Debug for project Flight_Computer_Core ****
make all 
Invoking: GNU ARM Cross Print Size
arm-none-eabi-size --format=berkeley "Flight_Computer_Core.elf"
   text	   data	    bss	    dec	    hex	filename
  42288	   2232	   3700	  48220	   bc5c	Flight_Computer_Core.elf
Finished building: Flight_Computer_Core.siz
 
00:45:59 **** Incremental Build of configuration Debug for project Flight_Computer_Core ****
make all 
Invoking: GNU ARM Cross Print Size
arm-none-eabi-size --format=berkeley "Flight_Computer_Core.elf"
   text	   data	    bss	    dec	    hex	filename
  42288	   2232	   3700	  48220	   bc5c	Flight_Computer_Core.elf
Finished building: Flight_Computer_Core.siz
 
