17:44:40 **** Build of configuration Debug for project Flight_Computer_Core ****
make all 
Building file: ../system/Src/stm32f4-hal/stm32f4xx_hal.c
Invoking: GNU ARM Cross C Compiler
arm-none-eabi-gcc -mcpu=cortex-m4 -mthumb -mfloat-abi=soft -Og -fmessage-length=0 -fsigned-char -ffunction-sections -fdata-sections -ffreestanding -fno-move-loop-invariants -Wall -Wextra  -g3 -DDEBUG -DUSE_FULL_ASSERT -DTRACE -DOS_USE_TRACE_ITM -DSTM32F446xx -DUSE_HAL_DRIVER -DHSE_VALUE=24000000 -I"../Inc" -I"../system/Inc" -I"../system/Inc/cmsis" -I"../system/Inc/stm32f4-hal" -std=gnu11 -Wno-bad-function-cast -Wno-conversion -Wno-sign-conversion -Wno-unused-parameter -Wno-sign-compare -Wno-missing-prototypes -Wno-missing-declarations -MMD -MP -MF"system/Src/stm32f4-hal/stm32f4xx_hal.d" -MT"system/Src/stm32f4-hal/stm32f4xx_hal.o" -c -o "system/Src/stm32f4-hal/stm32f4xx_hal.o" "../system/Src/stm32f4-hal/stm32f4xx_hal.c"
Finished building: ../system/Src/stm32f4-hal/stm32f4xx_hal.c
 
Building file: ../system/Src/stm32f4-hal/stm32f4xx_hal_adc.c
Invoking: GNU ARM Cross C Compiler
arm-none-eabi-gcc -mcpu=cortex-m4 -mthumb -mfloat-abi=soft -Og -fmessage-length=0 -fsigned-char -ffunction-sections -fdata-sections -ffreestanding -fno-move-loop-invariants -Wall -Wextra  -g3 -DDEBUG -DUSE_FULL_ASSERT -DTRACE -DOS_USE_TRACE_ITM -DSTM32F446xx -DUSE_HAL_DRIVER -DHSE_VALUE=24000000 -I"../Inc" -I"../system/Inc" -I"../system/Inc/cmsis" -I"../system/Inc/stm32f4-hal" -std=gnu11 -Wno-bad-function-cast -Wno-conversion -Wno-sign-conversion -Wno-unused-parameter -Wno-sign-compare -Wno-missing-prototypes -Wno-missing-declarations -MMD -MP -MF"system/Src/stm32f4-hal/stm32f4xx_hal_adc.d" -MT"system/Src/stm32f4-hal/stm32f4xx_hal_adc.o" -c -o "system/Src/stm32f4-hal/stm32f4xx_hal_adc.o" "../system/Src/stm32f4-hal/stm32f4xx_hal_adc.c"
Finished building: ../system/Src/stm32f4-hal/stm32f4xx_hal_adc.c
 
Building file: ../system/Src/stm32f4-hal/stm32f4xx_hal_cortex.c
Invoking: GNU ARM Cross C Compiler
arm-none-eabi-gcc -mcpu=cortex-m4 -mthumb -mfloat-abi=soft -Og -fmessage-length=0 -fsigned-char -ffunction-sections -fdata-sections -ffreestanding -fno-move-loop-invariants -Wall -Wextra  -g3 -DDEBUG -DUSE_FULL_ASSERT -DTRACE -DOS_USE_TRACE_ITM -DSTM32F446xx -DUSE_HAL_DRIVER -DHSE_VALUE=24000000 -I"../Inc" -I"../system/Inc" -I"../system/Inc/cmsis" -I"../system/Inc/stm32f4-hal" -std=gnu11 -Wno-bad-function-cast -Wno-conversion -Wno-sign-conversion -Wno-unused-parameter -Wno-sign-compare -Wno-missing-prototypes -Wno-missing-declarations -MMD -MP -MF"system/Src/stm32f4-hal/stm32f4xx_hal_cortex.d" -MT"system/Src/stm32f4-hal/stm32f4xx_hal_cortex.o" -c -o "system/Src/stm32f4-hal/stm32f4xx_hal_cortex.o" "../system/Src/stm32f4-hal/stm32f4xx_hal_cortex.c"
Finished building: ../system/Src/stm32f4-hal/stm32f4xx_hal_cortex.c
 
Building file: ../system/Src/stm32f4-hal/stm32f4xx_hal_dfsdm.c
Invoking: GNU ARM Cross C Compiler
arm-none-eabi-gcc -mcpu=cortex-m4 -mthumb -mfloat-abi=soft -Og -fmessage-length=0 -fsigned-char -ffunction-sections -fdata-sections -ffreestanding -fno-move-loop-invariants -Wall -Wextra  -g3 -DDEBUG -DUSE_FULL_ASSERT -DTRACE -DOS_USE_TRACE_ITM -DSTM32F446xx -DUSE_HAL_DRIVER -DHSE_VALUE=24000000 -I"../Inc" -I"../system/Inc" -I"../system/Inc/cmsis" -I"../system/Inc/stm32f4-hal" -std=gnu11 -Wno-bad-function-cast -Wno-conversion -Wno-sign-conversion -Wno-unused-parameter -Wno-sign-compare -Wno-missing-prototypes -Wno-missing-declarations -MMD -MP -MF"system/Src/stm32f4-hal/stm32f4xx_hal_dfsdm.d" -MT"system/Src/stm32f4-hal/stm32f4xx_hal_dfsdm.o" -c -o "system/Src/stm32f4-hal/stm32f4xx_hal_dfsdm.o" "../system/Src/stm32f4-hal/stm32f4xx_hal_dfsdm.c"
Finished building: ../system/Src/stm32f4-hal/stm32f4xx_hal_dfsdm.c
 
Building file: ../system/Src/stm32f4-hal/stm32f4xx_hal_dma.c
Invoking: GNU ARM Cross C Compiler
arm-none-eabi-gcc -mcpu=cortex-m4 -mthumb -mfloat-abi=soft -Og -fmessage-length=0 -fsigned-char -ffunction-sections -fdata-sections -ffreestanding -fno-move-loop-invariants -Wall -Wextra  -g3 -DDEBUG -DUSE_FULL_ASSERT -DTRACE -DOS_USE_TRACE_ITM -DSTM32F446xx -DUSE_HAL_DRIVER -DHSE_VALUE=24000000 -I"../Inc" -I"../system/Inc" -I"../system/Inc/cmsis" -I"../system/Inc/stm32f4-hal" -std=gnu11 -Wno-bad-function-cast -Wno-conversion -Wno-sign-conversion -Wno-unused-parameter -Wno-sign-compare -Wno-missing-prototypes -Wno-missing-declarations -MMD -MP -MF"system/Src/stm32f4-hal/stm32f4xx_hal_dma.d" -MT"system/Src/stm32f4-hal/stm32f4xx_hal_dma.o" -c -o "system/Src/stm32f4-hal/stm32f4xx_hal_dma.o" "../system/Src/stm32f4-hal/stm32f4xx_hal_dma.c"
Finished building: ../system/Src/stm32f4-hal/stm32f4xx_hal_dma.c
 
Building file: ../system/Src/stm32f4-hal/stm32f4xx_hal_flash.c
Invoking: GNU ARM Cross C Compiler
arm-none-eabi-gcc -mcpu=cortex-m4 -mthumb -mfloat-abi=soft -Og -fmessage-length=0 -fsigned-char -ffunction-sections -fdata-sections -ffreestanding -fno-move-loop-invariants -Wall -Wextra  -g3 -DDEBUG -DUSE_FULL_ASSERT -DTRACE -DOS_USE_TRACE_ITM -DSTM32F446xx -DUSE_HAL_DRIVER -DHSE_VALUE=24000000 -I"../Inc" -I"../system/Inc" -I"../system/Inc/cmsis" -I"../system/Inc/stm32f4-hal" -std=gnu11 -Wno-bad-function-cast -Wno-conversion -Wno-sign-conversion -Wno-unused-parameter -Wno-sign-compare -Wno-missing-prototypes -Wno-missing-declarations -MMD -MP -MF"system/Src/stm32f4-hal/stm32f4xx_hal_flash.d" -MT"system/Src/stm32f4-hal/stm32f4xx_hal_flash.o" -c -o "system/Src/stm32f4-hal/stm32f4xx_hal_flash.o" "../system/Src/stm32f4-hal/stm32f4xx_hal_flash.c"
Finished building: ../system/Src/stm32f4-hal/stm32f4xx_hal_flash.c
 
Building file: ../system/Src/stm32f4-hal/stm32f4xx_hal_gpio.c
Invoking: GNU ARM Cross C Compiler
arm-none-eabi-gcc -mcpu=cortex-m4 -mthumb -mfloat-abi=soft -Og -fmessage-length=0 -fsigned-char -ffunction-sections -fdata-sections -ffreestanding -fno-move-loop-invariants -Wall -Wextra  -g3 -DDEBUG -DUSE_FULL_ASSERT -DTRACE -DOS_USE_TRACE_ITM -DSTM32F446xx -DUSE_HAL_DRIVER -DHSE_VALUE=24000000 -I"../Inc" -I"../system/Inc" -I"../system/Inc/cmsis" -I"../system/Inc/stm32f4-hal" -std=gnu11 -Wno-bad-function-cast -Wno-conversion -Wno-sign-conversion -Wno-unused-parameter -Wno-sign-compare -Wno-missing-prototypes -Wno-missing-declarations -MMD -MP -MF"system/Src/stm32f4-hal/stm32f4xx_hal_gpio.d" -MT"system/Src/stm32f4-hal/stm32f4xx_hal_gpio.o" -c -o "system/Src/stm32f4-hal/stm32f4xx_hal_gpio.o" "../system/Src/stm32f4-hal/stm32f4xx_hal_gpio.c"
Finished building: ../system/Src/stm32f4-hal/stm32f4xx_hal_gpio.c
 
Building file: ../system/Src/stm32f4-hal/stm32f4xx_hal_iwdg.c
Invoking: GNU ARM Cross C Compiler
arm-none-eabi-gcc -mcpu=cortex-m4 -mthumb -mfloat-abi=soft -Og -fmessage-length=0 -fsigned-char -ffunction-sections -fdata-sections -ffreestanding -fno-move-loop-invariants -Wall -Wextra  -g3 -DDEBUG -DUSE_FULL_ASSERT -DTRACE -DOS_USE_TRACE_ITM -DSTM32F446xx -DUSE_HAL_DRIVER -DHSE_VALUE=24000000 -I"../Inc" -I"../system/Inc" -I"../system/Inc/cmsis" -I"../system/Inc/stm32f4-hal" -std=gnu11 -Wno-bad-function-cast -Wno-conversion -Wno-sign-conversion -Wno-unused-parameter -Wno-sign-compare -Wno-missing-prototypes -Wno-missing-declarations -MMD -MP -MF"system/Src/stm32f4-hal/stm32f4xx_hal_iwdg.d" -MT"system/Src/stm32f4-hal/stm32f4xx_hal_iwdg.o" -c -o "system/Src/stm32f4-hal/stm32f4xx_hal_iwdg.o" "../system/Src/stm32f4-hal/stm32f4xx_hal_iwdg.c"
Finished building: ../system/Src/stm32f4-hal/stm32f4xx_hal_iwdg.c
 
Building file: ../system/Src/stm32f4-hal/stm32f4xx_hal_pwr.c
Invoking: GNU ARM Cross C Compiler
arm-none-eabi-gcc -mcpu=cortex-m4 -mthumb -mfloat-abi=soft -Og -fmessage-length=0 -fsigned-char -ffunction-sections -fdata-sections -ffreestanding -fno-move-loop-invariants -Wall -Wextra  -g3 -DDEBUG -DUSE_FULL_ASSERT -DTRACE -DOS_USE_TRACE_ITM -DSTM32F446xx -DUSE_HAL_DRIVER -DHSE_VALUE=24000000 -I"../Inc" -I"../system/Inc" -I"../system/Inc/cmsis" -I"../system/Inc/stm32f4-hal" -std=gnu11 -Wno-bad-function-cast -Wno-conversion -Wno-sign-conversion -Wno-unused-parameter -Wno-sign-compare -Wno-missing-prototypes -Wno-missing-declarations -MMD -MP -MF"system/Src/stm32f4-hal/stm32f4xx_hal_pwr.d" -MT"system/Src/stm32f4-hal/stm32f4xx_hal_pwr.o" -c -o "system/Src/stm32f4-hal/stm32f4xx_hal_pwr.o" "../system/Src/stm32f4-hal/stm32f4xx_hal_pwr.c"
Finished building: ../system/Src/stm32f4-hal/stm32f4xx_hal_pwr.c
 
Building file: ../system/Src/stm32f4-hal/stm32f4xx_hal_pwr_ex.c
Invoking: GNU ARM Cross C Compiler
arm-none-eabi-gcc -mcpu=cortex-m4 -mthumb -mfloat-abi=soft -Og -fmessage-length=0 -fsigned-char -ffunction-sections -fdata-sections -ffreestanding -fno-move-loop-invariants -Wall -Wextra  -g3 -DDEBUG -DUSE_FULL_ASSERT -DTRACE -DOS_USE_TRACE_ITM -DSTM32F446xx -DUSE_HAL_DRIVER -DHSE_VALUE=24000000 -I"../Inc" -I"../system/Inc" -I"../system/Inc/cmsis" -I"../system/Inc/stm32f4-hal" -std=gnu11 -Wno-bad-function-cast -Wno-conversion -Wno-sign-conversion -Wno-unused-parameter -Wno-sign-compare -Wno-missing-prototypes -Wno-missing-declarations -MMD -MP -MF"system/Src/stm32f4-hal/stm32f4xx_hal_pwr_ex.d" -MT"system/Src/stm32f4-hal/stm32f4xx_hal_pwr_ex.o" -c -o "system/Src/stm32f4-hal/stm32f4xx_hal_pwr_ex.o" "../system/Src/stm32f4-hal/stm32f4xx_hal_pwr_ex.c"
Finished building: ../system/Src/stm32f4-hal/stm32f4xx_hal_pwr_ex.c
 
Building file: ../system/Src/stm32f4-hal/stm32f4xx_hal_rcc.c
Invoking: GNU ARM Cross C Compiler
arm-none-eabi-gcc -mcpu=cortex-m4 -mthumb -mfloat-abi=soft -Og -fmessage-length=0 -fsigned-char -ffunction-sections -fdata-sections -ffreestanding -fno-move-loop-invariants -Wall -Wextra  -g3 -DDEBUG -DUSE_FULL_ASSERT -DTRACE -DOS_USE_TRACE_ITM -DSTM32F446xx -DUSE_HAL_DRIVER -DHSE_VALUE=24000000 -I"../Inc" -I"../system/Inc" -I"../system/Inc/cmsis" -I"../system/Inc/stm32f4-hal" -std=gnu11 -Wno-bad-function-cast -Wno-conversion -Wno-sign-conversion -Wno-unused-parameter -Wno-sign-compare -Wno-missing-prototypes -Wno-missing-declarations -MMD -MP -MF"system/Src/stm32f4-hal/stm32f4xx_hal_rcc.d" -MT"system/Src/stm32f4-hal/stm32f4xx_hal_rcc.o" -c -o "system/Src/stm32f4-hal/stm32f4xx_hal_rcc.o" "../system/Src/stm32f4-hal/stm32f4xx_hal_rcc.c"
Finished building: ../system/Src/stm32f4-hal/stm32f4xx_hal_rcc.c
 
Building file: ../system/Src/stm32f4-hal/stm32f4xx_hal_spi.c
Invoking: GNU ARM Cross C Compiler
arm-none-eabi-gcc -mcpu=cortex-m4 -mthumb -mfloat-abi=soft -Og -fmessage-length=0 -fsigned-char -ffunction-sections -fdata-sections -ffreestanding -fno-move-loop-invariants -Wall -Wextra  -g3 -DDEBUG -DUSE_FULL_ASSERT -DTRACE -DOS_USE_TRACE_ITM -DSTM32F446xx -DUSE_HAL_DRIVER -DHSE_VALUE=24000000 -I"../Inc" -I"../system/Inc" -I"../system/Inc/cmsis" -I"../system/Inc/stm32f4-hal" -std=gnu11 -Wno-bad-function-cast -Wno-conversion -Wno-sign-conversion -Wno-unused-parameter -Wno-sign-compare -Wno-missing-prototypes -Wno-missing-declarations -MMD -MP -MF"system/Src/stm32f4-hal/stm32f4xx_hal_spi.d" -MT"system/Src/stm32f4-hal/stm32f4xx_hal_spi.o" -c -o "system/Src/stm32f4-hal/stm32f4xx_hal_spi.o" "../system/Src/stm32f4-hal/stm32f4xx_hal_spi.c"
Finished building: ../system/Src/stm32f4-hal/stm32f4xx_hal_spi.c
 
Building file: ../system/Src/stm32f4-hal/stm32f4xx_hal_tim.c
Invoking: GNU ARM Cross C Compiler
arm-none-eabi-gcc -mcpu=cortex-m4 -mthumb -mfloat-abi=soft -Og -fmessage-length=0 -fsigned-char -ffunction-sections -fdata-sections -ffreestanding -fno-move-loop-invariants -Wall -Wextra  -g3 -DDEBUG -DUSE_FULL_ASSERT -DTRACE -DOS_USE_TRACE_ITM -DSTM32F446xx -DUSE_HAL_DRIVER -DHSE_VALUE=24000000 -I"../Inc" -I"../system/Inc" -I"../system/Inc/cmsis" -I"../system/Inc/stm32f4-hal" -std=gnu11 -Wno-bad-function-cast -Wno-conversion -Wno-sign-conversion -Wno-unused-parameter -Wno-sign-compare -Wno-missing-prototypes -Wno-missing-declarations -MMD -MP -MF"system/Src/stm32f4-hal/stm32f4xx_hal_tim.d" -MT"system/Src/stm32f4-hal/stm32f4xx_hal_tim.o" -c -o "system/Src/stm32f4-hal/stm32f4xx_hal_tim.o" "../system/Src/stm32f4-hal/stm32f4xx_hal_tim.c"
Finished building: ../system/Src/stm32f4-hal/stm32f4xx_hal_tim.c
 
Building file: ../system/Src/stm32f4-hal/stm32f4xx_hal_tim_ex.c
Invoking: GNU ARM Cross C Compiler
arm-none-eabi-gcc -mcpu=cortex-m4 -mthumb -mfloat-abi=soft -Og -fmessage-length=0 -fsigned-char -ffunction-sections -fdata-sections -ffreestanding -fno-move-loop-invariants -Wall -Wextra  -g3 -DDEBUG -DUSE_FULL_ASSERT -DTRACE -DOS_USE_TRACE_ITM -DSTM32F446xx -DUSE_HAL_DRIVER -DHSE_VALUE=24000000 -I"../Inc" -I"../system/Inc" -I"../system/Inc/cmsis" -I"../system/Inc/stm32f4-hal" -std=gnu11 -Wno-bad-function-cast -Wno-conversion -Wno-sign-conversion -Wno-unused-parameter -Wno-sign-compare -Wno-missing-prototypes -Wno-missing-declarations -MMD -MP -MF"system/Src/stm32f4-hal/stm32f4xx_hal_tim_ex.d" -MT"system/Src/stm32f4-hal/stm32f4xx_hal_tim_ex.d" -c -o "system/Src/stm32f4-hal/stm32f4xx_hal_tim_ex.o" "../system/Src/stm32f4-hal/stm32f4xx_hal_tim_ex.c"
Finished building: ../system/Src/stm32f4-hal/stm32f4xx_hal_tim_ex.c
 
Building file: ../system/Src/stm32f4-hal/stm32f4xx_hal_uart.c
Invoking: GNU ARM Cross C Compiler
arm-none-eabi-gcc -mcpu=cortex-m4 -mthumb -mfloat-abi=soft -Og -fmessage-length=0 -fsigned-char -ffunction-sections -fdata-sections -ffreestanding -fno-move-loop-invariants -Wall -Wextra  -g3 -DDEBUG -DUSE_FULL_ASSERT -DTRACE -DOS_USE_TRACE_ITM -DSTM32F446xx -DUSE_HAL_DRIVER -DHSE_VALUE=24000000 -I"../Inc" -I"../system/Inc" -I"../system/Inc/cmsis" -I"../system/Inc/stm32f4-hal" -std=gnu11 -Wno-bad-function-cast -Wno-conversion -Wno-sign-conversion -Wno-unused-parameter -Wno-sign-compare -Wno-missing-prototypes -Wno-missing-declarations -MMD -MP -MF"system/Src/stm32f4-hal/stm32f4xx_hal_uart.d" -MT"system/Src/stm32f4-hal/stm32f4xx_hal_uart.o" -c -o "system/Src/stm32f4-hal/stm32f4xx_hal_uart.o" "../system/Src/stm32f4-hal/stm32f4xx_hal_uart.c"
Finished building: ../system/Src/stm32f4-hal/stm32f4xx_hal_uart.c
 
Building file: ../system/Src/newlib/_cxx.cpp
Invoking: GNU ARM Cross C++ Compiler
arm-none-eabi-g++ -mcpu=cortex-m4 -mthumb -mfloat-abi=soft -Og -fmessage-length=0 -fsigned-char -ffunction-sections -fdata-sections -ffreestanding -fno-move-loop-invariants -Wall -Wextra  -g3 -DDEBUG -DUSE_FULL_ASSERT -DTRACE -DOS_USE_TRACE_ITM -DSTM32F446xx -DUSE_HAL_DRIVER -DHSE_VALUE=24000000 -I"../Inc" -I"../system/Inc" -I"../system/Inc/cmsis" -I"../system/Inc/stm32f4-hal" -std=gnu++11 -fabi-version=0 -fno-exceptions -fno-rtti -fno-use-cxa-atexit -fno-threadsafe-statics -MMD -MP -MF"system/Src/newlib/_cxx.d" -MT"system/Src/newlib/_cxx.o" -c -o "system/Src/newlib/_cxx.o" "../system/Src/newlib/_cxx.cpp"
Finished building: ../system/Src/newlib/_cxx.cpp
 
Building file: ../system/Src/newlib/_exit.c
Invoking: GNU ARM Cross C Compiler
arm-none-eabi-gcc -mcpu=cortex-m4 -mthumb -mfloat-abi=soft -Og -fmessage-length=0 -fsigned-char -ffunction-sections -fdata-sections -ffreestanding -fno-move-loop-invariants -Wall -Wextra  -g3 -DDEBUG -DUSE_FULL_ASSERT -DTRACE -DOS_USE_TRACE_ITM -DSTM32F446xx -DUSE_HAL_DRIVER -DHSE_VALUE=24000000 -I"../Inc" -I"../system/Inc" -I"../system/Inc/cmsis" -I"../system/Inc/stm32f4-hal" -std=gnu11 -MMD -MP -MF"system/Src/newlib/_exit.d" -MT"system/Src/newlib/_exit.o" -c -o "system/Src/newlib/_exit.o" "../system/Src/newlib/_exit.c"
Finished building: ../system/Src/newlib/_exit.c
 
Building file: ../system/Src/newlib/_sbrk.c
Invoking: GNU ARM Cross C Compiler
arm-none-eabi-gcc -mcpu=cortex-m4 -mthumb -mfloat-abi=soft -Og -fmessage-length=0 -fsigned-char -ffunction-sections -fdata-sections -ffreestanding -fno-move-loop-invariants -Wall -Wextra  -g3 -DDEBUG -DUSE_FULL_ASSERT -DTRACE -DOS_USE_TRACE_ITM -DSTM32F446xx -DUSE_HAL_DRIVER -DHSE_VALUE=24000000 -I"../Inc" -I"../system/Inc" -I"../system/Inc/cmsis" -I"../system/Inc/stm32f4-hal" -std=gnu11 -MMD -MP -MF"system/Src/newlib/_sbrk.d" -MT"system/Src/newlib/_sbrk.o" -c -o "system/Src/newlib/_sbrk.o" "../system/Src/newlib/_sbrk.c"
Finished building: ../system/Src/newlib/_sbrk.c
 
Building file: ../system/Src/newlib/_startup.c
Invoking: GNU ARM Cross C Compiler
arm-none-eabi-gcc -mcpu=cortex-m4 -mthumb -mfloat-abi=soft -Og -fmessage-length=0 -fsigned-char -ffunction-sections -fdata-sections -ffreestanding -fno-move-loop-invariants -Wall -Wextra  -g3 -DDEBUG -DUSE_FULL_ASSERT -DTRACE -DOS_USE_TRACE_ITM -DSTM32F446xx -DUSE_HAL_DRIVER -DHSE_VALUE=24000000 -DOS_INCLUDE_STARTUP_INIT_MULTIPLE_RAM_SECTIONS -I"../Inc" -I"../system/Inc" -I"../system/Inc/cmsis" -I"../system/Inc/stm32f4-hal" -std=gnu11 -MMD -MP -MF"system/Src/newlib/_startup.d" -MT"system/Src/newlib/_startup.d" -c -o "system/Src/newlib/_startup.o" "../system/Src/newlib/_startup.c"
Finished building: ../system/Src/newlib/_startup.c
 
Building file: ../system/Src/newlib/_syscalls.c
Invoking: GNU ARM Cross C Compiler
arm-none-eabi-gcc -mcpu=cortex-m4 -mthumb -mfloat-abi=soft -Og -fmessage-length=0 -fsigned-char -ffunction-sections -fdata-sections -ffreestanding -fno-move-loop-invariants -Wall -Wextra  -g3 -DDEBUG -DUSE_FULL_ASSERT -DTRACE -DOS_USE_TRACE_ITM -DSTM32F446xx -DUSE_HAL_DRIVER -DHSE_VALUE=24000000 -I"../Inc" -I"../system/Inc" -I"../system/Inc/cmsis" -I"../system/Inc/stm32f4-hal" -std=gnu11 -MMD -MP -MF"system/Src/newlib/_syscalls.d" -MT"system/Src/newlib/_syscalls.o" -c -o "system/Src/newlib/_syscalls.o" "../system/Src/newlib/_syscalls.c"
Finished building: ../system/Src/newlib/_syscalls.c
 
Building file: ../system/Src/newlib/assert.c
Invoking: GNU ARM Cross C Compiler
arm-none-eabi-gcc -mcpu=cortex-m4 -mthumb -mfloat-abi=soft -Og -fmessage-length=0 -fsigned-char -ffunction-sections -fdata-sections -ffreestanding -fno-move-loop-invariants -Wall -Wextra  -g3 -DDEBUG -DUSE_FULL_ASSERT -DTRACE -DOS_USE_TRACE_ITM -DSTM32F446xx -DUSE_HAL_DRIVER -DHSE_VALUE=24000000 -I"../Inc" -I"../system/Inc" -I"../system/Inc/cmsis" -I"../system/Inc/stm32f4-hal" -std=gnu11 -MMD -MP -MF"system/Src/newlib/assert.d" -MT"system/Src/newlib/assert.o" -c -o "system/Src/newlib/assert.o" "../system/Src/newlib/assert.c"
Finished building: ../system/Src/newlib/assert.c
 
Building file: ../system/Src/diag/Trace.c
Invoking: GNU ARM Cross C Compiler
arm-none-eabi-gcc -mcpu=cortex-m4 -mthumb -mfloat-abi=soft -Og -fmessage-length=0 -fsigned-char -ffunction-sections -fdata-sections -ffreestanding -fno-move-loop-invariants -Wall -Wextra  -g3 -DDEBUG -DUSE_FULL_ASSERT -DTRACE -DOS_USE_TRACE_ITM -DSTM32F446xx -DUSE_HAL_DRIVER -DHSE_VALUE=24000000 -I"../Inc" -I"../system/Inc" -I"../system/Inc/cmsis" -I"../system/Inc/stm32f4-hal" -std=gnu11 -MMD -MP -MF"system/Src/diag/Trace.d" -MT"system/Src/diag/Trace.o" -c -o "system/Src/diag/Trace.o" "../system/Src/diag/Trace.c"
Finished building: ../system/Src/diag/Trace.c
 
Building file: ../system/Src/diag/trace_impl.c
Invoking: GNU ARM Cross C Compiler
arm-none-eabi-gcc -mcpu=cortex-m4 -mthumb -mfloat-abi=soft -Og -fmessage-length=0 -fsigned-char -ffunction-sections -fdata-sections -ffreestanding -fno-move-loop-invariants -Wall -Wextra  -g3 -DDEBUG -DUSE_FULL_ASSERT -DTRACE -DOS_USE_TRACE_ITM -DSTM32F446xx -DUSE_HAL_DRIVER -DHSE_VALUE=24000000 -I"../Inc" -I"../system/Inc" -I"../system/Inc/cmsis" -I"../system/Inc/stm32f4-hal" -std=gnu11 -MMD -MP -MF"system/Src/diag/trace_impl.d" -MT"system/Src/diag/trace_impl.o" -c -o "system/Src/diag/trace_impl.o" "../system/Src/diag/trace_impl.c"
Finished building: ../system/Src/diag/trace_impl.c
 
Building file: ../system/Src/cortexm/_initialize_hardware.c
Invoking: GNU ARM Cross C Compiler
arm-none-eabi-gcc -mcpu=cortex-m4 -mthumb -mfloat-abi=soft -Og -fmessage-length=0 -fsigned-char -ffunction-sections -fdata-sections -ffreestanding -fno-move-loop-invariants -Wall -Wextra  -g3 -DDEBUG -DUSE_FULL_ASSERT -DTRACE -DOS_USE_TRACE_ITM -DSTM32F446xx -DUSE_HAL_DRIVER -DHSE_VALUE=24000000 -I"../Inc" -I"../system/Inc" -I"../system/Inc/cmsis" -I"../system/Inc/stm32f4-hal" -std=gnu11 -MMD -MP -MF"system/Src/cortexm/_initialize_hardware.d" -MT"system/Src/cortexm/_initialize_hardware.o" -c -o "system/Src/cortexm/_initialize_hardware.o" "../system/Src/cortexm/_initialize_hardware.c"
Finished building: ../system/Src/cortexm/_initialize_hardware.c
 
Building file: ../system/Src/cortexm/_reset_hardware.c
Invoking: GNU ARM Cross C Compiler
arm-none-eabi-gcc -mcpu=cortex-m4 -mthumb -mfloat-abi=soft -Og -fmessage-length=0 -fsigned-char -ffunction-sections -fdata-sections -ffreestanding -fno-move-loop-invariants -Wall -Wextra  -g3 -DDEBUG -DUSE_FULL_ASSERT -DTRACE -DOS_USE_TRACE_ITM -DSTM32F446xx -DUSE_HAL_DRIVER -DHSE_VALUE=24000000 -I"../Inc" -I"../system/Inc" -I"../system/Inc/cmsis" -I"../system/Inc/stm32f4-hal" -std=gnu11 -MMD -MP -MF"system/Src/cortexm/_reset_hardware.d" -MT"system/Src/cortexm/_reset_hardware.o" -c -o "system/Src/cortexm/_reset_hardware.o" "../system/Src/cortexm/_reset_hardware.c"
Finished building: ../system/Src/cortexm/_reset_hardware.c
 
Building file: ../system/Src/cortexm/exception_handlers.c
Invoking: GNU ARM Cross C Compiler
arm-none-eabi-gcc -mcpu=cortex-m4 -mthumb -mfloat-abi=soft -Og -fmessage-length=0 -fsigned-char -ffunction-sections -fdata-sections -ffreestanding -fno-move-loop-invariants -Wall -Wextra  -g3 -DDEBUG -DUSE_FULL_ASSERT -DTRACE -DOS_USE_TRACE_ITM -DSTM32F446xx -DUSE_HAL_DRIVER -DHSE_VALUE=24000000 -I"../Inc" -I"../system/Inc" -I"../system/Inc/cmsis" -I"../system/Inc/stm32f4-hal" -std=gnu11 -MMD -MP -MF"system/Src/cortexm/exception_handlers.d" -MT"system/Src/cortexm/exception_handlers.o" -c -o "system/Src/cortexm/exception_handlers.o" "../system/Src/cortexm/exception_handlers.c"
Finished building: ../system/Src/cortexm/exception_handlers.c
 
Building file: ../system/Src/cmsis/vectors_stm32f446xx.c
Invoking: GNU ARM Cross C Compiler
arm-none-eabi-gcc -mcpu=cortex-m4 -mthumb -mfloat-abi=soft -Og -fmessage-length=0 -fsigned-char -ffunction-sections -fdata-sections -ffreestanding -fno-move-loop-invariants -Wall -Wextra  -g3 -DDEBUG -DUSE_FULL_ASSERT -DTRACE -DOS_USE_TRACE_ITM -DSTM32F446xx -DUSE_HAL_DRIVER -DHSE_VALUE=24000000 -I"../Inc" -I"../system/Inc" -I"../system/Inc/cmsis" -I"../system/Inc/stm32f4-hal" -std=gnu11 -MMD -MP -MF"system/Src/cmsis/vectors_stm32f446xx.d" -MT"system/Src/cmsis/vectors_stm32f446xx.o" -c -o "system/Src/cmsis/vectors_stm32f446xx.o" "../system/Src/cmsis/vectors_stm32f446xx.c"
Finished building: ../system/Src/cmsis/vectors_stm32f446xx.c
 
Building file: ../Src/GPS.c
Invoking: GNU ARM Cross C Compiler
arm-none-eabi-gcc -mcpu=cortex-m4 -mthumb -mfloat-abi=soft -Og -fmessage-length=0 -fsigned-char -ffunction-sections -fdata-sections -ffreestanding -fno-move-loop-invariants -Wall -Wextra  -g3 -DDEBUG -DUSE_FULL_ASSERT -DTRACE -DOS_USE_TRACE_ITM -DSTM32F446xx -DUSE_HAL_DRIVER -DHSE_VALUE=24000000 -I"../Inc" -I"../system/Inc" -I"../system/Inc/cmsis" -I"../system/Inc/stm32f4-hal" -std=gnu11 -MMD -MP -MF"Src/GPS.d" -MT"Src/GPS.o" -c -o "Src/GPS.o" "../Src/GPS.c"
Finished building: ../Src/GPS.c
 
Building file: ../Src/_initialize_hardware.c
Invoking: GNU ARM Cross C Compiler
arm-none-eabi-gcc -mcpu=cortex-m4 -mthumb -mfloat-abi=soft -Og -fmessage-length=0 -fsigned-char -ffunction-sections -fdata-sections -ffreestanding -fno-move-loop-invariants -Wall -Wextra  -g3 -DDEBUG -DUSE_FULL_ASSERT -DTRACE -DOS_USE_TRACE_ITM -DSTM32F446xx -DUSE_HAL_DRIVER -DHSE_VALUE=24000000 -I"../Inc" -I"../system/Inc" -I"../system/Inc/cmsis" -I"../system/Inc/stm32f4-hal" -std=gnu11 -MMD -MP -MF"Src/_initialize_hardware.d" -MT"Src/_initialize_hardware.o" -c -o "Src/_initialize_hardware.o" "../Src/_initialize_hardware.c"
../Src/_initialize_hardware.c: In function 'SystemClock_Config':
../Src/_initialize_hardware.c:126:2: warning: #warning "Please check if the SystemClock_Config() settings match your board!" [-Wcpp]
 #warning "Please check if the SystemClock_Config() settings match your board!"
  ^
Finished building: ../Src/_initialize_hardware.c
 
Building file: ../Src/_write.c
Invoking: GNU ARM Cross C Compiler
arm-none-eabi-gcc -mcpu=cortex-m4 -mthumb -mfloat-abi=soft -Og -fmessage-length=0 -fsigned-char -ffunction-sections -fdata-sections -ffreestanding -fno-move-loop-invariants -Wall -Wextra  -g3 -DDEBUG -DUSE_FULL_ASSERT -DTRACE -DOS_USE_TRACE_ITM -DSTM32F446xx -DUSE_HAL_DRIVER -DHSE_VALUE=24000000 -I"../Inc" -I"../system/Inc" -I"../system/Inc/cmsis" -I"../system/Inc/stm32f4-hal" -std=gnu11 -MMD -MP -MF"Src/_write.d" -MT"Src/_write.o" -c -o "Src/_write.o" "../Src/_write.c"
Finished building: ../Src/_write.c
 
Building file: ../Src/commandline.c
Invoking: GNU ARM Cross C Compiler
arm-none-eabi-gcc -mcpu=cortex-m4 -mthumb -mfloat-abi=soft -Og -fmessage-length=0 -fsigned-char -ffunction-sections -fdata-sections -ffreestanding -fno-move-loop-invariants -Wall -Wextra  -g3 -DDEBUG -DUSE_FULL_ASSERT -DTRACE -DOS_USE_TRACE_ITM -DSTM32F446xx -DUSE_HAL_DRIVER -DHSE_VALUE=24000000 -I"../Inc" -I"../system/Inc" -I"../system/Inc/cmsis" -I"../system/Inc/stm32f4-hal" -std=gnu11 -MMD -MP -MF"Src/commandline.d" -MT"Src/commandline.o" -c -o "Src/commandline.o" "../Src/commandline.c"
../Src/commandline.c: In function 'buffer_init':
../Src/commandline.c:14:12: warning: assignment from incompatible pointer type [-Wincompatible-pointer-types]
   b->start = &(b->data);
            ^
../Src/commandline.c: In function 'buffer_read':
../Src/commandline.c:28:3: warning: implicit declaration of function 'assert' [-Wimplicit-function-declaration]
   assert(size<=b->filled);
   ^
../Src/commandline.c: In function 'parse_buffer':
../Src/commandline.c:73:13: warning: implicit declaration of function 'strcpy' [-Wimplicit-function-declaration]
             strcpy(command_buffer[n], command_buffer[n+1]);
             ^
../Src/commandline.c: In function 'serial_command':
../Src/commandline.c:96:11: warning: implicit declaration of function 'strtok' [-Wimplicit-function-declaration]
   token = strtok(cbuf, s);
           ^
../Src/commandline.c:96:9: warning: assignment makes pointer from integer without a cast [-Wint-conversion]
   token = strtok(cbuf, s);
         ^
../Src/commandline.c:100:11: warning: assignment makes pointer from integer without a cast [-Wint-conversion]
     token = strtok(NULL, s);
           ^
../Src/commandline.c:105:7: warning: implicit declaration of function 'strcmp' [-Wimplicit-function-declaration]
   if((strcmp(argv[0], "delay") == 0)){
       ^
../Src/commandline.c:106:12: warning: implicit declaration of function 'atoi' [-Wimplicit-function-declaration]
     return atoi(argv[1]);
            ^
../Src/commandline.c:111:39: warning: implicit declaration of function 'strlen' [-Wimplicit-function-declaration]
       HAL_UART_Transmit(&huart1, msg, strlen(msg), 0xff);
                                       ^
../Src/commandline.c:111:34: warning: pointer targets in passing argument 2 of 'HAL_UART_Transmit' differ in signedness [-Wpointer-sign]
       HAL_UART_Transmit(&huart1, msg, strlen(msg), 0xff);
                                  ^
In file included from ../Inc/stm32f4xx_hal_conf.h:368:0,
                 from ../system/Inc/stm32f4-hal/stm32f4xx_hal.h:48,
                 from ../Src/commandline.h:11,
                 from ../Src/commandline.c:8:
../system/Inc/stm32f4-hal/stm32f4xx_hal_uart.h:647:19: note: expected 'uint8_t * {aka unsigned char *}' but argument is of type 'char *'
 HAL_StatusTypeDef HAL_UART_Transmit(UART_HandleTypeDef *huart, uint8_t *pData, uint16_t Size, uint32_t Timeout);
                   ^
../Src/commandline.c:117:13: warning: pointer targets in passing argument 1 of 'print' differ in signedness [-Wpointer-sign]
       print("All memory cleared\r\n\0");
             ^
In file included from ../Src/commandline.c:8:0:
../Src/commandline.h:52:6: note: expected 'uint8_t * {aka unsigned char *}' but argument is of type 'char *'
 void print(uint8_t* message);
      ^
../Src/commandline.c:123:16: warning: pointer targets in passing argument 1 of 'snprintf' differ in signedness [-Wpointer-sign]
       snprintf(message, sizeof(message), "%d\r\n", tempfs.num_files);
                ^
In file included from c:\program files (x86)\gnu tools arm embedded\5.4 2016q2\arm-none-eabi\include\stdio.h:29:0,
                 from ../system/Inc/stm32f4-hal/stm32f4xx_hal_def.h:50,
                 from ../system/Inc/stm32f4-hal/stm32f4xx_hal_rcc.h:47,
                 from ../Inc/stm32f4xx_hal_conf.h:244,
                 from ../system/Inc/stm32f4-hal/stm32f4xx_hal.h:48,
                 from ../Src/commandline.h:11,
                 from ../Src/commandline.c:8:
c:\program files (x86)\gnu tools arm embedded\5.4 2016q2\arm-none-eabi\include\stdio.h:253:5: note: expected 'char * restrict' but argument is of type 'uint8_t * {aka unsigned char *}'
 int _EXFUN(snprintf, (char *__restrict, size_t, const char *__restrict, ...)
     ^
../Src/commandline.c:123:42: warning: format '%d' expects argument of type 'int', but argument 4 has type 'uint32_t {aka long unsigned int}' [-Wformat=]
       snprintf(message, sizeof(message), "%d\r\n", tempfs.num_files);
                                          ^
../Src/commandline.c:135:17: warning: pointer targets in passing argument 1 of 'print' differ in signedness [-Wpointer-sign]
           print("ERROR: INVALID FILE NUMBER\r\n\0");
                 ^
In file included from ../Src/commandline.c:8:0:
../Src/commandline.h:52:6: note: expected 'uint8_t * {aka unsigned char *}' but argument is of type 'char *'
 void print(uint8_t* message);
      ^
../Src/commandline.c:136:17: warning: pointer targets in passing argument 1 of 'print' differ in signedness [-Wpointer-sign]
           print("Hint: use \"numfiles\" to find out how many files there are\r\n\0");
                 ^
In file included from ../Src/commandline.c:8:0:
../Src/commandline.h:52:6: note: expected 'uint8_t * {aka unsigned char *}' but argument is of type 'char *'
 void print(uint8_t* message);
      ^
../Src/commandline.c:148:17: warning: pointer targets in passing argument 1 of 'print' differ in signedness [-Wpointer-sign]
           print("ERROR: INVALID FILE NUMBER\r\n\0");
                 ^
In file included from ../Src/commandline.c:8:0:
../Src/commandline.h:52:6: note: expected 'uint8_t * {aka unsigned char *}' but argument is of type 'char *'
 void print(uint8_t* message);
      ^
../Src/commandline.c:149:17: warning: pointer targets in passing argument 1 of 'print' differ in signedness [-Wpointer-sign]
           print("Hint: use \"numfiles\" to find out how many files there are\r\n\0");
                 ^
In file included from ../Src/commandline.c:8:0:
../Src/commandline.h:52:6: note: expected 'uint8_t * {aka unsigned char *}' but argument is of type 'char *'
 void print(uint8_t* message);
      ^
Finished building: ../Src/commandline.c
 
Building file: ../Src/flash.c
Invoking: GNU ARM Cross C Compiler
arm-none-eabi-gcc -mcpu=cortex-m4 -mthumb -mfloat-abi=soft -Og -fmessage-length=0 -fsigned-char -ffunction-sections -fdata-sections -ffreestanding -fno-move-loop-invariants -Wall -Wextra  -g3 -DDEBUG -DUSE_FULL_ASSERT -DTRACE -DOS_USE_TRACE_ITM -DSTM32F446xx -DUSE_HAL_DRIVER -DHSE_VALUE=24000000 -I"../Inc" -I"../system/Inc" -I"../system/Inc/cmsis" -I"../system/Inc/stm32f4-hal" -std=gnu11 -MMD -MP -MF"Src/flash.d" -MT"Src/flash.o" -c -o "Src/flash.o" "../Src/flash.c"
../Src/flash.c: In function 'new_log':
../Src/flash.c:191:15: warning: implicit declaration of function 'malloc' [-Wimplicit-function-declaration]
   file* log = malloc(sizeof(file));
               ^
../Src/flash.c:191:15: warning: initialization makes pointer from integer without a cast [-Wint-conversion]
../Src/flash.c: In function 'log_data':
../Src/flash.c:209:13: warning: comparison between signed and unsigned integer expressions [-Wsign-compare]
   if(length > f->bytes_free - 1){
             ^
../Src/flash.c: In function 'log_string':
../Src/flash.c:254:17: warning: implicit declaration of function 'strlen' [-Wimplicit-function-declaration]
   uint8_t len = strlen(str);
                 ^
../Src/flash.c:257:3: warning: implicit declaration of function 'strcpy' [-Wimplicit-function-declaration]
   strcpy((data)+1, str);
   ^
../Src/flash.c: In function 'close_log':
../Src/flash.c:280:3: warning: implicit declaration of function 'free' [-Wimplicit-function-declaration]
   free(f);
   ^
../Src/flash.c: In function 'print_file':
../Src/flash.c:296:12: warning: pointer targets in passing argument 1 of 'snprintf' differ in signedness [-Wpointer-sign]
   snprintf(line, sizeof(line), "Time(ms), byte, gyro x, gyro y, gyro z, accel x, accel y, accel z, barodata, string, \r\n\0");
            ^
In file included from c:\program files (x86)\gnu tools arm embedded\5.4 2016q2\arm-none-eabi\include\stdio.h:29:0,
                 from ../system/Inc/stm32f4-hal/stm32f4xx_hal_def.h:50,
                 from ../system/Inc/stm32f4-hal/stm32f4xx_hal_rcc.h:47,
                 from ../Inc/stm32f4xx_hal_conf.h:244,
                 from ../system/Inc/stm32f4-hal/stm32f4xx_hal.h:48,
                 from ../Src/flash.c:9:
c:\program files (x86)\gnu tools arm embedded\5.4 2016q2\arm-none-eabi\include\stdio.h:253:5: note: expected 'char * restrict' but argument is of type 'uint8_t * {aka unsigned char *}'
 int _EXFUN(snprintf, (char *__restrict, size_t, const char *__restrict, ...)
     ^
../Src/flash.c:296:32: warning: embedded '\0' in format [-Wformat-contains-nul]
   snprintf(line, sizeof(line), "Time(ms), byte, gyro x, gyro y, gyro z, accel x, accel y, accel z, barodata, string, \r\n\0");
                                ^
../Src/flash.c:353:20: warning: pointer targets in passing argument 1 of 'snprintf' differ in signedness [-Wpointer-sign]
           snprintf(line, sizeof(line), "%d,%d,%d,%d,%d,%d,%d,%d,%d,%d,%s,\r\n\0", time, base_index,
                    ^
In file included from c:\program files (x86)\gnu tools arm embedded\5.4 2016q2\arm-none-eabi\include\stdio.h:29:0,
                 from ../system/Inc/stm32f4-hal/stm32f4xx_hal_def.h:50,
                 from ../system/Inc/stm32f4-hal/stm32f4xx_hal_rcc.h:47,
                 from ../Inc/stm32f4xx_hal_conf.h:244,
                 from ../system/Inc/stm32f4-hal/stm32f4xx_hal.h:48,
                 from ../Src/flash.c:9:
c:\program files (x86)\gnu tools arm embedded\5.4 2016q2\arm-none-eabi\include\stdio.h:253:5: note: expected 'char * restrict' but argument is of type 'uint8_t * {aka unsigned char *}'
 int _EXFUN(snprintf, (char *__restrict, size_t, const char *__restrict, ...)
     ^
../Src/flash.c:353:40: warning: format '%d' expects argument of type 'int', but argument 4 has type 'uint32_t {aka long unsigned int}' [-Wformat=]
           snprintf(line, sizeof(line), "%d,%d,%d,%d,%d,%d,%d,%d,%d,%d,%s,\r\n\0", time, base_index,
                                        ^
../Src/flash.c:353:40: warning: format '%d' expects argument of type 'int', but argument 5 has type 'int32_t {aka long int}' [-Wformat=]
../Src/flash.c:353:40: warning: format '%d' expects argument of type 'int', but argument 9 has type 'int32_t {aka long int}' [-Wformat=]
../Src/flash.c:353:40: warning: format '%d' expects argument of type 'int', but argument 10 has type 'int32_t {aka long int}' [-Wformat=]
../Src/flash.c:353:40: warning: format '%d' expects argument of type 'int', but argument 11 has type 'int32_t {aka long int}' [-Wformat=]
../Src/flash.c:353:40: warning: format '%d' expects argument of type 'int', but argument 12 has type 'int32_t {aka long int}' [-Wformat=]
../Src/flash.c:353:40: warning: format '%d' expects argument of type 'int', but argument 13 has type 'uint8_t * {aka unsigned char *}' [-Wformat=]
../Src/flash.c:353:40: warning: format '%s' expects a matching 'char *' argument [-Wformat=]
../Src/flash.c:353:40: warning: embedded '\0' in format [-Wformat-contains-nul]
../Src/flash.c: In function 'load_page':
../Src/flash.c:63:1: warning: control reaches end of non-void function [-Wreturn-type]
 }
 ^
../Src/flash.c: In function 'flash_test':
../Src/flash.c:187:1: warning: control reaches end of non-void function [-Wreturn-type]
 }
 ^
../Src/flash.c: In function 'log_data':
../Src/flash.c:220:1: warning: control reaches end of non-void function [-Wreturn-type]
 }
 ^
Finished building: ../Src/flash.c
 
Building file: ../Src/main.c
Invoking: GNU ARM Cross C Compiler
arm-none-eabi-gcc -mcpu=cortex-m4 -mthumb -mfloat-abi=soft -Og -fmessage-length=0 -fsigned-char -ffunction-sections -fdata-sections -ffreestanding -fno-move-loop-invariants -Wall -Wextra  -g3 -DDEBUG -DUSE_FULL_ASSERT -DTRACE -DOS_USE_TRACE_ITM -DSTM32F446xx -DUSE_HAL_DRIVER -DHSE_VALUE=24000000 -I"../Inc" -I"../system/Inc" -I"../system/Inc/cmsis" -I"../system/Inc/stm32f4-hal" -std=gnu11 -MMD -MP -MF"Src/main.d" -MT"Src/main.o" -c -o "Src/main.o" "../Src/main.c"
../Src/main.c: In function 'main':
../Src/main.c:221:9: warning: pointer targets in passing argument 1 of 'print' differ in signedness [-Wpointer-sign]
   print("System Initilization Complete\n\0");
         ^
In file included from ../Src/main.c:74:0:
../Src/commandline.h:52:6: note: expected 'uint8_t * {aka unsigned char *}' but argument is of type 'char *'
 void print(uint8_t* message);
      ^
../Src/main.c: In function '_Error_Handler':
../Src/main.c:666:28: warning: unused parameter 'file' [-Wunused-parameter]
 void _Error_Handler(char * file, int line)
                            ^
../Src/main.c:666:38: warning: unused parameter 'line' [-Wunused-parameter]
 void _Error_Handler(char * file, int line)
                                      ^
../Src/main.c: In function 'assert_failed':
../Src/main.c:685:29: warning: unused parameter 'file' [-Wunused-parameter]
 void assert_failed(uint8_t* file, uint32_t line)
                             ^
../Src/main.c:685:44: warning: unused parameter 'line' [-Wunused-parameter]
 void assert_failed(uint8_t* file, uint32_t line)
                                            ^
Finished building: ../Src/main.c
 
Building file: ../Src/minmea.c
Invoking: GNU ARM Cross C Compiler
arm-none-eabi-gcc -mcpu=cortex-m4 -mthumb -mfloat-abi=soft -Og -fmessage-length=0 -fsigned-char -ffunction-sections -fdata-sections -ffreestanding -fno-move-loop-invariants -Wall -Wextra  -g3 -DDEBUG -DUSE_FULL_ASSERT -DTRACE -DOS_USE_TRACE_ITM -DSTM32F446xx -DUSE_HAL_DRIVER -DHSE_VALUE=24000000 -I"../Inc" -I"../system/Inc" -I"../system/Inc/cmsis" -I"../system/Inc/stm32f4-hal" -std=gnu11 -MMD -MP -MF"Src/minmea.d" -MT"Src/minmea.o" -c -o "Src/minmea.o" "../Src/minmea.c"
../Src/minmea.c: In function 'minmea_gettime':
../Src/minmea.c:635:24: warning: implicit declaration of function 'timegm' [-Wimplicit-function-declaration]
     time_t timestamp = timegm(&tm); /* See README.md if your system lacks timegm(). */
                        ^
Finished building: ../Src/minmea.c
 
Building file: ../Src/radio.c
Invoking: GNU ARM Cross C Compiler
arm-none-eabi-gcc -mcpu=cortex-m4 -mthumb -mfloat-abi=soft -Og -fmessage-length=0 -fsigned-char -ffunction-sections -fdata-sections -ffreestanding -fno-move-loop-invariants -Wall -Wextra  -g3 -DDEBUG -DUSE_FULL_ASSERT -DTRACE -DOS_USE_TRACE_ITM -DSTM32F446xx -DUSE_HAL_DRIVER -DHSE_VALUE=24000000 -I"../Inc" -I"../system/Inc" -I"../system/Inc/cmsis" -I"../system/Inc/stm32f4-hal" -std=gnu11 -MMD -MP -MF"Src/radio.d" -MT"Src/radio.o" -c -o "Src/radio.o" "../Src/radio.c"
Finished building: ../Src/radio.c
 
Building file: ../Src/sensors.c
Invoking: GNU ARM Cross C Compiler
arm-none-eabi-gcc -mcpu=cortex-m4 -mthumb -mfloat-abi=soft -Og -fmessage-length=0 -fsigned-char -ffunction-sections -fdata-sections -ffreestanding -fno-move-loop-invariants -Wall -Wextra  -g3 -DDEBUG -DUSE_FULL_ASSERT -DTRACE -DOS_USE_TRACE_ITM -DSTM32F446xx -DUSE_HAL_DRIVER -DHSE_VALUE=24000000 -I"../Inc" -I"../system/Inc" -I"../system/Inc/cmsis" -I"../system/Inc/stm32f4-hal" -std=gnu11 -MMD -MP -MF"Src/sensors.d" -MT"Src/sensors.o" -c -o "Src/sensors.o" "../Src/sensors.c"
../Src/sensors.c:71:1: warning: return type defaults to 'int' [-Wimplicit-int]
 init_gyros(void){
 ^
../Src/sensors.c:71:1: warning: conflicting types for 'init_gyros'
In file included from ../Src/sensors.c:11:0:
../Src/sensors.h:35:6: note: previous declaration of 'init_gyros' was here
 void init_gyros(void);
      ^
../Src/sensors.c: In function 'test_gyros':
../Src/sensors.c:196:36: warning: implicit declaration of function 'strlen' [-Wimplicit-function-declaration]
   HAL_UART_Transmit(&huart1, data, strlen(data), 0xff);
                                    ^
../Src/sensors.c:211:14: warning: pointer targets in passing argument 1 of 'snprintf' differ in signedness [-Wpointer-sign]
     snprintf(data, 100, "%d %d %d\r\n", avg_x, avg_y, avg_z);
              ^
In file included from c:\program files (x86)\gnu tools arm embedded\5.4 2016q2\arm-none-eabi\include\stdio.h:29:0,
                 from ../system/Inc/stm32f4-hal/stm32f4xx_hal_def.h:50,
                 from ../system/Inc/stm32f4-hal/stm32f4xx_hal_rcc.h:47,
                 from ../Inc/stm32f4xx_hal_conf.h:244,
                 from ../system/Inc/stm32f4-hal/stm32f4xx_hal.h:48,
                 from ../Src/sensors.c:10:
c:\program files (x86)\gnu tools arm embedded\5.4 2016q2\arm-none-eabi\include\stdio.h:253:5: note: expected 'char * restrict' but argument is of type 'uint8_t * {aka unsigned char *}'
 int _EXFUN(snprintf, (char *__restrict, size_t, const char *__restrict, ...)
     ^
../Src/sensors.c: In function 'test_accel':
../Src/sensors.c:273:16: warning: pointer targets in passing argument 1 of 'snprintf' differ in signedness [-Wpointer-sign]
       snprintf(data, 100, "%.3f %.3f %.3f\r\n", temp1, temp2, temp3); //X Y Z
                ^
In file included from c:\program files (x86)\gnu tools arm embedded\5.4 2016q2\arm-none-eabi\include\stdio.h:29:0,
                 from ../system/Inc/stm32f4-hal/stm32f4xx_hal_def.h:50,
                 from ../system/Inc/stm32f4-hal/stm32f4xx_hal_rcc.h:47,
                 from ../Inc/stm32f4xx_hal_conf.h:244,
                 from ../system/Inc/stm32f4-hal/stm32f4xx_hal.h:48,
                 from ../Src/sensors.c:10:
c:\program files (x86)\gnu tools arm embedded\5.4 2016q2\arm-none-eabi\include\stdio.h:253:5: note: expected 'char * restrict' but argument is of type 'uint8_t * {aka unsigned char *}'
 int _EXFUN(snprintf, (char *__restrict, size_t, const char *__restrict, ...)
     ^
../Src/sensors.c: In function 'conv_pres_baro':
../Src/sensors.c:378:30: warning: unused variable 'partialB' [-Wunused-variable]
   volatile int64_t partialA, partialB;
                              ^
../Src/sensors.c:376:24: warning: variable 'TEMP' set but not used [-Wunused-but-set-variable]
   volatile int32_t dT, TEMP;
                        ^
Finished building: ../Src/sensors.c
 
Building file: ../Src/stm32f4xx_hal_msp.c
Invoking: GNU ARM Cross C Compiler
arm-none-eabi-gcc -mcpu=cortex-m4 -mthumb -mfloat-abi=soft -Og -fmessage-length=0 -fsigned-char -ffunction-sections -fdata-sections -ffreestanding -fno-move-loop-invariants -Wall -Wextra  -g3 -DDEBUG -DUSE_FULL_ASSERT -DTRACE -DOS_USE_TRACE_ITM -DSTM32F446xx -DUSE_HAL_DRIVER -DHSE_VALUE=24000000 -I"../Inc" -I"../system/Inc" -I"../system/Inc/cmsis" -I"../system/Inc/stm32f4-hal" -std=gnu11 -Wno-missing-prototypes -Wno-missing-declarations -MMD -MP -MF"Src/stm32f4xx_hal_msp.d" -MT"Src/stm32f4xx_hal_msp.d" -c -o "Src/stm32f4xx_hal_msp.o" "../Src/stm32f4xx_hal_msp.c"
Finished building: ../Src/stm32f4xx_hal_msp.c
 
Building file: ../Src/stm32f4xx_it.c
Invoking: GNU ARM Cross C Compiler
arm-none-eabi-gcc -mcpu=cortex-m4 -mthumb -mfloat-abi=soft -Og -fmessage-length=0 -fsigned-char -ffunction-sections -fdata-sections -ffreestanding -fno-move-loop-invariants -Wall -Wextra  -g3 -DDEBUG -DUSE_FULL_ASSERT -DTRACE -DOS_USE_TRACE_ITM -DSTM32F446xx -DUSE_HAL_DRIVER -DHSE_VALUE=24000000 -I"../Inc" -I"../system/Inc" -I"../system/Inc/cmsis" -I"../system/Inc/stm32f4-hal" -std=gnu11 -MMD -MP -MF"Src/stm32f4xx_it.d" -MT"Src/stm32f4xx_it.o" -c -o "Src/stm32f4xx_it.o" "../Src/stm32f4xx_it.c"
../Src/stm32f4xx_it.c:367:1: warning: return type defaults to 'int' [-Wimplicit-int]
 HAL_TIM_PeriodElapsedCallback(TIM_HandleTypeDef *htim){
 ^
../Src/stm32f4xx_it.c:367:1: warning: conflicting types for 'HAL_TIM_PeriodElapsedCallback'
In file included from ../Inc/stm32f4xx_hal_conf.h:364:0,
                 from ../system/Inc/stm32f4-hal/stm32f4xx_hal.h:48,
                 from ../Src/stm32f4xx_it.c:34:
../system/Inc/stm32f4-hal/stm32f4xx_hal_tim.h:1304:6: note: previous declaration of 'HAL_TIM_PeriodElapsedCallback' was here
 void HAL_TIM_PeriodElapsedCallback(TIM_HandleTypeDef *htim);
      ^
Finished building: ../Src/stm32f4xx_it.c
 
Building file: ../Src/system_stm32f4xx.c
Invoking: GNU ARM Cross C Compiler
arm-none-eabi-gcc -mcpu=cortex-m4 -mthumb -mfloat-abi=soft -Og -fmessage-length=0 -fsigned-char -ffunction-sections -fdata-sections -ffreestanding -fno-move-loop-invariants -Wall -Wextra  -g3 -DDEBUG -DUSE_FULL_ASSERT -DTRACE -DOS_USE_TRACE_ITM -DSTM32F446xx -DUSE_HAL_DRIVER -DHSE_VALUE=24000000 -I"../Inc" -I"../system/Inc" -I"../system/Inc/cmsis" -I"../system/Inc/stm32f4-hal" -std=gnu11 -MMD -MP -MF"Src/system_stm32f4xx.d" -MT"Src/system_stm32f4xx.o" -c -o "Src/system_stm32f4xx.o" "../Src/system_stm32f4xx.c"
Finished building: ../Src/system_stm32f4xx.c
 
Building target: Flight_Computer_Core.elf
Invoking: GNU ARM Cross C++ Linker
arm-none-eabi-g++ -mcpu=cortex-m4 -mthumb -mfloat-abi=soft -Og -fmessage-length=0 -fsigned-char -ffunction-sections -fdata-sections -ffreestanding -fno-move-loop-invariants -Wall -Wextra  -g3 -T mem.ld -T libs.ld -T sections.ld -nostartfiles -Xlinker --gc-sections -L"../ldscripts" -Wl,-Map,"Flight_Computer_Core.map" -o "Flight_Computer_Core.elf"  ./system/Src/stm32f4-hal/stm32f4xx_hal.o ./system/Src/stm32f4-hal/stm32f4xx_hal_adc.o ./system/Src/stm32f4-hal/stm32f4xx_hal_cortex.o ./system/Src/stm32f4-hal/stm32f4xx_hal_dfsdm.o ./system/Src/stm32f4-hal/stm32f4xx_hal_dma.o ./system/Src/stm32f4-hal/stm32f4xx_hal_flash.o ./system/Src/stm32f4-hal/stm32f4xx_hal_gpio.o ./system/Src/stm32f4-hal/stm32f4xx_hal_iwdg.o ./system/Src/stm32f4-hal/stm32f4xx_hal_pwr.o ./system/Src/stm32f4-hal/stm32f4xx_hal_pwr_ex.o ./system/Src/stm32f4-hal/stm32f4xx_hal_rcc.o ./system/Src/stm32f4-hal/stm32f4xx_hal_spi.o ./system/Src/stm32f4-hal/stm32f4xx_hal_tim.o ./system/Src/stm32f4-hal/stm32f4xx_hal_tim_ex.o ./system/Src/stm32f4-hal/stm32f4xx_hal_uart.o  ./system/Src/newlib/_cxx.o ./system/Src/newlib/_exit.o ./system/Src/newlib/_sbrk.o ./system/Src/newlib/_startup.o ./system/Src/newlib/_syscalls.o ./system/Src/newlib/assert.o  ./system/Src/diag/Trace.o ./system/Src/diag/trace_impl.o  ./system/Src/cortexm/_initialize_hardware.o ./system/Src/cortexm/_reset_hardware.o ./system/Src/cortexm/exception_handlers.o  ./system/Src/cmsis/vectors_stm32f446xx.o  ./Src/GPS.o ./Src/_initialize_hardware.o ./Src/_write.o ./Src/commandline.o ./Src/flash.o ./Src/main.o ./Src/minmea.o ./Src/radio.o ./Src/sensors.o ./Src/stm32f4xx_hal_msp.o ./Src/stm32f4xx_it.o ./Src/system_stm32f4xx.o   
Finished building target: Flight_Computer_Core.elf
 
Invoking: GNU ARM Cross Create Flash Image
arm-none-eabi-objcopy -O ihex "Flight_Computer_Core.elf"  "Flight_Computer_Core.hex"
Finished building: Flight_Computer_Core.hex
 
Invoking: GNU ARM Cross Print Size
arm-none-eabi-size --format=berkeley "Flight_Computer_Core.elf"
   text	   data	    bss	    dec	    hex	filename
  43520	   2232	   3544	  49296	   c090	Flight_Computer_Core.elf
Finished building: Flight_Computer_Core.siz
 
